Archive member included because of file (symbol)

.\CortexM3\ARM_GCC_493\Release\TASBot.a(cyfitter_cfg.o)
                              .\CortexM3\ARM_GCC_493\Release\Cm3Start.o (symbol from plugin) (cyfitter_cfg)
.\CortexM3\ARM_GCC_493\Release\TASBot.a(CyBootAsmGnu.o)
                              cyfitter_cfg.o (symbol from plugin) (CyDelayCycles)
.\CortexM3\ARM_GCC_493\Release\TASBot.a(CyLib.o)
                              .\CortexM3\ARM_GCC_493\Release\Cm3Start.o (symbol from plugin) (CyHalt)
.\CortexM3\ARM_GCC_493\Release\TASBot.a(cyPm.o)
                              CyLib.o (symbol from plugin) (CyPmReadStatus)
.\CortexM3\ARM_GCC_493\Release\TASBot.a(P1_IRQ.o)
                              .\CortexM3\ARM_GCC_493\Release\main.o (symbol from plugin) (P1_IRQ_Start)
.\CortexM3\ARM_GCC_493\Release\TASBot.a(USBUART.o)
                              .\CortexM3\ARM_GCC_493\Release\main.o (symbol from plugin) (USBUART_Start)
.\CortexM3\ARM_GCC_493\Release\TASBot.a(USBUART_cdc.o)
                              .\CortexM3\ARM_GCC_493\Release\main.o (symbol from plugin) (USBUART_CDC_Init)
.\CortexM3\ARM_GCC_493\Release\TASBot.a(USBUART_drv.o)
                              USBUART.o (symbol from plugin) (USBUART_EP_0_ISR)
.\CortexM3\ARM_GCC_493\Release\TASBot.a(USBUART_episr.o)
                              USBUART.o (symbol from plugin) (USBUART_EP_1_ISR)
.\CortexM3\ARM_GCC_493\Release\TASBot.a(USBUART_pm.o)
                              USBUART.o (symbol from plugin) (USBUART_DP_ISR)
.\CortexM3\ARM_GCC_493\Release\TASBot.a(USBUART_std.o)
                              USBUART_pm.o (symbol from plugin) (USBUART_ConfigReg)
.\CortexM3\ARM_GCC_493\Release\TASBot.a(USBUART_vnd.o)
                              USBUART_drv.o (symbol from plugin) (USBUART_HandleVendorRqst)
.\CortexM3\ARM_GCC_493\Release\TASBot.a(USBUART_Dp.o)
                              USBUART_pm.o (symbol from plugin) (USBUART_Dp_ClearInterrupt)
.\CortexM3\ARM_GCC_493\Release\TASBot.a(Timer_1.o)
                              .\CortexM3\ARM_GCC_493\Release\main.o (symbol from plugin) (Timer_1_Write)
.\CortexM3\ARM_GCC_493\Release\TASBot.a(ConsolePort_1_WinTimer.o)
                              .\CortexM3\ARM_GCC_493\Release\main.o (symbol from plugin) (ConsolePort_1_WinTimer_Start)
.\CortexM3\ARM_GCC_493\Release\TASBot.a(ConsolePort_1_RegD0.o)
                              .\CortexM3\ARM_GCC_493\Release\main.o (symbol from plugin) (ConsolePort_1_RegD0_Start)
.\CortexM3\ARM_GCC_493\Release\TASBot.a(ConsolePort_1_RegD1.o)
                              .\CortexM3\ARM_GCC_493\Release\main.o (symbol from plugin) (ConsolePort_1_RegD1_Start)
.\CortexM3\ARM_GCC_493\Release\TASBot.a(CyFlash.o)
                              cyPm.o (symbol from plugin) (CyFlash_SetWaitCycles)
.\CortexM3\ARM_GCC_493\Release\TASBot.a(CySpc.o)
                              CyFlash.o (symbol from plugin) (CySpcStart)
.\CortexM3\ARM_GCC_493\Release\TASBot.a(USBUART_cls.o)
                              USBUART_drv.o (symbol from plugin) (USBUART_DispatchClassRqst)
.\CortexM3\ARM_GCC_493\Release\TASBot.a(USBUART_descr.o)
                              USBUART_std.o (symbol from plugin) (USBUART_idSerialNumberStringDescriptor)
c:/program files (x86)/cypress/psoc creator/3.3/psoc creator/import/gnu/arm/4.9.3/bin/../lib/gcc/arm-none-eabi/4.9.3/../../../../arm-none-eabi/lib/armv7-m\libg_nano.a(lib_a-errno.o)
                              .\CortexM3\ARM_GCC_493\Release\Cm3Start.o (symbol from plugin) (__errno)
c:/program files (x86)/cypress/psoc creator/3.3/psoc creator/import/gnu/arm/4.9.3/bin/../lib/gcc/arm-none-eabi/4.9.3/../../../../arm-none-eabi/lib/armv7-m\libg_nano.a(lib_a-exit.o)
                              c:/program files (x86)/cypress/psoc creator/3.3/psoc creator/import/gnu/arm/4.9.3/bin/../lib/gcc/arm-none-eabi/4.9.3/../../../../arm-none-eabi/lib/armv7-m/crt0.o (exit)
c:/program files (x86)/cypress/psoc creator/3.3/psoc creator/import/gnu/arm/4.9.3/bin/../lib/gcc/arm-none-eabi/4.9.3/../../../../arm-none-eabi/lib/armv7-m\libg_nano.a(lib_a-impure.o)
                              c:/program files (x86)/cypress/psoc creator/3.3/psoc creator/import/gnu/arm/4.9.3/bin/../lib/gcc/arm-none-eabi/4.9.3/../../../../arm-none-eabi/lib/armv7-m\libg_nano.a(lib_a-exit.o) (_global_impure_ptr)
c:/program files (x86)/cypress/psoc creator/3.3/psoc creator/import/gnu/arm/4.9.3/bin/../lib/gcc/arm-none-eabi/4.9.3/../../../../arm-none-eabi/lib/armv7-m\libg_nano.a(lib_a-init.o)
                              c:/program files (x86)/cypress/psoc creator/3.3/psoc creator/import/gnu/arm/4.9.3/bin/../lib/gcc/arm-none-eabi/4.9.3/../../../../arm-none-eabi/lib/armv7-m/crt0.o (__libc_init_array)
c:/program files (x86)/cypress/psoc creator/3.3/psoc creator/import/gnu/arm/4.9.3/bin/../lib/gcc/arm-none-eabi/4.9.3/../../../../arm-none-eabi/lib/armv7-m\libg_nano.a(lib_a-memset.o)
                              c:/program files (x86)/cypress/psoc creator/3.3/psoc creator/import/gnu/arm/4.9.3/bin/../lib/gcc/arm-none-eabi/4.9.3/../../../../arm-none-eabi/lib/armv7-m/crt0.o (memset)
c:/program files (x86)/cypress/psoc creator/3.3/psoc creator/import/gnu/arm/4.9.3/bin/../lib/gcc/arm-none-eabi/4.9.3/../../../../arm-none-eabi/lib/armv7-m\libnosys.a(_exit.o)
                              c:/program files (x86)/cypress/psoc creator/3.3/psoc creator/import/gnu/arm/4.9.3/bin/../lib/gcc/arm-none-eabi/4.9.3/../../../../arm-none-eabi/lib/armv7-m\libg_nano.a(lib_a-exit.o) (_exit)
c:/program files (x86)/cypress/psoc creator/3.3/psoc creator/import/gnu/arm/4.9.3/bin/../lib/gcc/arm-none-eabi/4.9.3/../../../../arm-none-eabi/lib/armv7-m\libg_nano.a(lib_a-memcpy.o)
                              C:\Users\Thomas\AppData\Local\Temp\ccqKdYG6.ltrans0.ltrans.o (memcpy)

Allocating common symbols
Common symbol       size              file

USBUART_interfaceSettingLast
                    0x2               USBUART_drv.o (symbol from plugin)
USBUART_idSerialNumberStringDescriptor
                    0x22              USBUART_descr.o (symbol from plugin)
USBUART_serialStateBitmap
                    0x4               USBUART_cdc.o (symbol from plugin)
USBUART_linesControlBitmap
                    0x4               USBUART_cdc.o (symbol from plugin)
USBUART_interfaceSetting
                    0x2               USBUART_drv.o (symbol from plugin)
dieTemperature      0x2               CyFlash.o (symbol from plugin)
USBUART_interfaceStatus
                    0x2               USBUART_drv.o (symbol from plugin)

Discarded input sections

 .text          0x00000000        0x0 c:/program files (x86)/cypress/psoc creator/3.3/psoc creator/import/gnu/arm/4.9.3/bin/../lib/gcc/arm-none-eabi/4.9.3/armv7-m/crti.o
 .data          0x00000000        0x0 c:/program files (x86)/cypress/psoc creator/3.3/psoc creator/import/gnu/arm/4.9.3/bin/../lib/gcc/arm-none-eabi/4.9.3/armv7-m/crti.o
 .bss           0x00000000        0x0 c:/program files (x86)/cypress/psoc creator/3.3/psoc creator/import/gnu/arm/4.9.3/bin/../lib/gcc/arm-none-eabi/4.9.3/armv7-m/crti.o
 .data          0x00000000        0x4 c:/program files (x86)/cypress/psoc creator/3.3/psoc creator/import/gnu/arm/4.9.3/bin/../lib/gcc/arm-none-eabi/4.9.3/armv7-m/crtbegin.o
 .text          0x00000000       0x74 c:/program files (x86)/cypress/psoc creator/3.3/psoc creator/import/gnu/arm/4.9.3/bin/../lib/gcc/arm-none-eabi/4.9.3/../../../../arm-none-eabi/lib/armv7-m/crt0.o
 .data          0x00000000        0x0 c:/program files (x86)/cypress/psoc creator/3.3/psoc creator/import/gnu/arm/4.9.3/bin/../lib/gcc/arm-none-eabi/4.9.3/../../../../arm-none-eabi/lib/armv7-m/crt0.o
 .bss           0x00000000        0x0 c:/program files (x86)/cypress/psoc creator/3.3/psoc creator/import/gnu/arm/4.9.3/bin/../lib/gcc/arm-none-eabi/4.9.3/../../../../arm-none-eabi/lib/armv7-m/crt0.o
 .ARM.extab     0x00000000        0x0 c:/program files (x86)/cypress/psoc creator/3.3/psoc creator/import/gnu/arm/4.9.3/bin/../lib/gcc/arm-none-eabi/4.9.3/../../../../arm-none-eabi/lib/armv7-m/crt0.o
 .ARM.exidx     0x00000000        0x8 c:/program files (x86)/cypress/psoc creator/3.3/psoc creator/import/gnu/arm/4.9.3/bin/../lib/gcc/arm-none-eabi/4.9.3/../../../../arm-none-eabi/lib/armv7-m/crt0.o
 .text          0x00000000        0x0 .\CortexM3\ARM_GCC_493\Release\main.o (symbol from plugin)
 .text          0x00000000        0x0 C:\Users\Thomas\AppData\Local\Temp\ccqKdYG6.ltrans0.ltrans.o
 .text          0x00000000        0x0 C:\Users\Thomas\AppData\Local\Temp\ccqKdYG6.ltrans1.ltrans.o
 .data          0x00000000        0x0 C:\Users\Thomas\AppData\Local\Temp\ccqKdYG6.ltrans1.ltrans.o
 .text._exit    0x00000000        0x4 C:\Users\Thomas\AppData\Local\Temp\ccqKdYG6.ltrans1.ltrans.o
 .text          0x00000000        0x0 C:\Users\Thomas\AppData\Local\Temp\ccqKdYG6.ltrans2.ltrans.o
 .text          0x00000000        0x0 c:/program files (x86)/cypress/psoc creator/3.3/psoc creator/import/gnu/arm/4.9.3/bin/../lib/gcc/arm-none-eabi/4.9.3/../../../../arm-none-eabi/lib/armv7-m\libg_nano.a(lib_a-memcpy.o)
 .data          0x00000000        0x0 c:/program files (x86)/cypress/psoc creator/3.3/psoc creator/import/gnu/arm/4.9.3/bin/../lib/gcc/arm-none-eabi/4.9.3/../../../../arm-none-eabi/lib/armv7-m\libg_nano.a(lib_a-memcpy.o)
 .bss           0x00000000        0x0 c:/program files (x86)/cypress/psoc creator/3.3/psoc creator/import/gnu/arm/4.9.3/bin/../lib/gcc/arm-none-eabi/4.9.3/../../../../arm-none-eabi/lib/armv7-m\libg_nano.a(lib_a-memcpy.o)
 .text          0x00000000        0x0 .\CortexM3\ARM_GCC_493\Release\cymetadata.o (symbol from plugin)
 .text          0x00000000        0x0 .\CortexM3\ARM_GCC_493\Release\Cm3Start.o (symbol from plugin)
 .text          0x00000000        0x0 cyfitter_cfg.o (symbol from plugin)
 .data          0x00000000        0x0 .\CortexM3\ARM_GCC_493\Release\TASBot.a(CyBootAsmGnu.o)
 .bss           0x00000000        0x0 .\CortexM3\ARM_GCC_493\Release\TASBot.a(CyBootAsmGnu.o)
 .text          0x00000000        0x0 CyLib.o (symbol from plugin)
 .text          0x00000000        0x0 cyPm.o (symbol from plugin)
 .text          0x00000000        0x0 P1_IRQ.o (symbol from plugin)
 .text          0x00000000        0x0 USBUART.o (symbol from plugin)
 .text          0x00000000        0x0 USBUART_cdc.o (symbol from plugin)
 .text          0x00000000        0x0 USBUART_drv.o (symbol from plugin)
 .text          0x00000000        0x0 USBUART_episr.o (symbol from plugin)
 .text          0x00000000        0x0 USBUART_pm.o (symbol from plugin)
 .text          0x00000000        0x0 USBUART_std.o (symbol from plugin)
 .text          0x00000000        0x0 USBUART_vnd.o (symbol from plugin)
 .text          0x00000000        0x0 USBUART_Dp.o (symbol from plugin)
 .text          0x00000000        0x0 Timer_1.o (symbol from plugin)
 .text          0x00000000        0x0 ConsolePort_1_WinTimer.o (symbol from plugin)
 .text          0x00000000        0x0 ConsolePort_1_RegD0.o (symbol from plugin)
 .text          0x00000000        0x0 ConsolePort_1_RegD1.o (symbol from plugin)
 .text          0x00000000        0x0 CyFlash.o (symbol from plugin)
 .text          0x00000000        0x0 CySpc.o (symbol from plugin)
 .text          0x00000000        0x0 USBUART_cls.o (symbol from plugin)
 .text          0x00000000        0x0 USBUART_descr.o (symbol from plugin)
 .text          0x00000000        0x0 c:/program files (x86)/cypress/psoc creator/3.3/psoc creator/import/gnu/arm/4.9.3/bin/../lib/gcc/arm-none-eabi/4.9.3/../../../../arm-none-eabi/lib/armv7-m\libg_nano.a(lib_a-errno.o)
 .data          0x00000000        0x0 c:/program files (x86)/cypress/psoc creator/3.3/psoc creator/import/gnu/arm/4.9.3/bin/../lib/gcc/arm-none-eabi/4.9.3/../../../../arm-none-eabi/lib/armv7-m\libg_nano.a(lib_a-errno.o)
 .bss           0x00000000        0x0 c:/program files (x86)/cypress/psoc creator/3.3/psoc creator/import/gnu/arm/4.9.3/bin/../lib/gcc/arm-none-eabi/4.9.3/../../../../arm-none-eabi/lib/armv7-m\libg_nano.a(lib_a-errno.o)
 .text.__errno  0x00000000        0xc c:/program files (x86)/cypress/psoc creator/3.3/psoc creator/import/gnu/arm/4.9.3/bin/../lib/gcc/arm-none-eabi/4.9.3/../../../../arm-none-eabi/lib/armv7-m\libg_nano.a(lib_a-errno.o)
 .text          0x00000000        0x0 c:/program files (x86)/cypress/psoc creator/3.3/psoc creator/import/gnu/arm/4.9.3/bin/../lib/gcc/arm-none-eabi/4.9.3/../../../../arm-none-eabi/lib/armv7-m\libg_nano.a(lib_a-exit.o)
 .data          0x00000000        0x0 c:/program files (x86)/cypress/psoc creator/3.3/psoc creator/import/gnu/arm/4.9.3/bin/../lib/gcc/arm-none-eabi/4.9.3/../../../../arm-none-eabi/lib/armv7-m\libg_nano.a(lib_a-exit.o)
 .bss           0x00000000        0x0 c:/program files (x86)/cypress/psoc creator/3.3/psoc creator/import/gnu/arm/4.9.3/bin/../lib/gcc/arm-none-eabi/4.9.3/../../../../arm-none-eabi/lib/armv7-m\libg_nano.a(lib_a-exit.o)
 .text.exit     0x00000000       0x28 c:/program files (x86)/cypress/psoc creator/3.3/psoc creator/import/gnu/arm/4.9.3/bin/../lib/gcc/arm-none-eabi/4.9.3/../../../../arm-none-eabi/lib/armv7-m\libg_nano.a(lib_a-exit.o)
 .text          0x00000000        0x0 c:/program files (x86)/cypress/psoc creator/3.3/psoc creator/import/gnu/arm/4.9.3/bin/../lib/gcc/arm-none-eabi/4.9.3/../../../../arm-none-eabi/lib/armv7-m\libg_nano.a(lib_a-impure.o)
 .data          0x00000000        0x0 c:/program files (x86)/cypress/psoc creator/3.3/psoc creator/import/gnu/arm/4.9.3/bin/../lib/gcc/arm-none-eabi/4.9.3/../../../../arm-none-eabi/lib/armv7-m\libg_nano.a(lib_a-impure.o)
 .bss           0x00000000        0x0 c:/program files (x86)/cypress/psoc creator/3.3/psoc creator/import/gnu/arm/4.9.3/bin/../lib/gcc/arm-none-eabi/4.9.3/../../../../arm-none-eabi/lib/armv7-m\libg_nano.a(lib_a-impure.o)
 .data.impure_data
                0x00000000       0x60 c:/program files (x86)/cypress/psoc creator/3.3/psoc creator/import/gnu/arm/4.9.3/bin/../lib/gcc/arm-none-eabi/4.9.3/../../../../arm-none-eabi/lib/armv7-m\libg_nano.a(lib_a-impure.o)
 .data._impure_ptr
                0x00000000        0x4 c:/program files (x86)/cypress/psoc creator/3.3/psoc creator/import/gnu/arm/4.9.3/bin/../lib/gcc/arm-none-eabi/4.9.3/../../../../arm-none-eabi/lib/armv7-m\libg_nano.a(lib_a-impure.o)
 .rodata.str1.1
                0x00000000        0x2 c:/program files (x86)/cypress/psoc creator/3.3/psoc creator/import/gnu/arm/4.9.3/bin/../lib/gcc/arm-none-eabi/4.9.3/../../../../arm-none-eabi/lib/armv7-m\libg_nano.a(lib_a-impure.o)
 .rodata._global_impure_ptr
                0x00000000        0x4 c:/program files (x86)/cypress/psoc creator/3.3/psoc creator/import/gnu/arm/4.9.3/bin/../lib/gcc/arm-none-eabi/4.9.3/../../../../arm-none-eabi/lib/armv7-m\libg_nano.a(lib_a-impure.o)
 .text          0x00000000        0x0 c:/program files (x86)/cypress/psoc creator/3.3/psoc creator/import/gnu/arm/4.9.3/bin/../lib/gcc/arm-none-eabi/4.9.3/../../../../arm-none-eabi/lib/armv7-m\libg_nano.a(lib_a-init.o)
 .data          0x00000000        0x0 c:/program files (x86)/cypress/psoc creator/3.3/psoc creator/import/gnu/arm/4.9.3/bin/../lib/gcc/arm-none-eabi/4.9.3/../../../../arm-none-eabi/lib/armv7-m\libg_nano.a(lib_a-init.o)
 .bss           0x00000000        0x0 c:/program files (x86)/cypress/psoc creator/3.3/psoc creator/import/gnu/arm/4.9.3/bin/../lib/gcc/arm-none-eabi/4.9.3/../../../../arm-none-eabi/lib/armv7-m\libg_nano.a(lib_a-init.o)
 .text          0x00000000        0x0 c:/program files (x86)/cypress/psoc creator/3.3/psoc creator/import/gnu/arm/4.9.3/bin/../lib/gcc/arm-none-eabi/4.9.3/../../../../arm-none-eabi/lib/armv7-m\libg_nano.a(lib_a-memset.o)
 .data          0x00000000        0x0 c:/program files (x86)/cypress/psoc creator/3.3/psoc creator/import/gnu/arm/4.9.3/bin/../lib/gcc/arm-none-eabi/4.9.3/../../../../arm-none-eabi/lib/armv7-m\libg_nano.a(lib_a-memset.o)
 .bss           0x00000000        0x0 c:/program files (x86)/cypress/psoc creator/3.3/psoc creator/import/gnu/arm/4.9.3/bin/../lib/gcc/arm-none-eabi/4.9.3/../../../../arm-none-eabi/lib/armv7-m\libg_nano.a(lib_a-memset.o)
 .text          0x00000000        0x0 c:/program files (x86)/cypress/psoc creator/3.3/psoc creator/import/gnu/arm/4.9.3/bin/../lib/gcc/arm-none-eabi/4.9.3/armv7-m/crtend.o
 .data          0x00000000        0x0 c:/program files (x86)/cypress/psoc creator/3.3/psoc creator/import/gnu/arm/4.9.3/bin/../lib/gcc/arm-none-eabi/4.9.3/armv7-m/crtend.o
 .bss           0x00000000        0x0 c:/program files (x86)/cypress/psoc creator/3.3/psoc creator/import/gnu/arm/4.9.3/bin/../lib/gcc/arm-none-eabi/4.9.3/armv7-m/crtend.o
 .text          0x00000000        0x0 c:/program files (x86)/cypress/psoc creator/3.3/psoc creator/import/gnu/arm/4.9.3/bin/../lib/gcc/arm-none-eabi/4.9.3/armv7-m/crtn.o
 .data          0x00000000        0x0 c:/program files (x86)/cypress/psoc creator/3.3/psoc creator/import/gnu/arm/4.9.3/bin/../lib/gcc/arm-none-eabi/4.9.3/armv7-m/crtn.o
 .bss           0x00000000        0x0 c:/program files (x86)/cypress/psoc creator/3.3/psoc creator/import/gnu/arm/4.9.3/bin/../lib/gcc/arm-none-eabi/4.9.3/armv7-m/crtn.o
 .text          0x00000000        0x0 c:/program files (x86)/cypress/psoc creator/3.3/psoc creator/import/gnu/arm/4.9.3/bin/../lib/gcc/arm-none-eabi/4.9.3/../../../../arm-none-eabi/lib/armv7-m\libnosys.a(_exit.o)
 .data          0x00000000        0x0 c:/program files (x86)/cypress/psoc creator/3.3/psoc creator/import/gnu/arm/4.9.3/bin/../lib/gcc/arm-none-eabi/4.9.3/../../../../arm-none-eabi/lib/armv7-m\libnosys.a(_exit.o)
 .bss           0x00000000        0x0 c:/program files (x86)/cypress/psoc creator/3.3/psoc creator/import/gnu/arm/4.9.3/bin/../lib/gcc/arm-none-eabi/4.9.3/../../../../arm-none-eabi/lib/armv7-m\libnosys.a(_exit.o)
 .text._exit    0x00000000        0x4 c:/program files (x86)/cypress/psoc creator/3.3/psoc creator/import/gnu/arm/4.9.3/bin/../lib/gcc/arm-none-eabi/4.9.3/../../../../arm-none-eabi/lib/armv7-m\libnosys.a(_exit.o)

Memory Configuration

Name             Origin             Length             Attributes
rom              0x00000000         0x00040000         xr
ram              0x1fff8000         0x00010000         xrw
*default*        0x00000000         0xffffffff

Linker script and memory map

LOAD c:/program files (x86)/cypress/psoc creator/3.3/psoc creator/import/gnu/arm/4.9.3/bin/../lib/gcc/arm-none-eabi/4.9.3/armv7-m/crti.o
LOAD c:/program files (x86)/cypress/psoc creator/3.3/psoc creator/import/gnu/arm/4.9.3/bin/../lib/gcc/arm-none-eabi/4.9.3/armv7-m/crtbegin.o
LOAD c:/program files (x86)/cypress/psoc creator/3.3/psoc creator/import/gnu/arm/4.9.3/bin/../lib/gcc/arm-none-eabi/4.9.3/../../../../arm-none-eabi/lib/armv7-m/crt0.o
START GROUP
LOAD .\CortexM3\ARM_GCC_493\Release\main.o
LOAD C:\Users\Thomas\AppData\Local\Temp\ccqKdYG6.ltrans0.ltrans.o
LOAD C:\Users\Thomas\AppData\Local\Temp\ccqKdYG6.ltrans1.ltrans.o
LOAD C:\Users\Thomas\AppData\Local\Temp\ccqKdYG6.ltrans2.ltrans.o
LOAD c:/program files (x86)/cypress/psoc creator/3.3/psoc creator/import/gnu/arm/4.9.3/bin/../lib/gcc/arm-none-eabi/4.9.3/armv7-m\libgcc.a
LOAD c:/program files (x86)/cypress/psoc creator/3.3/psoc creator/import/gnu/arm/4.9.3/bin/../lib/gcc/arm-none-eabi/4.9.3/../../../../arm-none-eabi/lib/armv7-m\libg_nano.a
LOAD c:/program files (x86)/cypress/psoc creator/3.3/psoc creator/import/gnu/arm/4.9.3/bin/../lib/gcc/arm-none-eabi/4.9.3/../../../../arm-none-eabi/lib/armv7-m\libc_nano.a
LOAD c:/program files (x86)/cypress/psoc creator/3.3/psoc creator/import/gnu/arm/4.9.3/bin/../lib/gcc/arm-none-eabi/4.9.3/armv7-m\libgcc.a
LOAD c:/program files (x86)/cypress/psoc creator/3.3/psoc creator/import/gnu/arm/4.9.3/bin/../lib/gcc/arm-none-eabi/4.9.3/../../../../arm-none-eabi/lib/armv7-m\libc_nano.a
LOAD .\CortexM3\ARM_GCC_493\Release\cymetadata.o
LOAD .\CortexM3\ARM_GCC_493\Release\Cm3Start.o
LOAD .\CortexM3\ARM_GCC_493\Release\TASBot.a
LOAD C:\Program Files (x86)\Cypress\PSoC Creator\3.3\PSoC Creator\psoc\content\cycomponentlibrary\CyComponentLibrary.cylib\CortexM3\ARM_GCC_493\Release\CyComponentLibrary.a
END GROUP
START GROUP
LOAD c:/program files (x86)/cypress/psoc creator/3.3/psoc creator/import/gnu/arm/4.9.3/bin/../lib/gcc/arm-none-eabi/4.9.3/armv7-m\libgcc.a
LOAD c:/program files (x86)/cypress/psoc creator/3.3/psoc creator/import/gnu/arm/4.9.3/bin/../lib/gcc/arm-none-eabi/4.9.3/../../../../arm-none-eabi/lib/armv7-m\libg_nano.a
LOAD c:/program files (x86)/cypress/psoc creator/3.3/psoc creator/import/gnu/arm/4.9.3/bin/../lib/gcc/arm-none-eabi/4.9.3/../../../../arm-none-eabi/lib/armv7-m\libc_nano.a
END GROUP
START GROUP
LOAD c:/program files (x86)/cypress/psoc creator/3.3/psoc creator/import/gnu/arm/4.9.3/bin/../lib/gcc/arm-none-eabi/4.9.3/armv7-m\libgcc.a
LOAD c:/program files (x86)/cypress/psoc creator/3.3/psoc creator/import/gnu/arm/4.9.3/bin/../lib/gcc/arm-none-eabi/4.9.3/../../../../arm-none-eabi/lib/armv7-m\libc_nano.a
END GROUP
LOAD c:/program files (x86)/cypress/psoc creator/3.3/psoc creator/import/gnu/arm/4.9.3/bin/../lib/gcc/arm-none-eabi/4.9.3/armv7-m/crtend.o
LOAD c:/program files (x86)/cypress/psoc creator/3.3/psoc creator/import/gnu/arm/4.9.3/bin/../lib/gcc/arm-none-eabi/4.9.3/armv7-m/crtn.o
START GROUP
LOAD c:/program files (x86)/cypress/psoc creator/3.3/psoc creator/import/gnu/arm/4.9.3/bin/../lib/gcc/arm-none-eabi/4.9.3/armv7-m\libgcc.a
LOAD c:/program files (x86)/cypress/psoc creator/3.3/psoc creator/import/gnu/arm/4.9.3/bin/../lib/gcc/arm-none-eabi/4.9.3/../../../../arm-none-eabi/lib/armv7-m\libc.a
LOAD c:/program files (x86)/cypress/psoc creator/3.3/psoc creator/import/gnu/arm/4.9.3/bin/../lib/gcc/arm-none-eabi/4.9.3/../../../../arm-none-eabi/lib/armv7-m\libnosys.a
END GROUP
                0x00000000                CY_APPL_ORIGIN = 0x0
                0x00000100                CY_FLASH_ROW_SIZE = 0x100
                0x00000020                CY_ECC_ROW_SIZE = 0x20
                0x00000000                CY_EE_IN_BTLDR = 0x0
                0x00000000                CY_APPL_LOADABLE = 0x0
                0x00000800                CY_EE_SIZE = 0x800
                0x00000001                CY_APPL_NUM = 0x1
                0x00000001                CY_APPL_MAX = 0x1
                0x00000040                CY_METADATA_SIZE = 0x40
                0x00000000                CY_APPL_LOADABLE = 0x0
                0x00000000                CY_CHECKSUM_EXCLUDE_SIZE = ALIGN (0x0, CY_FLASH_ROW_SIZE)
                0x20000258                PROVIDE (__cy_heap_start, _end)
                0x00000001                PROVIDE (__cy_region_num, ((__cy_regions_end - __cy_regions) / 0x10))
                0x20008000                PROVIDE (__cy_stack, (ORIGIN (ram) + 0x10000))
                0x20007800                PROVIDE (__cy_heap_end, (__cy_stack - 0x800))

.cybootloader   0x00000000        0x0
 *(.cybootloader)
                0x00000000                appl1_start = CY_APPL_ORIGIN?CY_APPL_ORIGIN:ALIGN (CY_FLASH_ROW_SIZE)
                0x0001ff00                appl2_start = (appl1_start + ALIGN ((((0x40000 - appl1_start) - (0x2 * CY_FLASH_ROW_SIZE)) / 0x2), CY_FLASH_ROW_SIZE))
                0x00000000                appl_start = (CY_APPL_NUM == 0x1)?appl1_start:appl2_start
                0x00000000                ecc_offset = ((appl_start / CY_FLASH_ROW_SIZE) * CY_ECC_ROW_SIZE)
                0x00000000                ee_offset = (CY_APPL_LOADABLE && ! (CY_EE_IN_BTLDR))?((CY_EE_SIZE / CY_APPL_MAX) * (CY_APPL_NUM - 0x1)):0x0
                0x00000800                ee_size = (CY_APPL_LOADABLE && ! (CY_EE_IN_BTLDR))?(CY_EE_SIZE / CY_APPL_MAX):CY_EE_SIZE
                0x00000000                PROVIDE (CY_ECC_OFFSET, ecc_offset)

.text           0x00000000     0x2124
 CREATE_OBJECT_SYMBOLS
                0x00000000                PROVIDE (__cy_interrupt_vector, RomVectors)
 *(.romvectors)
 .romvectors    0x00000000       0x10 C:\Users\Thomas\AppData\Local\Temp\ccqKdYG6.ltrans0.ltrans.o
                0x00000001                ASSERT ((. != __cy_interrupt_vector), No interrupt vector)
                0x00000001                ASSERT (CY_APPL_ORIGIN?(SIZEOF (.cybootloader) <= CY_APPL_ORIGIN):0x1, Wrong image location)
                0x00000010                PROVIDE (__cy_reset, Reset)
 *(.text.Reset)
 .text.Reset    0x00000010       0x64 C:\Users\Thomas\AppData\Local\Temp\ccqKdYG6.ltrans0.ltrans.o
                0x00000010                Reset
                0x00000001                ASSERT ((. != __cy_reset), No reset code)
 *(.dma_init)
                0x00000001                ASSERT ((((appl_start + .) <= 0x10000) || 0x1), DMA Init must be within the first 64k of flash)
 *(.text .text.* .gnu.linkonce.t.*)
 .text          0x00000074       0x5c c:/program files (x86)/cypress/psoc creator/3.3/psoc creator/import/gnu/arm/4.9.3/bin/../lib/gcc/arm-none-eabi/4.9.3/armv7-m/crtbegin.o
 .text.P1_IRQ_Interrupt
                0x000000d0       0x7c C:\Users\Thomas\AppData\Local\Temp\ccqKdYG6.ltrans0.ltrans.o
                0x000000d0                P1_IRQ_Interrupt
 .text.USBUART_EP_0_ISR
                0x0000014c      0xd4c C:\Users\Thomas\AppData\Local\Temp\ccqKdYG6.ltrans0.ltrans.o
                0x0000014c                USBUART_EP_0_ISR
 .text.CyDelayUs
                0x00000e98        0xc C:\Users\Thomas\AppData\Local\Temp\ccqKdYG6.ltrans0.ltrans.o
                0x00000e98                CyDelayUs
 .text.startup.initialize_psoc
                0x00000ea4      0x2e8 C:\Users\Thomas\AppData\Local\Temp\ccqKdYG6.ltrans0.ltrans.o
 .text.IntDefaultHandler
                0x0000118c        0x4 C:\Users\Thomas\AppData\Local\Temp\ccqKdYG6.ltrans1.ltrans.o
                0x0000118c                IntDefaultHandler
 .text.startup.main
                0x00001190      0xaac C:\Users\Thomas\AppData\Local\Temp\ccqKdYG6.ltrans1.ltrans.o
                0x00001190                main
 .text.USBUART_DP_ISR
                0x00001c3c        0xc C:\Users\Thomas\AppData\Local\Temp\ccqKdYG6.ltrans2.ltrans.o
                0x00001c3c                USBUART_DP_ISR
 .text.USBUART_BUS_RESET_ISR
                0x00001c48       0x30 C:\Users\Thomas\AppData\Local\Temp\ccqKdYG6.ltrans2.ltrans.o
                0x00001c48                USBUART_BUS_RESET_ISR
 .text.USBUART_SOF_ISR
                0x00001c78        0x4 C:\Users\Thomas\AppData\Local\Temp\ccqKdYG6.ltrans2.ltrans.o
                0x00001c78                USBUART_SOF_ISR
 .text.USBUART_EP_3_ISR
                0x00001c7c       0x40 C:\Users\Thomas\AppData\Local\Temp\ccqKdYG6.ltrans2.ltrans.o
                0x00001c7c                USBUART_EP_3_ISR
 .text.USBUART_EP_2_ISR
                0x00001cbc       0x40 C:\Users\Thomas\AppData\Local\Temp\ccqKdYG6.ltrans2.ltrans.o
                0x00001cbc                USBUART_EP_2_ISR
 .text.USBUART_EP_1_ISR
                0x00001cfc       0x34 C:\Users\Thomas\AppData\Local\Temp\ccqKdYG6.ltrans2.ltrans.o
                0x00001cfc                USBUART_EP_1_ISR
 .text.USBUART_InitControlRead
                0x00001d30      0x208 C:\Users\Thomas\AppData\Local\Temp\ccqKdYG6.ltrans2.ltrans.o
                0x00001d30                USBUART_InitControlRead
 .text.USBUART_DispatchClassRqst
                0x00001f38      0x154 C:\Users\Thomas\AppData\Local\Temp\ccqKdYG6.ltrans2.ltrans.o
                0x00001f38                USBUART_DispatchClassRqst
 .text.memcpy   0x0000208c       0x16 c:/program files (x86)/cypress/psoc creator/3.3/psoc creator/import/gnu/arm/4.9.3/bin/../lib/gcc/arm-none-eabi/4.9.3/../../../../arm-none-eabi/lib/armv7-m\libg_nano.a(lib_a-memcpy.o)
                0x0000208c                memcpy
 *fill*         0x000020a2        0x6 
 .text          0x000020a8       0x20 .\CortexM3\ARM_GCC_493\Release\TASBot.a(CyBootAsmGnu.o)
                0x000020a8                CyDelayCycles
                0x000020b8                CyEnterCriticalSection
                0x000020c0                CyExitCriticalSection
 .text.__libc_init_array
                0x000020c8       0x4c c:/program files (x86)/cypress/psoc creator/3.3/psoc creator/import/gnu/arm/4.9.3/bin/../lib/gcc/arm-none-eabi/4.9.3/../../../../arm-none-eabi/lib/armv7-m\libg_nano.a(lib_a-init.o)
                0x000020c8                __libc_init_array
 .text.memset   0x00002114       0x10 c:/program files (x86)/cypress/psoc creator/3.3/psoc creator/import/gnu/arm/4.9.3/bin/../lib/gcc/arm-none-eabi/4.9.3/../../../../arm-none-eabi/lib/armv7-m\libg_nano.a(lib_a-memset.o)
                0x00002114                memset
 *(.plt)
 *(.gnu.warning)
 *(.glue_7t)
 .glue_7t       0x00000000        0x0 linker stubs
 *(.glue_7)
 .glue_7        0x00000000        0x0 linker stubs
 *(.vfp11_veneer)
 .vfp11_veneer  0x00000000        0x0 linker stubs
 *(.bootloader)
 *(.ARM.extab* .gnu.linkonce.armextab.*)
 *(.gcc_except_table)

.v4_bx          0x00002124        0x0
 .v4_bx         0x00000000        0x0 linker stubs

.iplt           0x00002124        0x0
 .iplt          0x00000000        0x0 c:/program files (x86)/cypress/psoc creator/3.3/psoc creator/import/gnu/arm/4.9.3/bin/../lib/gcc/arm-none-eabi/4.9.3/armv7-m/crtbegin.o

.eh_frame_hdr
 *(.eh_frame_hdr)

.eh_frame       0x00002124        0x4
 *(.eh_frame)
 .eh_frame      0x00002124        0x0 c:/program files (x86)/cypress/psoc creator/3.3/psoc creator/import/gnu/arm/4.9.3/bin/../lib/gcc/arm-none-eabi/4.9.3/armv7-m/crtbegin.o
 .eh_frame      0x00002124        0x4 c:/program files (x86)/cypress/psoc creator/3.3/psoc creator/import/gnu/arm/4.9.3/bin/../lib/gcc/arm-none-eabi/4.9.3/armv7-m/crtend.o
                0x00002128                PROVIDE (__exidx_start, .)

.ARM.exidx
 *(.ARM.exidx* .gnu.linkonce.armexidx.*)
                0x00002128                __exidx_end = .

.rodata         0x00002128      0x188
 *(.rodata .rodata.* .gnu.linkonce.r.*)
 .rodata        0x00002128      0x140 C:\Users\Thomas\AppData\Local\Temp\ccqKdYG6.ltrans0.ltrans.o
 .rodata.str1.4
                0x00002268       0x14 C:\Users\Thomas\AppData\Local\Temp\ccqKdYG6.ltrans0.ltrans.o
                0x0000227c                . = ALIGN (0x4)
 *(.init)
 .init          0x0000227c        0x4 c:/program files (x86)/cypress/psoc creator/3.3/psoc creator/import/gnu/arm/4.9.3/bin/../lib/gcc/arm-none-eabi/4.9.3/armv7-m/crti.o
                0x0000227c                _init
 .init          0x00002280        0x8 c:/program files (x86)/cypress/psoc creator/3.3/psoc creator/import/gnu/arm/4.9.3/bin/../lib/gcc/arm-none-eabi/4.9.3/armv7-m/crtn.o
                0x00002288                . = ALIGN (0x4)
                0x00002288                __preinit_array_start = .
 *(.preinit_array)
                0x00002288                __preinit_array_end = .
                0x00002288                . = ALIGN (0x4)
                0x00002288                __init_array_start = .
 *(SORT(.init_array.*))
 *(.init_array)
 .init_array    0x00002288        0x4 c:/program files (x86)/cypress/psoc creator/3.3/psoc creator/import/gnu/arm/4.9.3/bin/../lib/gcc/arm-none-eabi/4.9.3/armv7-m/crtbegin.o
 .init_array    0x0000228c        0x4 C:\Users\Thomas\AppData\Local\Temp\ccqKdYG6.ltrans0.ltrans.o
                0x00002290                __init_array_end = .
                0x00002290                . = ALIGN (0x4)
 *(.fini)
 .fini          0x00002290        0x4 c:/program files (x86)/cypress/psoc creator/3.3/psoc creator/import/gnu/arm/4.9.3/bin/../lib/gcc/arm-none-eabi/4.9.3/armv7-m/crti.o
                0x00002290                _fini
 .fini          0x00002294        0x8 c:/program files (x86)/cypress/psoc creator/3.3/psoc creator/import/gnu/arm/4.9.3/bin/../lib/gcc/arm-none-eabi/4.9.3/armv7-m/crtn.o
                0x0000229c                . = ALIGN (0x4)
                0x0000229c                __fini_array_start = .
 *(.fini_array)
 .fini_array    0x0000229c        0x4 c:/program files (x86)/cypress/psoc creator/3.3/psoc creator/import/gnu/arm/4.9.3/bin/../lib/gcc/arm-none-eabi/4.9.3/armv7-m/crtbegin.o
 *(SORT(.fini_array.*))
                0x000022a0                __fini_array_end = .
                0x000022a0                . = ALIGN (0x4)
 *crtbegin.o(.ctors)
 *(EXCLUDE_FILE(*crtend.o) .ctors)
 *(SORT(.ctors.*))
 *crtend.o(.ctors)
                0x000022a0                . = ALIGN (0x4)
 *crtbegin.o(.dtors)
 *(EXCLUDE_FILE(*crtend.o) .dtors)
 *(SORT(.dtors.*))
 *crtend.o(.dtors)
                0x000022a0                . = ALIGN (0x4)
                0x000022a0                __cy_regions = .
                0x000022a0        0x4 LONG 0x22b0 __cy_region_init_ram
                0x000022a4        0x4 LONG 0x1fff8108 __cy_region_start_data
                0x000022a8        0x4 LONG 0x18 __cy_region_init_size_ram
                0x000022ac        0x4 LONG 0x8138 __cy_region_zero_size_ram
                0x000022b0                __cy_regions_end = .
                0x000022b0                . = ALIGN (0x8)
                0x000022b0                _etext = .

.cy_checksum_exclude
                0x000022b0        0x0
 *(.cy_checksum_exclude)

.ramvectors     0x1fff8000      0x100
                0x1fff8000                __cy_region_start_ram = .
 *(.ramvectors)
 .ramvectors    0x1fff8000      0x100 C:\Users\Thomas\AppData\Local\Temp\ccqKdYG6.ltrans0.ltrans.o

.noinit         0x1fff8100        0x8
 *(.noinit)
 .noinit        0x1fff8100        0x8 C:\Users\Thomas\AppData\Local\Temp\ccqKdYG6.ltrans0.ltrans.o

.data           0x1fff8108       0x18 load address 0x000022b0
                0x1fff8108                __cy_region_start_data = .
 *(.jcr)
 .jcr           0x1fff8108        0x0 c:/program files (x86)/cypress/psoc creator/3.3/psoc creator/import/gnu/arm/4.9.3/bin/../lib/gcc/arm-none-eabi/4.9.3/armv7-m/crtbegin.o
 .jcr           0x1fff8108        0x4 c:/program files (x86)/cypress/psoc creator/3.3/psoc creator/import/gnu/arm/4.9.3/bin/../lib/gcc/arm-none-eabi/4.9.3/armv7-m/crtend.o
 *(.got.plt)
 *(.got)
 *(.shdata)
 *(.data .data.* .gnu.linkonce.d.*)
 .data          0x1fff810c        0x4 C:\Users\Thomas\AppData\Local\Temp\ccqKdYG6.ltrans0.ltrans.o
                0x1fff810c                window_off
 .data          0x1fff8110       0x10 C:\Users\Thomas\AppData\Local\Temp\ccqKdYG6.ltrans2.ltrans.o
                0x1fff8120                . = ALIGN (0x8)
 *(.ram)
                0x1fff8120                _edata = .

.igot.plt       0x1fff8120        0x0 load address 0x000022c8
 .igot.plt      0x00000000        0x0 c:/program files (x86)/cypress/psoc creator/3.3/psoc creator/import/gnu/arm/4.9.3/bin/../lib/gcc/arm-none-eabi/4.9.3/armv7-m/crtbegin.o

.bss            0x1fff8120     0x8138 load address 0x000022c8
                0x1fff8120                PROVIDE (__bss_start__, .)
 *(.shbss)
 *(.bss .bss.* .gnu.linkonce.b.*)
 .bss           0x1fff8120       0x1c c:/program files (x86)/cypress/psoc creator/3.3/psoc creator/import/gnu/arm/4.9.3/bin/../lib/gcc/arm-none-eabi/4.9.3/armv7-m/crtbegin.o
 .bss           0x1fff813c     0x8050 C:\Users\Thomas\AppData\Local\Temp\ccqKdYG6.ltrans0.ltrans.o
                0x1fff813c                data
                0x1fff8140                playing
                0x1fff8144                input_ptr
                0x1fff8148                input
                0x20000148                latches
                0x2000014c                disable_timer
                0x20000172                USBUART_device
                0x20000180                USBUART_cdcDataInEp
                0x20000184                USBUART_cdcDataOutEp
 .bss           0x2000018c       0x34 C:\Users\Thomas\AppData\Local\Temp\ccqKdYG6.ltrans1.ltrans.o
 .bss           0x200001c0       0x98 C:\Users\Thomas\AppData\Local\Temp\ccqKdYG6.ltrans2.ltrans.o
                0x200001c0                USBUART_transferState
                0x200001c1                USBUART_configurationChanged
                0x200001c2                USBUART_configuration
                0x200001c3                USBUART_interfaceNumber
                0x200001c4                USBUART_deviceAddress
                0x200001c5                USBUART_deviceStatus
                0x200001c6                USBUART_lastPacketSize
                0x200001c8                USBUART_EP
                0x20000234                USBUART_currentTD
                0x20000240                USBUART_ep0Toggle
                0x20000241                USBUART_ep0Mode
                0x20000242                USBUART_ep0Count
                0x20000244                USBUART_transferByteCount
                0x20000248                USBUART_interfaceClass
                0x2000024c                USBUART_cdcCommInInterruptEp
                0x20000250                USBUART_linesChanged
 *(COMMON)
                0x20000258                . = ALIGN (0x8)
 *(.ram.b)
                0x20000258                _end = .
                0x20000258                __end = .
                0x20000258                PROVIDE (end, .)
                0x20000258                PROVIDE (__bss_end__, .)
                0x000022b0                __cy_region_init_ram = LOADADDR (.data)
                0x00000018                __cy_region_init_size_ram = (_edata - ADDR (.data))
                0x00008138                __cy_region_zero_size_ram = (_end - _edata)

.heap           0x20000258       0x80 load address 0x000022c8
                0x20000258                . = _end
                0x200002d8                . = (. + 0x80)
 *fill*         0x20000258       0x80 
                0x200002d8                __cy_heap_limit = .

.stack          0x20007800      0x800
                0x20007800                __cy_stack_limit = .
                0x20008000                . = (. + 0x800)
 *fill*         0x20007800      0x800 
                0x00000001                ASSERT ((__cy_stack_limit >= __cy_heap_limit), region RAM overflowed with stack)
                0x00000000                cy_checksum_exclude_size = (CY_APPL_LOADABLE == 0x1)?SIZEOF (.cy_checksum_exclude):0x0
                0x00000001                ASSERT ((cy_checksum_exclude_size <= CY_CHECKSUM_EXCLUDE_SIZE), CY_BOOT: Section .cy_checksum_exclude size exceedes specified limit.)

.cyloadermeta
 *(.cyloadermeta)

.cyloadablemeta
 *(.cyloadablemeta)

.cyconfigecc    0x80000000      0x7d4
 *(.cyconfigecc)
 .cyconfigecc   0x80000000      0x7d4 C:\Users\Thomas\AppData\Local\Temp\ccqKdYG6.ltrans1.ltrans.o
                0x80000000                cy_meta_configecc

.cycustnvl      0x90000000        0x4
 *(.cycustnvl)
 .cycustnvl     0x90000000        0x4 C:\Users\Thomas\AppData\Local\Temp\ccqKdYG6.ltrans1.ltrans.o
                0x90000000                cy_meta_custnvl

.cywolatch      0x90100000        0x4
 *(.cywolatch)
 .cywolatch     0x90100000        0x4 C:\Users\Thomas\AppData\Local\Temp\ccqKdYG6.ltrans1.ltrans.o
                0x90100000                cy_meta_wonvl

.cyeeprom       0x90200000        0x0
 *(.cyeeprom)
                0x00000001                ASSERT ((. <= ((0x90200000 + ee_offset) + ee_size)), .cyeeprom data will not fit in EEPROM)

.cyflashprotect
                0x90400000      0x100
 *(.cyflashprotect)
 .cyflashprotect
                0x90400000      0x100 C:\Users\Thomas\AppData\Local\Temp\ccqKdYG6.ltrans1.ltrans.o
                0x90400000                cy_meta_flashprotect

.cymeta         0x90500000        0xc
 *(.cymeta)
 .cymeta        0x90500000        0xc C:\Users\Thomas\AppData\Local\Temp\ccqKdYG6.ltrans1.ltrans.o
                0x90500000                cy_metadata

.rel.dyn        0x000022c8        0x0 load address 0x9050000c
 .rel.iplt      0x00000000        0x0 c:/program files (x86)/cypress/psoc creator/3.3/psoc creator/import/gnu/arm/4.9.3/bin/../lib/gcc/arm-none-eabi/4.9.3/armv7-m/crtbegin.o

.stab
 *(.stab)

.stabstr
 *(.stabstr)

.debug
 *(.debug)

.line
 *(.line)

.debug_srcinfo
 *(.debug_srcinfo)

.debug_sfnames
 *(.debug_sfnames)

.debug_aranges  0x00000000       0xe8
 *(.debug_aranges)
 .debug_aranges
                0x00000000       0x40 C:\Users\Thomas\AppData\Local\Temp\ccqKdYG6.ltrans0.ltrans.o
 .debug_aranges
                0x00000040       0x30 C:\Users\Thomas\AppData\Local\Temp\ccqKdYG6.ltrans1.ltrans.o
 .debug_aranges
                0x00000070       0x58 C:\Users\Thomas\AppData\Local\Temp\ccqKdYG6.ltrans2.ltrans.o
 .debug_aranges
                0x000000c8       0x20 .\CortexM3\ARM_GCC_493\Release\TASBot.a(CyBootAsmGnu.o)

.debug_pubnames
 *(.debug_pubnames)

.debug_info     0x00000000     0x311c
 *(.debug_info .gnu.linkonce.wi.*)
 .debug_info    0x00000000     0x15b7 C:\Users\Thomas\AppData\Local\Temp\ccqKdYG6.ltrans0.ltrans.o
 .debug_info    0x000015b7     0x152d C:\Users\Thomas\AppData\Local\Temp\ccqKdYG6.ltrans1.ltrans.o
 .debug_info    0x00002ae4      0x5ad C:\Users\Thomas\AppData\Local\Temp\ccqKdYG6.ltrans2.ltrans.o
 .debug_info    0x00003091       0x8b .\CortexM3\ARM_GCC_493\Release\TASBot.a(CyBootAsmGnu.o)

.debug_abbrev   0x00000000      0xa89
 *(.debug_abbrev)
 .debug_abbrev  0x00000000      0x47c C:\Users\Thomas\AppData\Local\Temp\ccqKdYG6.ltrans0.ltrans.o
 .debug_abbrev  0x0000047c      0x37a C:\Users\Thomas\AppData\Local\Temp\ccqKdYG6.ltrans1.ltrans.o
 .debug_abbrev  0x000007f6      0x27f C:\Users\Thomas\AppData\Local\Temp\ccqKdYG6.ltrans2.ltrans.o
 .debug_abbrev  0x00000a75       0x14 .\CortexM3\ARM_GCC_493\Release\TASBot.a(CyBootAsmGnu.o)

.debug_line     0x00000000     0x12ce
 *(.debug_line)
 .debug_line    0x00000000      0x8db C:\Users\Thomas\AppData\Local\Temp\ccqKdYG6.ltrans0.ltrans.o
 .debug_line    0x000008db      0x67d C:\Users\Thomas\AppData\Local\Temp\ccqKdYG6.ltrans1.ltrans.o
 .debug_line    0x00000f58      0x30e C:\Users\Thomas\AppData\Local\Temp\ccqKdYG6.ltrans2.ltrans.o
 .debug_line    0x00001266       0x68 .\CortexM3\ARM_GCC_493\Release\TASBot.a(CyBootAsmGnu.o)

.debug_frame    0x00000000      0x298
 *(.debug_frame)
 .debug_frame   0x00000000       0xa8 C:\Users\Thomas\AppData\Local\Temp\ccqKdYG6.ltrans0.ltrans.o
 .debug_frame   0x000000a8       0x4c C:\Users\Thomas\AppData\Local\Temp\ccqKdYG6.ltrans1.ltrans.o
 .debug_frame   0x000000f4       0xc8 C:\Users\Thomas\AppData\Local\Temp\ccqKdYG6.ltrans2.ltrans.o
 .debug_frame   0x000001bc       0x28 c:/program files (x86)/cypress/psoc creator/3.3/psoc creator/import/gnu/arm/4.9.3/bin/../lib/gcc/arm-none-eabi/4.9.3/../../../../arm-none-eabi/lib/armv7-m\libg_nano.a(lib_a-memcpy.o)
 .debug_frame   0x000001e4       0x20 c:/program files (x86)/cypress/psoc creator/3.3/psoc creator/import/gnu/arm/4.9.3/bin/../lib/gcc/arm-none-eabi/4.9.3/../../../../arm-none-eabi/lib/armv7-m\libg_nano.a(lib_a-errno.o)
 .debug_frame   0x00000204       0x28 c:/program files (x86)/cypress/psoc creator/3.3/psoc creator/import/gnu/arm/4.9.3/bin/../lib/gcc/arm-none-eabi/4.9.3/../../../../arm-none-eabi/lib/armv7-m\libg_nano.a(lib_a-exit.o)
 .debug_frame   0x0000022c       0x2c c:/program files (x86)/cypress/psoc creator/3.3/psoc creator/import/gnu/arm/4.9.3/bin/../lib/gcc/arm-none-eabi/4.9.3/../../../../arm-none-eabi/lib/armv7-m\libg_nano.a(lib_a-init.o)
 .debug_frame   0x00000258       0x20 c:/program files (x86)/cypress/psoc creator/3.3/psoc creator/import/gnu/arm/4.9.3/bin/../lib/gcc/arm-none-eabi/4.9.3/../../../../arm-none-eabi/lib/armv7-m\libg_nano.a(lib_a-memset.o)
 .debug_frame   0x00000278       0x20 c:/program files (x86)/cypress/psoc creator/3.3/psoc creator/import/gnu/arm/4.9.3/bin/../lib/gcc/arm-none-eabi/4.9.3/../../../../arm-none-eabi/lib/armv7-m\libnosys.a(_exit.o)

.debug_str      0x00000000     0x13aa
 *(.debug_str)
 .debug_str     0x00000000      0x9e0 C:\Users\Thomas\AppData\Local\Temp\ccqKdYG6.ltrans0.ltrans.o
                                0xa10 (size before relaxing)
 .debug_str     0x000009e0      0x668 C:\Users\Thomas\AppData\Local\Temp\ccqKdYG6.ltrans1.ltrans.o
                                0x832 (size before relaxing)
 .debug_str     0x00001048      0x362 C:\Users\Thomas\AppData\Local\Temp\ccqKdYG6.ltrans2.ltrans.o
                                0x578 (size before relaxing)

.debug_loc      0x00000000     0x2523
 *(.debug_loc)
 .debug_loc     0x00000000     0x107a C:\Users\Thomas\AppData\Local\Temp\ccqKdYG6.ltrans0.ltrans.o
 .debug_loc     0x0000107a     0x12ed C:\Users\Thomas\AppData\Local\Temp\ccqKdYG6.ltrans1.ltrans.o
 .debug_loc     0x00002367      0x1bc C:\Users\Thomas\AppData\Local\Temp\ccqKdYG6.ltrans2.ltrans.o

.debug_macinfo
 *(.debug_macinfo)

.debug_ranges   0x00000000      0xdd8
 *(.debug_ranges)
 .debug_ranges  0x00000000      0x6c0 C:\Users\Thomas\AppData\Local\Temp\ccqKdYG6.ltrans0.ltrans.o
 .debug_ranges  0x000006c0      0x5f8 C:\Users\Thomas\AppData\Local\Temp\ccqKdYG6.ltrans1.ltrans.o
 .debug_ranges  0x00000cb8      0x120 C:\Users\Thomas\AppData\Local\Temp\ccqKdYG6.ltrans2.ltrans.o

.comment        0x00000000       0x70
 .comment       0x00000000       0x70 C:\Users\Thomas\AppData\Local\Temp\ccqKdYG6.ltrans0.ltrans.o
                                 0x71 (size before relaxing)
 .comment       0x00000000       0x71 C:\Users\Thomas\AppData\Local\Temp\ccqKdYG6.ltrans1.ltrans.o
 .comment       0x00000000       0x71 C:\Users\Thomas\AppData\Local\Temp\ccqKdYG6.ltrans2.ltrans.o

.debug_weaknames
 *(.debug_weaknames)

.debug_funcnames
 *(.debug_funcnames)

.debug_typenames
 *(.debug_typenames)

.debug_varnames
 *(.debug_varnames)

.note.gnu.arm.ident
 *(.note.gnu.arm.ident)

.ARM.attributes
                0x00000000       0x29
 *(.ARM.attributes)
 .ARM.attributes
                0x00000000       0x1d c:/program files (x86)/cypress/psoc creator/3.3/psoc creator/import/gnu/arm/4.9.3/bin/../lib/gcc/arm-none-eabi/4.9.3/armv7-m/crti.o
 .ARM.attributes
                0x0000001d       0x2d c:/program files (x86)/cypress/psoc creator/3.3/psoc creator/import/gnu/arm/4.9.3/bin/../lib/gcc/arm-none-eabi/4.9.3/armv7-m/crtbegin.o
 .ARM.attributes
                0x0000004a       0x1b c:/program files (x86)/cypress/psoc creator/3.3/psoc creator/import/gnu/arm/4.9.3/bin/../lib/gcc/arm-none-eabi/4.9.3/../../../../arm-none-eabi/lib/armv7-m/crt0.o
 .ARM.attributes
                0x00000065       0x31 C:\Users\Thomas\AppData\Local\Temp\ccqKdYG6.ltrans0.ltrans.o
 .ARM.attributes
                0x00000096       0x31 C:\Users\Thomas\AppData\Local\Temp\ccqKdYG6.ltrans1.ltrans.o
 .ARM.attributes
                0x000000c7       0x31 C:\Users\Thomas\AppData\Local\Temp\ccqKdYG6.ltrans2.ltrans.o
 .ARM.attributes
                0x000000f8       0x2d c:/program files (x86)/cypress/psoc creator/3.3/psoc creator/import/gnu/arm/4.9.3/bin/../lib/gcc/arm-none-eabi/4.9.3/../../../../arm-none-eabi/lib/armv7-m\libg_nano.a(lib_a-memcpy.o)
 .ARM.attributes
                0x00000125       0x21 .\CortexM3\ARM_GCC_493\Release\TASBot.a(CyBootAsmGnu.o)
 .ARM.attributes
                0x00000146       0x2d c:/program files (x86)/cypress/psoc creator/3.3/psoc creator/import/gnu/arm/4.9.3/bin/../lib/gcc/arm-none-eabi/4.9.3/../../../../arm-none-eabi/lib/armv7-m\libg_nano.a(lib_a-errno.o)
 .ARM.attributes
                0x00000173       0x2d c:/program files (x86)/cypress/psoc creator/3.3/psoc creator/import/gnu/arm/4.9.3/bin/../lib/gcc/arm-none-eabi/4.9.3/../../../../arm-none-eabi/lib/armv7-m\libg_nano.a(lib_a-exit.o)
 .ARM.attributes
                0x000001a0       0x2d c:/program files (x86)/cypress/psoc creator/3.3/psoc creator/import/gnu/arm/4.9.3/bin/../lib/gcc/arm-none-eabi/4.9.3/../../../../arm-none-eabi/lib/armv7-m\libg_nano.a(lib_a-impure.o)
 .ARM.attributes
                0x000001cd       0x2d c:/program files (x86)/cypress/psoc creator/3.3/psoc creator/import/gnu/arm/4.9.3/bin/../lib/gcc/arm-none-eabi/4.9.3/../../../../arm-none-eabi/lib/armv7-m\libg_nano.a(lib_a-init.o)
 .ARM.attributes
                0x000001fa       0x2d c:/program files (x86)/cypress/psoc creator/3.3/psoc creator/import/gnu/arm/4.9.3/bin/../lib/gcc/arm-none-eabi/4.9.3/../../../../arm-none-eabi/lib/armv7-m\libg_nano.a(lib_a-memset.o)
 .ARM.attributes
                0x00000227       0x2d c:/program files (x86)/cypress/psoc creator/3.3/psoc creator/import/gnu/arm/4.9.3/bin/../lib/gcc/arm-none-eabi/4.9.3/armv7-m/crtend.o
 .ARM.attributes
                0x00000254       0x1d c:/program files (x86)/cypress/psoc creator/3.3/psoc creator/import/gnu/arm/4.9.3/bin/../lib/gcc/arm-none-eabi/4.9.3/armv7-m/crtn.o
 .ARM.attributes
                0x00000271       0x2d c:/program files (x86)/cypress/psoc creator/3.3/psoc creator/import/gnu/arm/4.9.3/bin/../lib/gcc/arm-none-eabi/4.9.3/../../../../arm-none-eabi/lib/armv7-m\libnosys.a(_exit.o)

/DISCARD/
 *(.note.GNU-stack)
OUTPUT(.\CortexM3\ARM_GCC_493\Release\TASBot.elf elf32-littlearm)
