ARM GAS  C:\Users\Thomas\AppData\Local\Temp\ccMJFnoC.s 			page 1


   1              		.syntax unified
   2              		.cpu cortex-m3
   3              		.fpu softvfp
   4              		.eabi_attribute 20, 1
   5              		.eabi_attribute 21, 1
   6              		.eabi_attribute 23, 3
   7              		.eabi_attribute 24, 1
   8              		.eabi_attribute 25, 1
   9              		.eabi_attribute 26, 1
  10              		.eabi_attribute 30, 1
  11              		.eabi_attribute 34, 1
  12              		.eabi_attribute 18, 4
  13              		.thumb
  14              		.file	"P1_IRQ.c"
  15              		.text
  16              	.Ltext0:
  17              		.cfi_sections	.debug_frame
  18              		.section	.text.P1_IRQ_Interrupt,"ax",%progbits
  19              		.align	2
  20              		.global	P1_IRQ_Interrupt
  21              		.thumb
  22              		.thumb_func
  23              		.type	P1_IRQ_Interrupt, %function
  24              	P1_IRQ_Interrupt:
  25              	.LFB66:
  26              		.file 1 ".\\Generated_Source\\PSoC5\\P1_IRQ.c"
   1:.\Generated_Source\PSoC5/P1_IRQ.c **** /*******************************************************************************
   2:.\Generated_Source\PSoC5/P1_IRQ.c **** * File Name: P1_IRQ.c  
   3:.\Generated_Source\PSoC5/P1_IRQ.c **** * Version 1.70
   4:.\Generated_Source\PSoC5/P1_IRQ.c **** *
   5:.\Generated_Source\PSoC5/P1_IRQ.c **** *  Description:
   6:.\Generated_Source\PSoC5/P1_IRQ.c **** *   API for controlling the state of an interrupt.
   7:.\Generated_Source\PSoC5/P1_IRQ.c **** *
   8:.\Generated_Source\PSoC5/P1_IRQ.c **** *
   9:.\Generated_Source\PSoC5/P1_IRQ.c **** *  Note:
  10:.\Generated_Source\PSoC5/P1_IRQ.c **** *
  11:.\Generated_Source\PSoC5/P1_IRQ.c **** ********************************************************************************
  12:.\Generated_Source\PSoC5/P1_IRQ.c **** * Copyright 2008-2015, Cypress Semiconductor Corporation.  All rights reserved.
  13:.\Generated_Source\PSoC5/P1_IRQ.c **** * You may use this file only in accordance with the license, terms, conditions, 
  14:.\Generated_Source\PSoC5/P1_IRQ.c **** * disclaimers, and limitations in the end user license agreement accompanying 
  15:.\Generated_Source\PSoC5/P1_IRQ.c **** * the software package with which this file was provided.
  16:.\Generated_Source\PSoC5/P1_IRQ.c **** *******************************************************************************/
  17:.\Generated_Source\PSoC5/P1_IRQ.c **** 
  18:.\Generated_Source\PSoC5/P1_IRQ.c **** 
  19:.\Generated_Source\PSoC5/P1_IRQ.c **** #include <cydevice_trm.h>
  20:.\Generated_Source\PSoC5/P1_IRQ.c **** #include <CyLib.h>
  21:.\Generated_Source\PSoC5/P1_IRQ.c **** #include <P1_IRQ.h>
  22:.\Generated_Source\PSoC5/P1_IRQ.c **** #include "cyapicallbacks.h"
  23:.\Generated_Source\PSoC5/P1_IRQ.c **** 
  24:.\Generated_Source\PSoC5/P1_IRQ.c **** #if !defined(P1_IRQ__REMOVED) /* Check for removal by optimization */
  25:.\Generated_Source\PSoC5/P1_IRQ.c **** 
  26:.\Generated_Source\PSoC5/P1_IRQ.c **** /*******************************************************************************
  27:.\Generated_Source\PSoC5/P1_IRQ.c **** *  Place your includes, defines and code here 
  28:.\Generated_Source\PSoC5/P1_IRQ.c **** ********************************************************************************/
  29:.\Generated_Source\PSoC5/P1_IRQ.c **** /* `#START P1_IRQ_intc` */
  30:.\Generated_Source\PSoC5/P1_IRQ.c **** #include <P1.h>
  31:.\Generated_Source\PSoC5/P1_IRQ.c **** #include <main.h>
ARM GAS  C:\Users\Thomas\AppData\Local\Temp\ccMJFnoC.s 			page 2


  32:.\Generated_Source\PSoC5/P1_IRQ.c **** /* `#END` */
  33:.\Generated_Source\PSoC5/P1_IRQ.c **** 
  34:.\Generated_Source\PSoC5/P1_IRQ.c **** #ifndef CYINT_IRQ_BASE
  35:.\Generated_Source\PSoC5/P1_IRQ.c **** #define CYINT_IRQ_BASE      16
  36:.\Generated_Source\PSoC5/P1_IRQ.c **** #endif /* CYINT_IRQ_BASE */
  37:.\Generated_Source\PSoC5/P1_IRQ.c **** #ifndef CYINT_VECT_TABLE
  38:.\Generated_Source\PSoC5/P1_IRQ.c **** #define CYINT_VECT_TABLE    ((cyisraddress **) CYREG_NVIC_VECT_OFFSET)
  39:.\Generated_Source\PSoC5/P1_IRQ.c **** #endif /* CYINT_VECT_TABLE */
  40:.\Generated_Source\PSoC5/P1_IRQ.c **** 
  41:.\Generated_Source\PSoC5/P1_IRQ.c **** /* Declared in startup, used to set unused interrupts to. */
  42:.\Generated_Source\PSoC5/P1_IRQ.c **** CY_ISR_PROTO(IntDefaultHandler);
  43:.\Generated_Source\PSoC5/P1_IRQ.c **** 
  44:.\Generated_Source\PSoC5/P1_IRQ.c **** 
  45:.\Generated_Source\PSoC5/P1_IRQ.c **** /*******************************************************************************
  46:.\Generated_Source\PSoC5/P1_IRQ.c **** * Function Name: P1_IRQ_Start
  47:.\Generated_Source\PSoC5/P1_IRQ.c **** ********************************************************************************
  48:.\Generated_Source\PSoC5/P1_IRQ.c **** *
  49:.\Generated_Source\PSoC5/P1_IRQ.c **** * Summary:
  50:.\Generated_Source\PSoC5/P1_IRQ.c **** *  Set up the interrupt and enable it. This function disables the interrupt, 
  51:.\Generated_Source\PSoC5/P1_IRQ.c **** *  sets the default interrupt vector, sets the priority from the value in the
  52:.\Generated_Source\PSoC5/P1_IRQ.c **** *  Design Wide Resources Interrupt Editor, then enables the interrupt to the 
  53:.\Generated_Source\PSoC5/P1_IRQ.c **** *  interrupt controller.
  54:.\Generated_Source\PSoC5/P1_IRQ.c **** *
  55:.\Generated_Source\PSoC5/P1_IRQ.c **** * Parameters:  
  56:.\Generated_Source\PSoC5/P1_IRQ.c **** *   None
  57:.\Generated_Source\PSoC5/P1_IRQ.c **** *
  58:.\Generated_Source\PSoC5/P1_IRQ.c **** * Return:
  59:.\Generated_Source\PSoC5/P1_IRQ.c **** *   None
  60:.\Generated_Source\PSoC5/P1_IRQ.c **** *
  61:.\Generated_Source\PSoC5/P1_IRQ.c **** *******************************************************************************/
  62:.\Generated_Source\PSoC5/P1_IRQ.c **** void P1_IRQ_Start(void)
  63:.\Generated_Source\PSoC5/P1_IRQ.c **** {
  64:.\Generated_Source\PSoC5/P1_IRQ.c ****     /* For all we know the interrupt is active. */
  65:.\Generated_Source\PSoC5/P1_IRQ.c ****     P1_IRQ_Disable();
  66:.\Generated_Source\PSoC5/P1_IRQ.c **** 
  67:.\Generated_Source\PSoC5/P1_IRQ.c ****     /* Set the ISR to point to the P1_IRQ Interrupt. */
  68:.\Generated_Source\PSoC5/P1_IRQ.c ****     P1_IRQ_SetVector(&P1_IRQ_Interrupt);
  69:.\Generated_Source\PSoC5/P1_IRQ.c **** 
  70:.\Generated_Source\PSoC5/P1_IRQ.c ****     /* Set the priority. */
  71:.\Generated_Source\PSoC5/P1_IRQ.c ****     P1_IRQ_SetPriority((uint8)P1_IRQ_INTC_PRIOR_NUMBER);
  72:.\Generated_Source\PSoC5/P1_IRQ.c **** 
  73:.\Generated_Source\PSoC5/P1_IRQ.c ****     /* Enable it. */
  74:.\Generated_Source\PSoC5/P1_IRQ.c ****     P1_IRQ_Enable();
  75:.\Generated_Source\PSoC5/P1_IRQ.c **** }
  76:.\Generated_Source\PSoC5/P1_IRQ.c **** 
  77:.\Generated_Source\PSoC5/P1_IRQ.c **** 
  78:.\Generated_Source\PSoC5/P1_IRQ.c **** /*******************************************************************************
  79:.\Generated_Source\PSoC5/P1_IRQ.c **** * Function Name: P1_IRQ_StartEx
  80:.\Generated_Source\PSoC5/P1_IRQ.c **** ********************************************************************************
  81:.\Generated_Source\PSoC5/P1_IRQ.c **** *
  82:.\Generated_Source\PSoC5/P1_IRQ.c **** * Summary:
  83:.\Generated_Source\PSoC5/P1_IRQ.c **** *  Sets up the interrupt and enables it. This function disables the interrupt,
  84:.\Generated_Source\PSoC5/P1_IRQ.c **** *  sets the interrupt vector based on the address passed in, sets the priority 
  85:.\Generated_Source\PSoC5/P1_IRQ.c **** *  from the value in the Design Wide Resources Interrupt Editor, then enables 
  86:.\Generated_Source\PSoC5/P1_IRQ.c **** *  the interrupt to the interrupt controller.
  87:.\Generated_Source\PSoC5/P1_IRQ.c **** *  
  88:.\Generated_Source\PSoC5/P1_IRQ.c **** *  When defining ISR functions, the CY_ISR and CY_ISR_PROTO macros should be 
ARM GAS  C:\Users\Thomas\AppData\Local\Temp\ccMJFnoC.s 			page 3


  89:.\Generated_Source\PSoC5/P1_IRQ.c **** *  used to provide consistent definition across compilers:
  90:.\Generated_Source\PSoC5/P1_IRQ.c **** *  
  91:.\Generated_Source\PSoC5/P1_IRQ.c **** *  Function definition example:
  92:.\Generated_Source\PSoC5/P1_IRQ.c **** *   CY_ISR(MyISR)
  93:.\Generated_Source\PSoC5/P1_IRQ.c **** *   {
  94:.\Generated_Source\PSoC5/P1_IRQ.c **** *   }
  95:.\Generated_Source\PSoC5/P1_IRQ.c **** *   Function prototype example:
  96:.\Generated_Source\PSoC5/P1_IRQ.c **** *   CY_ISR_PROTO(MyISR);
  97:.\Generated_Source\PSoC5/P1_IRQ.c **** *
  98:.\Generated_Source\PSoC5/P1_IRQ.c **** * Parameters:  
  99:.\Generated_Source\PSoC5/P1_IRQ.c **** *   address: Address of the ISR to set in the interrupt vector table.
 100:.\Generated_Source\PSoC5/P1_IRQ.c **** *
 101:.\Generated_Source\PSoC5/P1_IRQ.c **** * Return:
 102:.\Generated_Source\PSoC5/P1_IRQ.c **** *   None
 103:.\Generated_Source\PSoC5/P1_IRQ.c **** *
 104:.\Generated_Source\PSoC5/P1_IRQ.c **** *******************************************************************************/
 105:.\Generated_Source\PSoC5/P1_IRQ.c **** void P1_IRQ_StartEx(cyisraddress address)
 106:.\Generated_Source\PSoC5/P1_IRQ.c **** {
 107:.\Generated_Source\PSoC5/P1_IRQ.c ****     /* For all we know the interrupt is active. */
 108:.\Generated_Source\PSoC5/P1_IRQ.c ****     P1_IRQ_Disable();
 109:.\Generated_Source\PSoC5/P1_IRQ.c **** 
 110:.\Generated_Source\PSoC5/P1_IRQ.c ****     /* Set the ISR to point to the P1_IRQ Interrupt. */
 111:.\Generated_Source\PSoC5/P1_IRQ.c ****     P1_IRQ_SetVector(address);
 112:.\Generated_Source\PSoC5/P1_IRQ.c **** 
 113:.\Generated_Source\PSoC5/P1_IRQ.c ****     /* Set the priority. */
 114:.\Generated_Source\PSoC5/P1_IRQ.c ****     P1_IRQ_SetPriority((uint8)P1_IRQ_INTC_PRIOR_NUMBER);
 115:.\Generated_Source\PSoC5/P1_IRQ.c **** 
 116:.\Generated_Source\PSoC5/P1_IRQ.c ****     /* Enable it. */
 117:.\Generated_Source\PSoC5/P1_IRQ.c ****     P1_IRQ_Enable();
 118:.\Generated_Source\PSoC5/P1_IRQ.c **** }
 119:.\Generated_Source\PSoC5/P1_IRQ.c **** 
 120:.\Generated_Source\PSoC5/P1_IRQ.c **** 
 121:.\Generated_Source\PSoC5/P1_IRQ.c **** /*******************************************************************************
 122:.\Generated_Source\PSoC5/P1_IRQ.c **** * Function Name: P1_IRQ_Stop
 123:.\Generated_Source\PSoC5/P1_IRQ.c **** ********************************************************************************
 124:.\Generated_Source\PSoC5/P1_IRQ.c **** *
 125:.\Generated_Source\PSoC5/P1_IRQ.c **** * Summary:
 126:.\Generated_Source\PSoC5/P1_IRQ.c **** *   Disables and removes the interrupt.
 127:.\Generated_Source\PSoC5/P1_IRQ.c **** *
 128:.\Generated_Source\PSoC5/P1_IRQ.c **** * Parameters:  
 129:.\Generated_Source\PSoC5/P1_IRQ.c **** *   None
 130:.\Generated_Source\PSoC5/P1_IRQ.c **** *
 131:.\Generated_Source\PSoC5/P1_IRQ.c **** * Return:
 132:.\Generated_Source\PSoC5/P1_IRQ.c **** *   None
 133:.\Generated_Source\PSoC5/P1_IRQ.c **** *
 134:.\Generated_Source\PSoC5/P1_IRQ.c **** *******************************************************************************/
 135:.\Generated_Source\PSoC5/P1_IRQ.c **** void P1_IRQ_Stop(void)
 136:.\Generated_Source\PSoC5/P1_IRQ.c **** {
 137:.\Generated_Source\PSoC5/P1_IRQ.c ****     /* Disable this interrupt. */
 138:.\Generated_Source\PSoC5/P1_IRQ.c ****     P1_IRQ_Disable();
 139:.\Generated_Source\PSoC5/P1_IRQ.c **** 
 140:.\Generated_Source\PSoC5/P1_IRQ.c ****     /* Set the ISR to point to the passive one. */
 141:.\Generated_Source\PSoC5/P1_IRQ.c ****     P1_IRQ_SetVector(&IntDefaultHandler);
 142:.\Generated_Source\PSoC5/P1_IRQ.c **** }
 143:.\Generated_Source\PSoC5/P1_IRQ.c **** 
 144:.\Generated_Source\PSoC5/P1_IRQ.c **** 
 145:.\Generated_Source\PSoC5/P1_IRQ.c **** /*******************************************************************************
ARM GAS  C:\Users\Thomas\AppData\Local\Temp\ccMJFnoC.s 			page 4


 146:.\Generated_Source\PSoC5/P1_IRQ.c **** * Function Name: P1_IRQ_Interrupt
 147:.\Generated_Source\PSoC5/P1_IRQ.c **** ********************************************************************************
 148:.\Generated_Source\PSoC5/P1_IRQ.c **** *
 149:.\Generated_Source\PSoC5/P1_IRQ.c **** * Summary:
 150:.\Generated_Source\PSoC5/P1_IRQ.c **** *   The default Interrupt Service Routine for P1_IRQ.
 151:.\Generated_Source\PSoC5/P1_IRQ.c **** *
 152:.\Generated_Source\PSoC5/P1_IRQ.c **** *   Add custom code between the coments to keep the next version of this file
 153:.\Generated_Source\PSoC5/P1_IRQ.c **** *   from over writting your code.
 154:.\Generated_Source\PSoC5/P1_IRQ.c **** *
 155:.\Generated_Source\PSoC5/P1_IRQ.c **** * Parameters:  
 156:.\Generated_Source\PSoC5/P1_IRQ.c **** *
 157:.\Generated_Source\PSoC5/P1_IRQ.c **** * Return:
 158:.\Generated_Source\PSoC5/P1_IRQ.c **** *   None
 159:.\Generated_Source\PSoC5/P1_IRQ.c **** *
 160:.\Generated_Source\PSoC5/P1_IRQ.c **** *******************************************************************************/
 161:.\Generated_Source\PSoC5/P1_IRQ.c **** CY_ISR(P1_IRQ_Interrupt)
 162:.\Generated_Source\PSoC5/P1_IRQ.c **** {
  27              		.loc 1 162 0
  28              		.cfi_startproc
  29              		@ args = 0, pretend = 0, frame = 0
  30              		@ frame_needed = 0, uses_anonymous_args = 0
  31 0000 10B5     		push	{r4, lr}
  32              		.cfi_def_cfa_offset 8
  33              		.cfi_offset 4, -8
  34              		.cfi_offset 14, -4
 163:.\Generated_Source\PSoC5/P1_IRQ.c ****     #ifdef P1_IRQ_INTERRUPT_INTERRUPT_CALLBACK
 164:.\Generated_Source\PSoC5/P1_IRQ.c ****         P1_IRQ_Interrupt_InterruptCallback();
 165:.\Generated_Source\PSoC5/P1_IRQ.c ****     #endif /* P1_IRQ_INTERRUPT_INTERRUPT_CALLBACK */ 
 166:.\Generated_Source\PSoC5/P1_IRQ.c **** 
 167:.\Generated_Source\PSoC5/P1_IRQ.c ****     /*  Place your Interrupt code here. */
 168:.\Generated_Source\PSoC5/P1_IRQ.c ****     /* `#START P1_IRQ_Interrupt` */
 169:.\Generated_Source\PSoC5/P1_IRQ.c **** 
 170:.\Generated_Source\PSoC5/P1_IRQ.c ****     P1_RegD0_WriteRegValue(data[0]);
  35              		.loc 1 170 0
  36 0002 204C     		ldr	r4, .L6
  37 0004 2088     		ldrh	r0, [r4]
  38 0006 80B2     		uxth	r0, r0
  39 0008 FFF7FEFF 		bl	P1_RegD0_WriteRegValue
  40              	.LVL0:
 171:.\Generated_Source\PSoC5/P1_IRQ.c ****     P1_RegD1_WriteRegValue(data[1]);
  41              		.loc 1 171 0
  42 000c 6088     		ldrh	r0, [r4, #2]
  43 000e 80B2     		uxth	r0, r0
  44 0010 FFF7FEFF 		bl	P1_RegD1_WriteRegValue
  45              	.LVL1:
 172:.\Generated_Source\PSoC5/P1_IRQ.c ****     P1_RegD2_WriteRegValue(data[2]);
  46              		.loc 1 172 0
  47 0014 A088     		ldrh	r0, [r4, #4]
  48 0016 80B2     		uxth	r0, r0
  49 0018 FFF7FEFF 		bl	P1_RegD2_WriteRegValue
  50              	.LVL2:
 173:.\Generated_Source\PSoC5/P1_IRQ.c **** 
 174:.\Generated_Source\PSoC5/P1_IRQ.c ****     if(playing)
  51              		.loc 1 174 0
  52 001c 1A4B     		ldr	r3, .L6+4
  53 001e 1B68     		ldr	r3, [r3]
  54 0020 002B     		cmp	r3, #0
ARM GAS  C:\Users\Thomas\AppData\Local\Temp\ccMJFnoC.s 			page 5


  55 0022 2DD0     		beq	.L1
 175:.\Generated_Source\PSoC5/P1_IRQ.c ****     {
 176:.\Generated_Source\PSoC5/P1_IRQ.c ****         if(!use_timer[0])
  56              		.loc 1 176 0
  57 0024 194B     		ldr	r3, .L6+8
  58 0026 1B68     		ldr	r3, [r3]
  59 0028 3BBB     		cbnz	r3, .L3
 177:.\Generated_Source\PSoC5/P1_IRQ.c ****         {
 178:.\Generated_Source\PSoC5/P1_IRQ.c ****             input_ptr[0] = (input_ptr[0]+1)%INPUT_BUF_SIZE;
  60              		.loc 1 178 0
  61 002a 194B     		ldr	r3, .L6+12
  62 002c 1A68     		ldr	r2, [r3]
  63 002e 0132     		adds	r2, r2, #1
  64 0030 184B     		ldr	r3, .L6+16
  65 0032 1340     		ands	r3, r3, r2
  66 0034 002B     		cmp	r3, #0
  67 0036 05DA     		bge	.L4
  68 0038 013B     		subs	r3, r3, #1
  69 003a 6FEA4353 		mvn	r3, r3, lsl #21
  70 003e 6FEA5353 		mvn	r3, r3, lsr #21
  71 0042 0133     		adds	r3, r3, #1
  72              	.L4:
  73 0044 124A     		ldr	r2, .L6+12
  74 0046 1360     		str	r3, [r2]
 179:.\Generated_Source\PSoC5/P1_IRQ.c ****             data[0] = input[0][input_ptr[0]]; 
  75              		.loc 1 179 0
  76 0048 1368     		ldr	r3, [r2]
  77 004a 1349     		ldr	r1, .L6+20
  78 004c 31F81300 		ldrh	r0, [r1, r3, lsl #1]
  79 0050 80B2     		uxth	r0, r0
  80 0052 0C4B     		ldr	r3, .L6
  81 0054 1880     		strh	r0, [r3]	@ movhi
 180:.\Generated_Source\PSoC5/P1_IRQ.c ****             data[1] = input[1][input_ptr[0]]; 
  82              		.loc 1 180 0
  83 0056 1068     		ldr	r0, [r2]
  84 0058 00F50060 		add	r0, r0, #2048
  85 005c 31F81000 		ldrh	r0, [r1, r0, lsl #1]
  86 0060 80B2     		uxth	r0, r0
  87 0062 5880     		strh	r0, [r3, #2]	@ movhi
 181:.\Generated_Source\PSoC5/P1_IRQ.c ****             data[2] = input[2][input_ptr[0]]; 
  88              		.loc 1 181 0
  89 0064 1268     		ldr	r2, [r2]
  90 0066 02F58052 		add	r2, r2, #4096
  91 006a 31F81220 		ldrh	r2, [r1, r2, lsl #1]
  92 006e 92B2     		uxth	r2, r2
  93 0070 9A80     		strh	r2, [r3, #4]	@ movhi
 182:.\Generated_Source\PSoC5/P1_IRQ.c ****             latches[0]++;
  94              		.loc 1 182 0
  95 0072 0A4A     		ldr	r2, .L6+24
  96 0074 1368     		ldr	r3, [r2]
  97 0076 0133     		adds	r3, r3, #1
  98 0078 1360     		str	r3, [r2]
  99              	.L3:
 183:.\Generated_Source\PSoC5/P1_IRQ.c ****         }
 184:.\Generated_Source\PSoC5/P1_IRQ.c ****         sent = 1;
 100              		.loc 1 184 0
 101 007a 0122     		movs	r2, #1
ARM GAS  C:\Users\Thomas\AppData\Local\Temp\ccMJFnoC.s 			page 6


 102 007c 084B     		ldr	r3, .L6+28
 103 007e 1A60     		str	r2, [r3]
 104              	.L1:
 105 0080 10BD     		pop	{r4, pc}
 106              	.L7:
 107 0082 00BF     		.align	2
 108              	.L6:
 109 0084 00000000 		.word	data
 110 0088 00000000 		.word	playing
 111 008c 00000000 		.word	use_timer
 112 0090 00000000 		.word	input_ptr
 113 0094 FF070080 		.word	-2147481601
 114 0098 00000000 		.word	input
 115 009c 00000000 		.word	latches
 116 00a0 00000000 		.word	sent
 117              		.cfi_endproc
 118              	.LFE66:
 119              		.size	P1_IRQ_Interrupt, .-P1_IRQ_Interrupt
 120              		.section	.text.P1_IRQ_SetVector,"ax",%progbits
 121              		.align	2
 122              		.global	P1_IRQ_SetVector
 123              		.thumb
 124              		.thumb_func
 125              		.type	P1_IRQ_SetVector, %function
 126              	P1_IRQ_SetVector:
 127              	.LFB67:
 185:.\Generated_Source\PSoC5/P1_IRQ.c ****     }
 186:.\Generated_Source\PSoC5/P1_IRQ.c ****     /* `#END` */
 187:.\Generated_Source\PSoC5/P1_IRQ.c **** }
 188:.\Generated_Source\PSoC5/P1_IRQ.c **** 
 189:.\Generated_Source\PSoC5/P1_IRQ.c **** 
 190:.\Generated_Source\PSoC5/P1_IRQ.c **** /*******************************************************************************
 191:.\Generated_Source\PSoC5/P1_IRQ.c **** * Function Name: P1_IRQ_SetVector
 192:.\Generated_Source\PSoC5/P1_IRQ.c **** ********************************************************************************
 193:.\Generated_Source\PSoC5/P1_IRQ.c **** *
 194:.\Generated_Source\PSoC5/P1_IRQ.c **** * Summary:
 195:.\Generated_Source\PSoC5/P1_IRQ.c **** *   Change the ISR vector for the Interrupt. Note calling P1_IRQ_Start
 196:.\Generated_Source\PSoC5/P1_IRQ.c **** *   will override any effect this method would have had. To set the vector 
 197:.\Generated_Source\PSoC5/P1_IRQ.c **** *   before the component has been started use P1_IRQ_StartEx instead.
 198:.\Generated_Source\PSoC5/P1_IRQ.c **** * 
 199:.\Generated_Source\PSoC5/P1_IRQ.c **** *   When defining ISR functions, the CY_ISR and CY_ISR_PROTO macros should be 
 200:.\Generated_Source\PSoC5/P1_IRQ.c **** *   used to provide consistent definition across compilers:
 201:.\Generated_Source\PSoC5/P1_IRQ.c **** *
 202:.\Generated_Source\PSoC5/P1_IRQ.c **** *   Function definition example:
 203:.\Generated_Source\PSoC5/P1_IRQ.c **** *   CY_ISR(MyISR)
 204:.\Generated_Source\PSoC5/P1_IRQ.c **** *   {
 205:.\Generated_Source\PSoC5/P1_IRQ.c **** *   }
 206:.\Generated_Source\PSoC5/P1_IRQ.c **** *
 207:.\Generated_Source\PSoC5/P1_IRQ.c **** *   Function prototype example:
 208:.\Generated_Source\PSoC5/P1_IRQ.c **** *     CY_ISR_PROTO(MyISR);
 209:.\Generated_Source\PSoC5/P1_IRQ.c **** *
 210:.\Generated_Source\PSoC5/P1_IRQ.c **** * Parameters:
 211:.\Generated_Source\PSoC5/P1_IRQ.c **** *   address: Address of the ISR to set in the interrupt vector table.
 212:.\Generated_Source\PSoC5/P1_IRQ.c **** *
 213:.\Generated_Source\PSoC5/P1_IRQ.c **** * Return:
 214:.\Generated_Source\PSoC5/P1_IRQ.c **** *   None
 215:.\Generated_Source\PSoC5/P1_IRQ.c **** *
ARM GAS  C:\Users\Thomas\AppData\Local\Temp\ccMJFnoC.s 			page 7


 216:.\Generated_Source\PSoC5/P1_IRQ.c **** *******************************************************************************/
 217:.\Generated_Source\PSoC5/P1_IRQ.c **** void P1_IRQ_SetVector(cyisraddress address)
 218:.\Generated_Source\PSoC5/P1_IRQ.c **** {
 128              		.loc 1 218 0
 129              		.cfi_startproc
 130              		@ args = 0, pretend = 0, frame = 0
 131              		@ frame_needed = 0, uses_anonymous_args = 0
 132              		@ link register save eliminated.
 133              	.LVL3:
 219:.\Generated_Source\PSoC5/P1_IRQ.c ****     cyisraddress * ramVectorTable;
 220:.\Generated_Source\PSoC5/P1_IRQ.c **** 
 221:.\Generated_Source\PSoC5/P1_IRQ.c ****     ramVectorTable = (cyisraddress *) *CYINT_VECT_TABLE;
 134              		.loc 1 221 0
 135 0000 014B     		ldr	r3, .L9
 136 0002 1B68     		ldr	r3, [r3]
 137              	.LVL4:
 222:.\Generated_Source\PSoC5/P1_IRQ.c **** 
 223:.\Generated_Source\PSoC5/P1_IRQ.c ****     ramVectorTable[CYINT_IRQ_BASE + (uint32)P1_IRQ__INTC_NUMBER] = address;
 138              		.loc 1 223 0
 139 0004 1864     		str	r0, [r3, #64]
 140 0006 7047     		bx	lr
 141              	.L10:
 142              		.align	2
 143              	.L9:
 144 0008 08ED00E0 		.word	-536810232
 145              		.cfi_endproc
 146              	.LFE67:
 147              		.size	P1_IRQ_SetVector, .-P1_IRQ_SetVector
 148              		.section	.text.P1_IRQ_GetVector,"ax",%progbits
 149              		.align	2
 150              		.global	P1_IRQ_GetVector
 151              		.thumb
 152              		.thumb_func
 153              		.type	P1_IRQ_GetVector, %function
 154              	P1_IRQ_GetVector:
 155              	.LFB68:
 224:.\Generated_Source\PSoC5/P1_IRQ.c **** }
 225:.\Generated_Source\PSoC5/P1_IRQ.c **** 
 226:.\Generated_Source\PSoC5/P1_IRQ.c **** 
 227:.\Generated_Source\PSoC5/P1_IRQ.c **** /*******************************************************************************
 228:.\Generated_Source\PSoC5/P1_IRQ.c **** * Function Name: P1_IRQ_GetVector
 229:.\Generated_Source\PSoC5/P1_IRQ.c **** ********************************************************************************
 230:.\Generated_Source\PSoC5/P1_IRQ.c **** *
 231:.\Generated_Source\PSoC5/P1_IRQ.c **** * Summary:
 232:.\Generated_Source\PSoC5/P1_IRQ.c **** *   Gets the "address" of the current ISR vector for the Interrupt.
 233:.\Generated_Source\PSoC5/P1_IRQ.c **** *
 234:.\Generated_Source\PSoC5/P1_IRQ.c **** * Parameters:
 235:.\Generated_Source\PSoC5/P1_IRQ.c **** *   None
 236:.\Generated_Source\PSoC5/P1_IRQ.c **** *
 237:.\Generated_Source\PSoC5/P1_IRQ.c **** * Return:
 238:.\Generated_Source\PSoC5/P1_IRQ.c **** *   Address of the ISR in the interrupt vector table.
 239:.\Generated_Source\PSoC5/P1_IRQ.c **** *
 240:.\Generated_Source\PSoC5/P1_IRQ.c **** *******************************************************************************/
 241:.\Generated_Source\PSoC5/P1_IRQ.c **** cyisraddress P1_IRQ_GetVector(void)
 242:.\Generated_Source\PSoC5/P1_IRQ.c **** {
 156              		.loc 1 242 0
 157              		.cfi_startproc
ARM GAS  C:\Users\Thomas\AppData\Local\Temp\ccMJFnoC.s 			page 8


 158              		@ args = 0, pretend = 0, frame = 0
 159              		@ frame_needed = 0, uses_anonymous_args = 0
 160              		@ link register save eliminated.
 243:.\Generated_Source\PSoC5/P1_IRQ.c ****     cyisraddress * ramVectorTable;
 244:.\Generated_Source\PSoC5/P1_IRQ.c **** 
 245:.\Generated_Source\PSoC5/P1_IRQ.c ****     ramVectorTable = (cyisraddress *) *CYINT_VECT_TABLE;
 161              		.loc 1 245 0
 162 0000 014B     		ldr	r3, .L12
 163 0002 1B68     		ldr	r3, [r3]
 164              	.LVL5:
 246:.\Generated_Source\PSoC5/P1_IRQ.c **** 
 247:.\Generated_Source\PSoC5/P1_IRQ.c ****     return ramVectorTable[CYINT_IRQ_BASE + (uint32)P1_IRQ__INTC_NUMBER];
 248:.\Generated_Source\PSoC5/P1_IRQ.c **** }
 165              		.loc 1 248 0
 166 0004 186C     		ldr	r0, [r3, #64]
 167 0006 7047     		bx	lr
 168              	.L13:
 169              		.align	2
 170              	.L12:
 171 0008 08ED00E0 		.word	-536810232
 172              		.cfi_endproc
 173              	.LFE68:
 174              		.size	P1_IRQ_GetVector, .-P1_IRQ_GetVector
 175              		.section	.text.P1_IRQ_SetPriority,"ax",%progbits
 176              		.align	2
 177              		.global	P1_IRQ_SetPriority
 178              		.thumb
 179              		.thumb_func
 180              		.type	P1_IRQ_SetPriority, %function
 181              	P1_IRQ_SetPriority:
 182              	.LFB69:
 249:.\Generated_Source\PSoC5/P1_IRQ.c **** 
 250:.\Generated_Source\PSoC5/P1_IRQ.c **** 
 251:.\Generated_Source\PSoC5/P1_IRQ.c **** /*******************************************************************************
 252:.\Generated_Source\PSoC5/P1_IRQ.c **** * Function Name: P1_IRQ_SetPriority
 253:.\Generated_Source\PSoC5/P1_IRQ.c **** ********************************************************************************
 254:.\Generated_Source\PSoC5/P1_IRQ.c **** *
 255:.\Generated_Source\PSoC5/P1_IRQ.c **** * Summary:
 256:.\Generated_Source\PSoC5/P1_IRQ.c **** *   Sets the Priority of the Interrupt. 
 257:.\Generated_Source\PSoC5/P1_IRQ.c **** *
 258:.\Generated_Source\PSoC5/P1_IRQ.c **** *   Note calling P1_IRQ_Start or P1_IRQ_StartEx will 
 259:.\Generated_Source\PSoC5/P1_IRQ.c **** *   override any effect this API would have had. This API should only be called
 260:.\Generated_Source\PSoC5/P1_IRQ.c **** *   after P1_IRQ_Start or P1_IRQ_StartEx has been called. 
 261:.\Generated_Source\PSoC5/P1_IRQ.c **** *   To set the initial priority for the component, use the Design-Wide Resources
 262:.\Generated_Source\PSoC5/P1_IRQ.c **** *   Interrupt Editor.
 263:.\Generated_Source\PSoC5/P1_IRQ.c **** *
 264:.\Generated_Source\PSoC5/P1_IRQ.c **** *   Note This API has no effect on Non-maskable interrupt NMI).
 265:.\Generated_Source\PSoC5/P1_IRQ.c **** *
 266:.\Generated_Source\PSoC5/P1_IRQ.c **** * Parameters:
 267:.\Generated_Source\PSoC5/P1_IRQ.c **** *   priority: Priority of the interrupt, 0 being the highest priority
 268:.\Generated_Source\PSoC5/P1_IRQ.c **** *             PSoC 3 and PSoC 5LP: Priority is from 0 to 7.
 269:.\Generated_Source\PSoC5/P1_IRQ.c **** *             PSoC 4: Priority is from 0 to 3.
 270:.\Generated_Source\PSoC5/P1_IRQ.c **** *
 271:.\Generated_Source\PSoC5/P1_IRQ.c **** * Return:
 272:.\Generated_Source\PSoC5/P1_IRQ.c **** *   None
 273:.\Generated_Source\PSoC5/P1_IRQ.c **** *
 274:.\Generated_Source\PSoC5/P1_IRQ.c **** *******************************************************************************/
ARM GAS  C:\Users\Thomas\AppData\Local\Temp\ccMJFnoC.s 			page 9


 275:.\Generated_Source\PSoC5/P1_IRQ.c **** void P1_IRQ_SetPriority(uint8 priority)
 276:.\Generated_Source\PSoC5/P1_IRQ.c **** {
 183              		.loc 1 276 0
 184              		.cfi_startproc
 185              		@ args = 0, pretend = 0, frame = 0
 186              		@ frame_needed = 0, uses_anonymous_args = 0
 187              		@ link register save eliminated.
 188              	.LVL6:
 277:.\Generated_Source\PSoC5/P1_IRQ.c ****     *P1_IRQ_INTC_PRIOR = priority << 5;
 189              		.loc 1 277 0
 190 0000 4001     		lsls	r0, r0, #5
 191              	.LVL7:
 192 0002 C0B2     		uxtb	r0, r0
 193 0004 014B     		ldr	r3, .L15
 194 0006 1870     		strb	r0, [r3]
 195 0008 7047     		bx	lr
 196              	.L16:
 197 000a 00BF     		.align	2
 198              	.L15:
 199 000c 00E400E0 		.word	-536812544
 200              		.cfi_endproc
 201              	.LFE69:
 202              		.size	P1_IRQ_SetPriority, .-P1_IRQ_SetPriority
 203              		.section	.text.P1_IRQ_GetPriority,"ax",%progbits
 204              		.align	2
 205              		.global	P1_IRQ_GetPriority
 206              		.thumb
 207              		.thumb_func
 208              		.type	P1_IRQ_GetPriority, %function
 209              	P1_IRQ_GetPriority:
 210              	.LFB70:
 278:.\Generated_Source\PSoC5/P1_IRQ.c **** }
 279:.\Generated_Source\PSoC5/P1_IRQ.c **** 
 280:.\Generated_Source\PSoC5/P1_IRQ.c **** 
 281:.\Generated_Source\PSoC5/P1_IRQ.c **** /*******************************************************************************
 282:.\Generated_Source\PSoC5/P1_IRQ.c **** * Function Name: P1_IRQ_GetPriority
 283:.\Generated_Source\PSoC5/P1_IRQ.c **** ********************************************************************************
 284:.\Generated_Source\PSoC5/P1_IRQ.c **** *
 285:.\Generated_Source\PSoC5/P1_IRQ.c **** * Summary:
 286:.\Generated_Source\PSoC5/P1_IRQ.c **** *   Gets the Priority of the Interrupt.
 287:.\Generated_Source\PSoC5/P1_IRQ.c **** *
 288:.\Generated_Source\PSoC5/P1_IRQ.c **** * Parameters:
 289:.\Generated_Source\PSoC5/P1_IRQ.c **** *   None
 290:.\Generated_Source\PSoC5/P1_IRQ.c **** *
 291:.\Generated_Source\PSoC5/P1_IRQ.c **** * Return:
 292:.\Generated_Source\PSoC5/P1_IRQ.c **** *   Priority of the interrupt, 0 being the highest priority
 293:.\Generated_Source\PSoC5/P1_IRQ.c **** *    PSoC 3 and PSoC 5LP: Priority is from 0 to 7.
 294:.\Generated_Source\PSoC5/P1_IRQ.c **** *    PSoC 4: Priority is from 0 to 3.
 295:.\Generated_Source\PSoC5/P1_IRQ.c **** *
 296:.\Generated_Source\PSoC5/P1_IRQ.c **** *******************************************************************************/
 297:.\Generated_Source\PSoC5/P1_IRQ.c **** uint8 P1_IRQ_GetPriority(void)
 298:.\Generated_Source\PSoC5/P1_IRQ.c **** {
 211              		.loc 1 298 0
 212              		.cfi_startproc
 213              		@ args = 0, pretend = 0, frame = 0
 214              		@ frame_needed = 0, uses_anonymous_args = 0
 215              		@ link register save eliminated.
ARM GAS  C:\Users\Thomas\AppData\Local\Temp\ccMJFnoC.s 			page 10


 299:.\Generated_Source\PSoC5/P1_IRQ.c ****     uint8 priority;
 300:.\Generated_Source\PSoC5/P1_IRQ.c **** 
 301:.\Generated_Source\PSoC5/P1_IRQ.c **** 
 302:.\Generated_Source\PSoC5/P1_IRQ.c ****     priority = *P1_IRQ_INTC_PRIOR >> 5;
 216              		.loc 1 302 0
 217 0000 014B     		ldr	r3, .L18
 218 0002 1878     		ldrb	r0, [r3]	@ zero_extendqisi2
 219              	.LVL8:
 303:.\Generated_Source\PSoC5/P1_IRQ.c **** 
 304:.\Generated_Source\PSoC5/P1_IRQ.c ****     return priority;
 305:.\Generated_Source\PSoC5/P1_IRQ.c **** }
 220              		.loc 1 305 0
 221 0004 4009     		lsrs	r0, r0, #5
 222              	.LVL9:
 223 0006 7047     		bx	lr
 224              	.L19:
 225              		.align	2
 226              	.L18:
 227 0008 00E400E0 		.word	-536812544
 228              		.cfi_endproc
 229              	.LFE70:
 230              		.size	P1_IRQ_GetPriority, .-P1_IRQ_GetPriority
 231              		.section	.text.P1_IRQ_Enable,"ax",%progbits
 232              		.align	2
 233              		.global	P1_IRQ_Enable
 234              		.thumb
 235              		.thumb_func
 236              		.type	P1_IRQ_Enable, %function
 237              	P1_IRQ_Enable:
 238              	.LFB71:
 306:.\Generated_Source\PSoC5/P1_IRQ.c **** 
 307:.\Generated_Source\PSoC5/P1_IRQ.c **** 
 308:.\Generated_Source\PSoC5/P1_IRQ.c **** /*******************************************************************************
 309:.\Generated_Source\PSoC5/P1_IRQ.c **** * Function Name: P1_IRQ_Enable
 310:.\Generated_Source\PSoC5/P1_IRQ.c **** ********************************************************************************
 311:.\Generated_Source\PSoC5/P1_IRQ.c **** *
 312:.\Generated_Source\PSoC5/P1_IRQ.c **** * Summary:
 313:.\Generated_Source\PSoC5/P1_IRQ.c **** *   Enables the interrupt to the interrupt controller. Do not call this function
 314:.\Generated_Source\PSoC5/P1_IRQ.c **** *   unless ISR_Start() has been called or the functionality of the ISR_Start() 
 315:.\Generated_Source\PSoC5/P1_IRQ.c **** *   function, which sets the vector and the priority, has been called.
 316:.\Generated_Source\PSoC5/P1_IRQ.c **** *
 317:.\Generated_Source\PSoC5/P1_IRQ.c **** * Parameters:
 318:.\Generated_Source\PSoC5/P1_IRQ.c **** *   None
 319:.\Generated_Source\PSoC5/P1_IRQ.c **** *
 320:.\Generated_Source\PSoC5/P1_IRQ.c **** * Return:
 321:.\Generated_Source\PSoC5/P1_IRQ.c **** *   None
 322:.\Generated_Source\PSoC5/P1_IRQ.c **** *
 323:.\Generated_Source\PSoC5/P1_IRQ.c **** *******************************************************************************/
 324:.\Generated_Source\PSoC5/P1_IRQ.c **** void P1_IRQ_Enable(void)
 325:.\Generated_Source\PSoC5/P1_IRQ.c **** {
 239              		.loc 1 325 0
 240              		.cfi_startproc
 241              		@ args = 0, pretend = 0, frame = 0
 242              		@ frame_needed = 0, uses_anonymous_args = 0
 243              		@ link register save eliminated.
 326:.\Generated_Source\PSoC5/P1_IRQ.c ****     /* Enable the general interrupt. */
 327:.\Generated_Source\PSoC5/P1_IRQ.c ****     *P1_IRQ_INTC_SET_EN = P1_IRQ__INTC_MASK;
ARM GAS  C:\Users\Thomas\AppData\Local\Temp\ccMJFnoC.s 			page 11


 244              		.loc 1 327 0
 245 0000 0122     		movs	r2, #1
 246 0002 014B     		ldr	r3, .L21
 247 0004 1A60     		str	r2, [r3]
 248 0006 7047     		bx	lr
 249              	.L22:
 250              		.align	2
 251              	.L21:
 252 0008 00E100E0 		.word	-536813312
 253              		.cfi_endproc
 254              	.LFE71:
 255              		.size	P1_IRQ_Enable, .-P1_IRQ_Enable
 256              		.section	.text.P1_IRQ_GetState,"ax",%progbits
 257              		.align	2
 258              		.global	P1_IRQ_GetState
 259              		.thumb
 260              		.thumb_func
 261              		.type	P1_IRQ_GetState, %function
 262              	P1_IRQ_GetState:
 263              	.LFB72:
 328:.\Generated_Source\PSoC5/P1_IRQ.c **** }
 329:.\Generated_Source\PSoC5/P1_IRQ.c **** 
 330:.\Generated_Source\PSoC5/P1_IRQ.c **** 
 331:.\Generated_Source\PSoC5/P1_IRQ.c **** /*******************************************************************************
 332:.\Generated_Source\PSoC5/P1_IRQ.c **** * Function Name: P1_IRQ_GetState
 333:.\Generated_Source\PSoC5/P1_IRQ.c **** ********************************************************************************
 334:.\Generated_Source\PSoC5/P1_IRQ.c **** *
 335:.\Generated_Source\PSoC5/P1_IRQ.c **** * Summary:
 336:.\Generated_Source\PSoC5/P1_IRQ.c **** *   Gets the state (enabled, disabled) of the Interrupt.
 337:.\Generated_Source\PSoC5/P1_IRQ.c **** *
 338:.\Generated_Source\PSoC5/P1_IRQ.c **** * Parameters:
 339:.\Generated_Source\PSoC5/P1_IRQ.c **** *   None
 340:.\Generated_Source\PSoC5/P1_IRQ.c **** *
 341:.\Generated_Source\PSoC5/P1_IRQ.c **** * Return:
 342:.\Generated_Source\PSoC5/P1_IRQ.c **** *   1 if enabled, 0 if disabled.
 343:.\Generated_Source\PSoC5/P1_IRQ.c **** *
 344:.\Generated_Source\PSoC5/P1_IRQ.c **** *******************************************************************************/
 345:.\Generated_Source\PSoC5/P1_IRQ.c **** uint8 P1_IRQ_GetState(void)
 346:.\Generated_Source\PSoC5/P1_IRQ.c **** {
 264              		.loc 1 346 0
 265              		.cfi_startproc
 266              		@ args = 0, pretend = 0, frame = 0
 267              		@ frame_needed = 0, uses_anonymous_args = 0
 268              		@ link register save eliminated.
 347:.\Generated_Source\PSoC5/P1_IRQ.c ****     /* Get the state of the general interrupt. */
 348:.\Generated_Source\PSoC5/P1_IRQ.c ****     return ((*P1_IRQ_INTC_SET_EN & (uint32)P1_IRQ__INTC_MASK) != 0u) ? 1u:0u;
 269              		.loc 1 348 0
 270 0000 024B     		ldr	r3, .L24
 271 0002 1868     		ldr	r0, [r3]
 349:.\Generated_Source\PSoC5/P1_IRQ.c **** }
 272              		.loc 1 349 0
 273 0004 00F00100 		and	r0, r0, #1
 274 0008 7047     		bx	lr
 275              	.L25:
 276 000a 00BF     		.align	2
 277              	.L24:
 278 000c 00E100E0 		.word	-536813312
ARM GAS  C:\Users\Thomas\AppData\Local\Temp\ccMJFnoC.s 			page 12


 279              		.cfi_endproc
 280              	.LFE72:
 281              		.size	P1_IRQ_GetState, .-P1_IRQ_GetState
 282              		.section	.text.P1_IRQ_Disable,"ax",%progbits
 283              		.align	2
 284              		.global	P1_IRQ_Disable
 285              		.thumb
 286              		.thumb_func
 287              		.type	P1_IRQ_Disable, %function
 288              	P1_IRQ_Disable:
 289              	.LFB73:
 350:.\Generated_Source\PSoC5/P1_IRQ.c **** 
 351:.\Generated_Source\PSoC5/P1_IRQ.c **** 
 352:.\Generated_Source\PSoC5/P1_IRQ.c **** /*******************************************************************************
 353:.\Generated_Source\PSoC5/P1_IRQ.c **** * Function Name: P1_IRQ_Disable
 354:.\Generated_Source\PSoC5/P1_IRQ.c **** ********************************************************************************
 355:.\Generated_Source\PSoC5/P1_IRQ.c **** *
 356:.\Generated_Source\PSoC5/P1_IRQ.c **** * Summary:
 357:.\Generated_Source\PSoC5/P1_IRQ.c **** *   Disables the Interrupt in the interrupt controller.
 358:.\Generated_Source\PSoC5/P1_IRQ.c **** *
 359:.\Generated_Source\PSoC5/P1_IRQ.c **** * Parameters:
 360:.\Generated_Source\PSoC5/P1_IRQ.c **** *   None
 361:.\Generated_Source\PSoC5/P1_IRQ.c **** *
 362:.\Generated_Source\PSoC5/P1_IRQ.c **** * Return:
 363:.\Generated_Source\PSoC5/P1_IRQ.c **** *   None
 364:.\Generated_Source\PSoC5/P1_IRQ.c **** *
 365:.\Generated_Source\PSoC5/P1_IRQ.c **** *******************************************************************************/
 366:.\Generated_Source\PSoC5/P1_IRQ.c **** void P1_IRQ_Disable(void)
 367:.\Generated_Source\PSoC5/P1_IRQ.c **** {
 290              		.loc 1 367 0
 291              		.cfi_startproc
 292              		@ args = 0, pretend = 0, frame = 0
 293              		@ frame_needed = 0, uses_anonymous_args = 0
 294              		@ link register save eliminated.
 368:.\Generated_Source\PSoC5/P1_IRQ.c ****     /* Disable the general interrupt. */
 369:.\Generated_Source\PSoC5/P1_IRQ.c ****     *P1_IRQ_INTC_CLR_EN = P1_IRQ__INTC_MASK;
 295              		.loc 1 369 0
 296 0000 0122     		movs	r2, #1
 297 0002 014B     		ldr	r3, .L27
 298 0004 1A60     		str	r2, [r3]
 299 0006 7047     		bx	lr
 300              	.L28:
 301              		.align	2
 302              	.L27:
 303 0008 80E100E0 		.word	-536813184
 304              		.cfi_endproc
 305              	.LFE73:
 306              		.size	P1_IRQ_Disable, .-P1_IRQ_Disable
 307              		.section	.text.P1_IRQ_Start,"ax",%progbits
 308              		.align	2
 309              		.global	P1_IRQ_Start
 310              		.thumb
 311              		.thumb_func
 312              		.type	P1_IRQ_Start, %function
 313              	P1_IRQ_Start:
 314              	.LFB63:
  63:.\Generated_Source\PSoC5/P1_IRQ.c ****     /* For all we know the interrupt is active. */
ARM GAS  C:\Users\Thomas\AppData\Local\Temp\ccMJFnoC.s 			page 13


 315              		.loc 1 63 0
 316              		.cfi_startproc
 317              		@ args = 0, pretend = 0, frame = 0
 318              		@ frame_needed = 0, uses_anonymous_args = 0
 319 0000 08B5     		push	{r3, lr}
 320              		.cfi_def_cfa_offset 8
 321              		.cfi_offset 3, -8
 322              		.cfi_offset 14, -4
  65:.\Generated_Source\PSoC5/P1_IRQ.c **** 
 323              		.loc 1 65 0
 324 0002 FFF7FEFF 		bl	P1_IRQ_Disable
 325              	.LVL10:
  68:.\Generated_Source\PSoC5/P1_IRQ.c **** 
 326              		.loc 1 68 0
 327 0006 0448     		ldr	r0, .L31
 328 0008 FFF7FEFF 		bl	P1_IRQ_SetVector
 329              	.LVL11:
  71:.\Generated_Source\PSoC5/P1_IRQ.c **** 
 330              		.loc 1 71 0
 331 000c 0020     		movs	r0, #0
 332 000e FFF7FEFF 		bl	P1_IRQ_SetPriority
 333              	.LVL12:
  74:.\Generated_Source\PSoC5/P1_IRQ.c **** }
 334              		.loc 1 74 0
 335 0012 FFF7FEFF 		bl	P1_IRQ_Enable
 336              	.LVL13:
 337 0016 08BD     		pop	{r3, pc}
 338              	.L32:
 339              		.align	2
 340              	.L31:
 341 0018 00000000 		.word	P1_IRQ_Interrupt
 342              		.cfi_endproc
 343              	.LFE63:
 344              		.size	P1_IRQ_Start, .-P1_IRQ_Start
 345              		.section	.text.P1_IRQ_StartEx,"ax",%progbits
 346              		.align	2
 347              		.global	P1_IRQ_StartEx
 348              		.thumb
 349              		.thumb_func
 350              		.type	P1_IRQ_StartEx, %function
 351              	P1_IRQ_StartEx:
 352              	.LFB64:
 106:.\Generated_Source\PSoC5/P1_IRQ.c ****     /* For all we know the interrupt is active. */
 353              		.loc 1 106 0
 354              		.cfi_startproc
 355              		@ args = 0, pretend = 0, frame = 0
 356              		@ frame_needed = 0, uses_anonymous_args = 0
 357              	.LVL14:
 358 0000 10B5     		push	{r4, lr}
 359              		.cfi_def_cfa_offset 8
 360              		.cfi_offset 4, -8
 361              		.cfi_offset 14, -4
 362 0002 0446     		mov	r4, r0
 108:.\Generated_Source\PSoC5/P1_IRQ.c **** 
 363              		.loc 1 108 0
 364 0004 FFF7FEFF 		bl	P1_IRQ_Disable
 365              	.LVL15:
ARM GAS  C:\Users\Thomas\AppData\Local\Temp\ccMJFnoC.s 			page 14


 111:.\Generated_Source\PSoC5/P1_IRQ.c **** 
 366              		.loc 1 111 0
 367 0008 2046     		mov	r0, r4
 368 000a FFF7FEFF 		bl	P1_IRQ_SetVector
 369              	.LVL16:
 114:.\Generated_Source\PSoC5/P1_IRQ.c **** 
 370              		.loc 1 114 0
 371 000e 0020     		movs	r0, #0
 372 0010 FFF7FEFF 		bl	P1_IRQ_SetPriority
 373              	.LVL17:
 117:.\Generated_Source\PSoC5/P1_IRQ.c **** }
 374              		.loc 1 117 0
 375 0014 FFF7FEFF 		bl	P1_IRQ_Enable
 376              	.LVL18:
 377 0018 10BD     		pop	{r4, pc}
 378              		.cfi_endproc
 379              	.LFE64:
 380              		.size	P1_IRQ_StartEx, .-P1_IRQ_StartEx
 381 001a 00BF     		.section	.text.P1_IRQ_Stop,"ax",%progbits
 382              		.align	2
 383              		.global	P1_IRQ_Stop
 384              		.thumb
 385              		.thumb_func
 386              		.type	P1_IRQ_Stop, %function
 387              	P1_IRQ_Stop:
 388              	.LFB65:
 136:.\Generated_Source\PSoC5/P1_IRQ.c ****     /* Disable this interrupt. */
 389              		.loc 1 136 0
 390              		.cfi_startproc
 391              		@ args = 0, pretend = 0, frame = 0
 392              		@ frame_needed = 0, uses_anonymous_args = 0
 393 0000 08B5     		push	{r3, lr}
 394              		.cfi_def_cfa_offset 8
 395              		.cfi_offset 3, -8
 396              		.cfi_offset 14, -4
 138:.\Generated_Source\PSoC5/P1_IRQ.c **** 
 397              		.loc 1 138 0
 398 0002 FFF7FEFF 		bl	P1_IRQ_Disable
 399              	.LVL19:
 141:.\Generated_Source\PSoC5/P1_IRQ.c **** }
 400              		.loc 1 141 0
 401 0006 0248     		ldr	r0, .L37
 402 0008 FFF7FEFF 		bl	P1_IRQ_SetVector
 403              	.LVL20:
 404 000c 08BD     		pop	{r3, pc}
 405              	.L38:
 406 000e 00BF     		.align	2
 407              	.L37:
 408 0010 00000000 		.word	IntDefaultHandler
 409              		.cfi_endproc
 410              	.LFE65:
 411              		.size	P1_IRQ_Stop, .-P1_IRQ_Stop
 412              		.section	.text.P1_IRQ_SetPending,"ax",%progbits
 413              		.align	2
 414              		.global	P1_IRQ_SetPending
 415              		.thumb
 416              		.thumb_func
ARM GAS  C:\Users\Thomas\AppData\Local\Temp\ccMJFnoC.s 			page 15


 417              		.type	P1_IRQ_SetPending, %function
 418              	P1_IRQ_SetPending:
 419              	.LFB74:
 370:.\Generated_Source\PSoC5/P1_IRQ.c **** }
 371:.\Generated_Source\PSoC5/P1_IRQ.c **** 
 372:.\Generated_Source\PSoC5/P1_IRQ.c **** 
 373:.\Generated_Source\PSoC5/P1_IRQ.c **** /*******************************************************************************
 374:.\Generated_Source\PSoC5/P1_IRQ.c **** * Function Name: P1_IRQ_SetPending
 375:.\Generated_Source\PSoC5/P1_IRQ.c **** ********************************************************************************
 376:.\Generated_Source\PSoC5/P1_IRQ.c **** *
 377:.\Generated_Source\PSoC5/P1_IRQ.c **** * Summary:
 378:.\Generated_Source\PSoC5/P1_IRQ.c **** *   Causes the Interrupt to enter the pending state, a software method of
 379:.\Generated_Source\PSoC5/P1_IRQ.c **** *   generating the interrupt.
 380:.\Generated_Source\PSoC5/P1_IRQ.c **** *
 381:.\Generated_Source\PSoC5/P1_IRQ.c **** * Parameters:
 382:.\Generated_Source\PSoC5/P1_IRQ.c **** *   None
 383:.\Generated_Source\PSoC5/P1_IRQ.c **** *
 384:.\Generated_Source\PSoC5/P1_IRQ.c **** * Return:
 385:.\Generated_Source\PSoC5/P1_IRQ.c **** *   None
 386:.\Generated_Source\PSoC5/P1_IRQ.c **** *
 387:.\Generated_Source\PSoC5/P1_IRQ.c **** * Side Effects:
 388:.\Generated_Source\PSoC5/P1_IRQ.c **** *   If interrupts are enabled and the interrupt is set up properly, the ISR is
 389:.\Generated_Source\PSoC5/P1_IRQ.c **** *   entered (depending on the priority of this interrupt and other pending 
 390:.\Generated_Source\PSoC5/P1_IRQ.c **** *   interrupts).
 391:.\Generated_Source\PSoC5/P1_IRQ.c **** *
 392:.\Generated_Source\PSoC5/P1_IRQ.c **** *******************************************************************************/
 393:.\Generated_Source\PSoC5/P1_IRQ.c **** void P1_IRQ_SetPending(void)
 394:.\Generated_Source\PSoC5/P1_IRQ.c **** {
 420              		.loc 1 394 0
 421              		.cfi_startproc
 422              		@ args = 0, pretend = 0, frame = 0
 423              		@ frame_needed = 0, uses_anonymous_args = 0
 424              		@ link register save eliminated.
 395:.\Generated_Source\PSoC5/P1_IRQ.c ****     *P1_IRQ_INTC_SET_PD = P1_IRQ__INTC_MASK;
 425              		.loc 1 395 0
 426 0000 0122     		movs	r2, #1
 427 0002 014B     		ldr	r3, .L40
 428 0004 1A60     		str	r2, [r3]
 429 0006 7047     		bx	lr
 430              	.L41:
 431              		.align	2
 432              	.L40:
 433 0008 00E200E0 		.word	-536813056
 434              		.cfi_endproc
 435              	.LFE74:
 436              		.size	P1_IRQ_SetPending, .-P1_IRQ_SetPending
 437              		.section	.text.P1_IRQ_ClearPending,"ax",%progbits
 438              		.align	2
 439              		.global	P1_IRQ_ClearPending
 440              		.thumb
 441              		.thumb_func
 442              		.type	P1_IRQ_ClearPending, %function
 443              	P1_IRQ_ClearPending:
 444              	.LFB75:
 396:.\Generated_Source\PSoC5/P1_IRQ.c **** }
 397:.\Generated_Source\PSoC5/P1_IRQ.c **** 
 398:.\Generated_Source\PSoC5/P1_IRQ.c **** 
ARM GAS  C:\Users\Thomas\AppData\Local\Temp\ccMJFnoC.s 			page 16


 399:.\Generated_Source\PSoC5/P1_IRQ.c **** /*******************************************************************************
 400:.\Generated_Source\PSoC5/P1_IRQ.c **** * Function Name: P1_IRQ_ClearPending
 401:.\Generated_Source\PSoC5/P1_IRQ.c **** ********************************************************************************
 402:.\Generated_Source\PSoC5/P1_IRQ.c **** *
 403:.\Generated_Source\PSoC5/P1_IRQ.c **** * Summary:
 404:.\Generated_Source\PSoC5/P1_IRQ.c **** *   Clears a pending interrupt in the interrupt controller.
 405:.\Generated_Source\PSoC5/P1_IRQ.c **** *
 406:.\Generated_Source\PSoC5/P1_IRQ.c **** *   Note Some interrupt sources are clear-on-read and require the block 
 407:.\Generated_Source\PSoC5/P1_IRQ.c **** *   interrupt/status register to be read/cleared with the appropriate block API 
 408:.\Generated_Source\PSoC5/P1_IRQ.c **** *   (GPIO, UART, and so on). Otherwise the ISR will continue to remain in 
 409:.\Generated_Source\PSoC5/P1_IRQ.c **** *   pending state even though the interrupt itself is cleared using this API.
 410:.\Generated_Source\PSoC5/P1_IRQ.c **** *
 411:.\Generated_Source\PSoC5/P1_IRQ.c **** * Parameters:
 412:.\Generated_Source\PSoC5/P1_IRQ.c **** *   None
 413:.\Generated_Source\PSoC5/P1_IRQ.c **** *
 414:.\Generated_Source\PSoC5/P1_IRQ.c **** * Return:
 415:.\Generated_Source\PSoC5/P1_IRQ.c **** *   None
 416:.\Generated_Source\PSoC5/P1_IRQ.c **** *
 417:.\Generated_Source\PSoC5/P1_IRQ.c **** *******************************************************************************/
 418:.\Generated_Source\PSoC5/P1_IRQ.c **** void P1_IRQ_ClearPending(void)
 419:.\Generated_Source\PSoC5/P1_IRQ.c **** {
 445              		.loc 1 419 0
 446              		.cfi_startproc
 447              		@ args = 0, pretend = 0, frame = 0
 448              		@ frame_needed = 0, uses_anonymous_args = 0
 449              		@ link register save eliminated.
 420:.\Generated_Source\PSoC5/P1_IRQ.c ****     *P1_IRQ_INTC_CLR_PD = P1_IRQ__INTC_MASK;
 450              		.loc 1 420 0
 451 0000 0122     		movs	r2, #1
 452 0002 014B     		ldr	r3, .L43
 453 0004 1A60     		str	r2, [r3]
 454 0006 7047     		bx	lr
 455              	.L44:
 456              		.align	2
 457              	.L43:
 458 0008 80E200E0 		.word	-536812928
 459              		.cfi_endproc
 460              	.LFE75:
 461              		.size	P1_IRQ_ClearPending, .-P1_IRQ_ClearPending
 462              		.comm	request,8,4
 463              		.comm	lines,4,4
 464              		.comm	ports,4,4
 465              		.comm	latches,8,4
 466              		.comm	window_off,8,4
 467              		.comm	bytes,4,4
 468              		.comm	disable_timer,8,4
 469              		.comm	use_timer,8,4
 470              		.comm	timer_ready,8,4
 471              		.comm	ready,4,4
 472              		.comm	input,24576,4
 473              		.comm	data,12,4
 474              		.comm	buf_ptr,8,4
 475              		.comm	input_ptr,8,4
 476              		.comm	playing,4,4
 477              		.comm	sent,4,4
 478              		.text
 479              	.Letext0:
ARM GAS  C:\Users\Thomas\AppData\Local\Temp\ccMJFnoC.s 			page 17


 480              		.file 2 "c:\\program files (x86)\\cypress\\psoc creator\\3.3\\psoc creator\\import\\gnu\\arm\\4.9.
 481              		.file 3 "c:\\program files (x86)\\cypress\\psoc creator\\3.3\\psoc creator\\import\\gnu\\arm\\4.9.
 482              		.file 4 "Generated_Source\\PSoC5/cytypes.h"
 483              		.file 5 "Generated_Source\\PSoC5/core_cm3.h"
 484              		.file 6 "./main.h"
 485              		.file 7 "Generated_Source\\PSoC5/P1_RegD0.h"
 486              		.file 8 "Generated_Source\\PSoC5/P1_RegD1.h"
 487              		.file 9 "Generated_Source\\PSoC5/P1_RegD2.h"
 488              		.section	.debug_info,"",%progbits
 489              	.Ldebug_info0:
 490 0000 C7040000 		.4byte	0x4c7
 491 0004 0400     		.2byte	0x4
 492 0006 00000000 		.4byte	.Ldebug_abbrev0
 493 000a 04       		.byte	0x4
 494 000b 01       		.uleb128 0x1
 495 000c AA010000 		.4byte	.LASF55
 496 0010 01       		.byte	0x1
 497 0011 6D030000 		.4byte	.LASF56
 498 0015 39010000 		.4byte	.LASF57
 499 0019 00000000 		.4byte	.Ldebug_ranges0+0
 500 001d 00000000 		.4byte	0
 501 0021 00000000 		.4byte	.Ldebug_line0
 502 0025 02       		.uleb128 0x2
 503 0026 04       		.byte	0x4
 504 0027 05       		.byte	0x5
 505 0028 696E7400 		.ascii	"int\000"
 506 002c 03       		.uleb128 0x3
 507 002d 04       		.byte	0x4
 508 002e 07       		.byte	0x7
 509 002f 38020000 		.4byte	.LASF0
 510 0033 03       		.uleb128 0x3
 511 0034 01       		.byte	0x1
 512 0035 06       		.byte	0x6
 513 0036 42030000 		.4byte	.LASF1
 514 003a 03       		.uleb128 0x3
 515 003b 01       		.byte	0x1
 516 003c 08       		.byte	0x8
 517 003d D1000000 		.4byte	.LASF2
 518 0041 03       		.uleb128 0x3
 519 0042 02       		.byte	0x2
 520 0043 05       		.byte	0x5
 521 0044 FA020000 		.4byte	.LASF3
 522 0048 03       		.uleb128 0x3
 523 0049 02       		.byte	0x2
 524 004a 07       		.byte	0x7
 525 004b 01010000 		.4byte	.LASF4
 526 004f 04       		.uleb128 0x4
 527 0050 58000000 		.4byte	.LASF11
 528 0054 02       		.byte	0x2
 529 0055 3F       		.byte	0x3f
 530 0056 5A000000 		.4byte	0x5a
 531 005a 03       		.uleb128 0x3
 532 005b 04       		.byte	0x4
 533 005c 05       		.byte	0x5
 534 005d 1F030000 		.4byte	.LASF5
 535 0061 03       		.uleb128 0x3
 536 0062 04       		.byte	0x4
ARM GAS  C:\Users\Thomas\AppData\Local\Temp\ccMJFnoC.s 			page 18


 537 0063 07       		.byte	0x7
 538 0064 27010000 		.4byte	.LASF6
 539 0068 03       		.uleb128 0x3
 540 0069 08       		.byte	0x8
 541 006a 05       		.byte	0x5
 542 006b B4020000 		.4byte	.LASF7
 543 006f 03       		.uleb128 0x3
 544 0070 08       		.byte	0x8
 545 0071 07       		.byte	0x7
 546 0072 4D020000 		.4byte	.LASF8
 547 0076 03       		.uleb128 0x3
 548 0077 04       		.byte	0x4
 549 0078 07       		.byte	0x7
 550 0079 A6020000 		.4byte	.LASF9
 551 007d 05       		.uleb128 0x5
 552 007e 04       		.byte	0x4
 553 007f 83000000 		.4byte	0x83
 554 0083 06       		.uleb128 0x6
 555 0084 03       		.uleb128 0x3
 556 0085 01       		.byte	0x1
 557 0086 08       		.byte	0x8
 558 0087 CA020000 		.4byte	.LASF10
 559 008b 04       		.uleb128 0x4
 560 008c A7000000 		.4byte	.LASF12
 561 0090 03       		.byte	0x3
 562 0091 2C       		.byte	0x2c
 563 0092 4F000000 		.4byte	0x4f
 564 0096 07       		.uleb128 0x7
 565 0097 04030000 		.4byte	.LASF13
 566 009b 04       		.byte	0x4
 567 009c 9201     		.2byte	0x192
 568 009e 3A000000 		.4byte	0x3a
 569 00a2 07       		.uleb128 0x7
 570 00a3 90010000 		.4byte	.LASF14
 571 00a7 04       		.byte	0x4
 572 00a8 9301     		.2byte	0x193
 573 00aa 48000000 		.4byte	0x48
 574 00ae 07       		.uleb128 0x7
 575 00af A3010000 		.4byte	.LASF15
 576 00b3 04       		.byte	0x4
 577 00b4 9401     		.2byte	0x194
 578 00b6 61000000 		.4byte	0x61
 579 00ba 03       		.uleb128 0x3
 580 00bb 04       		.byte	0x4
 581 00bc 04       		.byte	0x4
 582 00bd AF000000 		.4byte	.LASF16
 583 00c1 03       		.uleb128 0x3
 584 00c2 08       		.byte	0x8
 585 00c3 04       		.byte	0x4
 586 00c4 6A000000 		.4byte	.LASF17
 587 00c8 07       		.uleb128 0x7
 588 00c9 E5000000 		.4byte	.LASF18
 589 00cd 04       		.byte	0x4
 590 00ce 3C02     		.2byte	0x23c
 591 00d0 D4000000 		.4byte	0xd4
 592 00d4 08       		.uleb128 0x8
 593 00d5 96000000 		.4byte	0x96
ARM GAS  C:\Users\Thomas\AppData\Local\Temp\ccMJFnoC.s 			page 19


 594 00d9 07       		.uleb128 0x7
 595 00da 1F000000 		.4byte	.LASF19
 596 00de 04       		.byte	0x4
 597 00df 3E02     		.2byte	0x23e
 598 00e1 E5000000 		.4byte	0xe5
 599 00e5 08       		.uleb128 0x8
 600 00e6 AE000000 		.4byte	0xae
 601 00ea 07       		.uleb128 0x7
 602 00eb 7B020000 		.4byte	.LASF20
 603 00ef 04       		.byte	0x4
 604 00f0 4E02     		.2byte	0x24e
 605 00f2 7D000000 		.4byte	0x7d
 606 00f6 09       		.uleb128 0x9
 607 00f7 D7020000 		.4byte	.LASF21
 608 00fb 01       		.byte	0x1
 609 00fc A1       		.byte	0xa1
 610 00fd 00000000 		.4byte	.LFB66
 611 0101 A4000000 		.4byte	.LFE66-.LFB66
 612 0105 01       		.uleb128 0x1
 613 0106 9C       		.byte	0x9c
 614 0107 27010000 		.4byte	0x127
 615 010b 0A       		.uleb128 0xa
 616 010c 0C000000 		.4byte	.LVL0
 617 0110 9B040000 		.4byte	0x49b
 618 0114 0A       		.uleb128 0xa
 619 0115 14000000 		.4byte	.LVL1
 620 0119 AC040000 		.4byte	0x4ac
 621 011d 0A       		.uleb128 0xa
 622 011e 1C000000 		.4byte	.LVL2
 623 0122 BD040000 		.4byte	0x4bd
 624 0126 00       		.byte	0
 625 0127 09       		.uleb128 0x9
 626 0128 F0000000 		.4byte	.LASF22
 627 012c 01       		.byte	0x1
 628 012d D9       		.byte	0xd9
 629 012e 00000000 		.4byte	.LFB67
 630 0132 0C000000 		.4byte	.LFE67-.LFB67
 631 0136 01       		.uleb128 0x1
 632 0137 9C       		.byte	0x9c
 633 0138 57010000 		.4byte	0x157
 634 013c 0B       		.uleb128 0xb
 635 013d 45020000 		.4byte	.LASF25
 636 0141 01       		.byte	0x1
 637 0142 D9       		.byte	0xd9
 638 0143 EA000000 		.4byte	0xea
 639 0147 01       		.uleb128 0x1
 640 0148 50       		.byte	0x50
 641 0149 0C       		.uleb128 0xc
 642 014a 0A030000 		.4byte	.LASF23
 643 014e 01       		.byte	0x1
 644 014f DB       		.byte	0xdb
 645 0150 57010000 		.4byte	0x157
 646 0154 01       		.uleb128 0x1
 647 0155 53       		.byte	0x53
 648 0156 00       		.byte	0
 649 0157 05       		.uleb128 0x5
 650 0158 04       		.byte	0x4
ARM GAS  C:\Users\Thomas\AppData\Local\Temp\ccMJFnoC.s 			page 20


 651 0159 EA000000 		.4byte	0xea
 652 015d 0D       		.uleb128 0xd
 653 015e 0E000000 		.4byte	.LASF27
 654 0162 01       		.byte	0x1
 655 0163 F1       		.byte	0xf1
 656 0164 EA000000 		.4byte	0xea
 657 0168 00000000 		.4byte	.LFB68
 658 016c 0C000000 		.4byte	.LFE68-.LFB68
 659 0170 01       		.uleb128 0x1
 660 0171 9C       		.byte	0x9c
 661 0172 84010000 		.4byte	0x184
 662 0176 0C       		.uleb128 0xc
 663 0177 0A030000 		.4byte	.LASF23
 664 017b 01       		.byte	0x1
 665 017c F3       		.byte	0xf3
 666 017d 57010000 		.4byte	0x157
 667 0181 01       		.uleb128 0x1
 668 0182 53       		.byte	0x53
 669 0183 00       		.byte	0
 670 0184 0E       		.uleb128 0xe
 671 0185 74010000 		.4byte	.LASF24
 672 0189 01       		.byte	0x1
 673 018a 1301     		.2byte	0x113
 674 018c 00000000 		.4byte	.LFB69
 675 0190 10000000 		.4byte	.LFE69-.LFB69
 676 0194 01       		.uleb128 0x1
 677 0195 9C       		.byte	0x9c
 678 0196 AB010000 		.4byte	0x1ab
 679 019a 0F       		.uleb128 0xf
 680 019b 87010000 		.4byte	.LASF26
 681 019f 01       		.byte	0x1
 682 01a0 1301     		.2byte	0x113
 683 01a2 96000000 		.4byte	0x96
 684 01a6 00000000 		.4byte	.LLST0
 685 01aa 00       		.byte	0
 686 01ab 10       		.uleb128 0x10
 687 01ac 94000000 		.4byte	.LASF28
 688 01b0 01       		.byte	0x1
 689 01b1 2901     		.2byte	0x129
 690 01b3 96000000 		.4byte	0x96
 691 01b7 00000000 		.4byte	.LFB70
 692 01bb 0C000000 		.4byte	.LFE70-.LFB70
 693 01bf 01       		.uleb128 0x1
 694 01c0 9C       		.byte	0x9c
 695 01c1 D6010000 		.4byte	0x1d6
 696 01c5 11       		.uleb128 0x11
 697 01c6 87010000 		.4byte	.LASF26
 698 01ca 01       		.byte	0x1
 699 01cb 2B01     		.2byte	0x12b
 700 01cd 96000000 		.4byte	0x96
 701 01d1 21000000 		.4byte	.LLST1
 702 01d5 00       		.byte	0
 703 01d6 12       		.uleb128 0x12
 704 01d7 88020000 		.4byte	.LASF29
 705 01db 01       		.byte	0x1
 706 01dc 4401     		.2byte	0x144
 707 01de 00000000 		.4byte	.LFB71
ARM GAS  C:\Users\Thomas\AppData\Local\Temp\ccMJFnoC.s 			page 21


 708 01e2 0C000000 		.4byte	.LFE71-.LFB71
 709 01e6 01       		.uleb128 0x1
 710 01e7 9C       		.byte	0x9c
 711 01e8 13       		.uleb128 0x13
 712 01e9 96020000 		.4byte	.LASF58
 713 01ed 01       		.byte	0x1
 714 01ee 5901     		.2byte	0x159
 715 01f0 96000000 		.4byte	0x96
 716 01f4 00000000 		.4byte	.LFB72
 717 01f8 10000000 		.4byte	.LFE72-.LFB72
 718 01fc 01       		.uleb128 0x1
 719 01fd 9C       		.byte	0x9c
 720 01fe 12       		.uleb128 0x12
 721 01ff 85000000 		.4byte	.LASF30
 722 0203 01       		.byte	0x1
 723 0204 6E01     		.2byte	0x16e
 724 0206 00000000 		.4byte	.LFB73
 725 020a 0C000000 		.4byte	.LFE73-.LFB73
 726 020e 01       		.uleb128 0x1
 727 020f 9C       		.byte	0x9c
 728 0210 09       		.uleb128 0x9
 729 0211 3F000000 		.4byte	.LASF31
 730 0215 01       		.byte	0x1
 731 0216 3E       		.byte	0x3e
 732 0217 00000000 		.4byte	.LFB63
 733 021b 1C000000 		.4byte	.LFE63-.LFB63
 734 021f 01       		.uleb128 0x1
 735 0220 9C       		.byte	0x9c
 736 0221 62020000 		.4byte	0x262
 737 0225 0A       		.uleb128 0xa
 738 0226 06000000 		.4byte	.LVL10
 739 022a FE010000 		.4byte	0x1fe
 740 022e 14       		.uleb128 0x14
 741 022f 0C000000 		.4byte	.LVL11
 742 0233 27010000 		.4byte	0x127
 743 0237 45020000 		.4byte	0x245
 744 023b 15       		.uleb128 0x15
 745 023c 01       		.uleb128 0x1
 746 023d 50       		.byte	0x50
 747 023e 05       		.uleb128 0x5
 748 023f 03       		.byte	0x3
 749 0240 00000000 		.4byte	P1_IRQ_Interrupt
 750 0244 00       		.byte	0
 751 0245 14       		.uleb128 0x14
 752 0246 12000000 		.4byte	.LVL12
 753 024a 84010000 		.4byte	0x184
 754 024e 58020000 		.4byte	0x258
 755 0252 15       		.uleb128 0x15
 756 0253 01       		.uleb128 0x1
 757 0254 50       		.byte	0x50
 758 0255 01       		.uleb128 0x1
 759 0256 30       		.byte	0x30
 760 0257 00       		.byte	0
 761 0258 0A       		.uleb128 0xa
 762 0259 16000000 		.4byte	.LVL13
 763 025d D6010000 		.4byte	0x1d6
 764 0261 00       		.byte	0
ARM GAS  C:\Users\Thomas\AppData\Local\Temp\ccMJFnoC.s 			page 22


 765 0262 09       		.uleb128 0x9
 766 0263 30000000 		.4byte	.LASF32
 767 0267 01       		.byte	0x1
 768 0268 69       		.byte	0x69
 769 0269 00000000 		.4byte	.LFB64
 770 026d 1A000000 		.4byte	.LFE64-.LFB64
 771 0271 01       		.uleb128 0x1
 772 0272 9C       		.byte	0x9c
 773 0273 C0020000 		.4byte	0x2c0
 774 0277 16       		.uleb128 0x16
 775 0278 45020000 		.4byte	.LASF25
 776 027c 01       		.byte	0x1
 777 027d 69       		.byte	0x69
 778 027e EA000000 		.4byte	0xea
 779 0282 38000000 		.4byte	.LLST2
 780 0286 0A       		.uleb128 0xa
 781 0287 08000000 		.4byte	.LVL15
 782 028b FE010000 		.4byte	0x1fe
 783 028f 14       		.uleb128 0x14
 784 0290 0E000000 		.4byte	.LVL16
 785 0294 27010000 		.4byte	0x127
 786 0298 A3020000 		.4byte	0x2a3
 787 029c 15       		.uleb128 0x15
 788 029d 01       		.uleb128 0x1
 789 029e 50       		.byte	0x50
 790 029f 02       		.uleb128 0x2
 791 02a0 74       		.byte	0x74
 792 02a1 00       		.sleb128 0
 793 02a2 00       		.byte	0
 794 02a3 14       		.uleb128 0x14
 795 02a4 14000000 		.4byte	.LVL17
 796 02a8 84010000 		.4byte	0x184
 797 02ac B6020000 		.4byte	0x2b6
 798 02b0 15       		.uleb128 0x15
 799 02b1 01       		.uleb128 0x1
 800 02b2 50       		.byte	0x50
 801 02b3 01       		.uleb128 0x1
 802 02b4 30       		.byte	0x30
 803 02b5 00       		.byte	0
 804 02b6 0A       		.uleb128 0xa
 805 02b7 18000000 		.4byte	.LVL18
 806 02bb D6010000 		.4byte	0x1d6
 807 02bf 00       		.byte	0
 808 02c0 09       		.uleb128 0x9
 809 02c1 4C000000 		.4byte	.LASF33
 810 02c5 01       		.byte	0x1
 811 02c6 87       		.byte	0x87
 812 02c7 00000000 		.4byte	.LFB65
 813 02cb 14000000 		.4byte	.LFE65-.LFB65
 814 02cf 01       		.uleb128 0x1
 815 02d0 9C       		.byte	0x9c
 816 02d1 E8020000 		.4byte	0x2e8
 817 02d5 0A       		.uleb128 0xa
 818 02d6 06000000 		.4byte	.LVL19
 819 02da FE010000 		.4byte	0x1fe
 820 02de 0A       		.uleb128 0xa
 821 02df 0C000000 		.4byte	.LVL20
ARM GAS  C:\Users\Thomas\AppData\Local\Temp\ccMJFnoC.s 			page 23


 822 02e3 27010000 		.4byte	0x127
 823 02e7 00       		.byte	0
 824 02e8 12       		.uleb128 0x12
 825 02e9 E8020000 		.4byte	.LASF34
 826 02ed 01       		.byte	0x1
 827 02ee 8901     		.2byte	0x189
 828 02f0 00000000 		.4byte	.LFB74
 829 02f4 0C000000 		.4byte	.LFE74-.LFB74
 830 02f8 01       		.uleb128 0x1
 831 02f9 9C       		.byte	0x9c
 832 02fa 12       		.uleb128 0x12
 833 02fb 71000000 		.4byte	.LASF35
 834 02ff 01       		.byte	0x1
 835 0300 A201     		.2byte	0x1a2
 836 0302 00000000 		.4byte	.LFB75
 837 0306 0C000000 		.4byte	.LFE75-.LFB75
 838 030a 01       		.uleb128 0x1
 839 030b 9C       		.byte	0x9c
 840 030c 17       		.uleb128 0x17
 841 030d 1A010000 		.4byte	.LASF36
 842 0311 05       		.byte	0x5
 843 0312 9606     		.2byte	0x696
 844 0314 18030000 		.4byte	0x318
 845 0318 08       		.uleb128 0x8
 846 0319 8B000000 		.4byte	0x8b
 847 031d 18       		.uleb128 0x18
 848 031e AF020000 		.4byte	.LASF37
 849 0322 06       		.byte	0x6
 850 0323 10       		.byte	0x10
 851 0324 2E030000 		.4byte	0x32e
 852 0328 05       		.uleb128 0x5
 853 0329 03       		.byte	0x3
 854 032a 00000000 		.4byte	sent
 855 032e 08       		.uleb128 0x8
 856 032f 25000000 		.4byte	0x25
 857 0333 18       		.uleb128 0x18
 858 0334 CF020000 		.4byte	.LASF38
 859 0338 06       		.byte	0x6
 860 0339 11       		.byte	0x11
 861 033a 2E030000 		.4byte	0x32e
 862 033e 05       		.uleb128 0x5
 863 033f 03       		.byte	0x3
 864 0340 00000000 		.4byte	playing
 865 0344 19       		.uleb128 0x19
 866 0345 25000000 		.4byte	0x25
 867 0349 54030000 		.4byte	0x354
 868 034d 1A       		.uleb128 0x1a
 869 034e 76000000 		.4byte	0x76
 870 0352 01       		.byte	0x1
 871 0353 00       		.byte	0
 872 0354 18       		.uleb128 0x18
 873 0355 38030000 		.4byte	.LASF39
 874 0359 06       		.byte	0x6
 875 035a 12       		.byte	0x12
 876 035b 65030000 		.4byte	0x365
 877 035f 05       		.uleb128 0x5
 878 0360 03       		.byte	0x3
ARM GAS  C:\Users\Thomas\AppData\Local\Temp\ccMJFnoC.s 			page 24


 879 0361 00000000 		.4byte	input_ptr
 880 0365 08       		.uleb128 0x8
 881 0366 44030000 		.4byte	0x344
 882 036a 18       		.uleb128 0x18
 883 036b C2020000 		.4byte	.LASF40
 884 036f 06       		.byte	0x6
 885 0370 13       		.byte	0x13
 886 0371 7B030000 		.4byte	0x37b
 887 0375 05       		.uleb128 0x5
 888 0376 03       		.byte	0x3
 889 0377 00000000 		.4byte	buf_ptr
 890 037b 08       		.uleb128 0x8
 891 037c 44030000 		.4byte	0x344
 892 0380 19       		.uleb128 0x19
 893 0381 A2000000 		.4byte	0xa2
 894 0385 90030000 		.4byte	0x390
 895 0389 1A       		.uleb128 0x1a
 896 038a 76000000 		.4byte	0x76
 897 038e 05       		.byte	0x5
 898 038f 00       		.byte	0
 899 0390 18       		.uleb128 0x18
 900 0391 B5000000 		.4byte	.LASF41
 901 0395 06       		.byte	0x6
 902 0396 14       		.byte	0x14
 903 0397 A1030000 		.4byte	0x3a1
 904 039b 05       		.uleb128 0x5
 905 039c 03       		.byte	0x3
 906 039d 00000000 		.4byte	data
 907 03a1 08       		.uleb128 0x8
 908 03a2 80030000 		.4byte	0x380
 909 03a6 19       		.uleb128 0x19
 910 03a7 A2000000 		.4byte	0xa2
 911 03ab BD030000 		.4byte	0x3bd
 912 03af 1A       		.uleb128 0x1a
 913 03b0 76000000 		.4byte	0x76
 914 03b4 05       		.byte	0x5
 915 03b5 1B       		.uleb128 0x1b
 916 03b6 76000000 		.4byte	0x76
 917 03ba FF07     		.2byte	0x7ff
 918 03bc 00       		.byte	0
 919 03bd 18       		.uleb128 0x18
 920 03be DF000000 		.4byte	.LASF42
 921 03c2 06       		.byte	0x6
 922 03c3 15       		.byte	0x15
 923 03c4 CE030000 		.4byte	0x3ce
 924 03c8 05       		.uleb128 0x5
 925 03c9 03       		.byte	0x3
 926 03ca 00000000 		.4byte	input
 927 03ce 08       		.uleb128 0x8
 928 03cf A6030000 		.4byte	0x3a6
 929 03d3 18       		.uleb128 0x18
 930 03d4 EA000000 		.4byte	.LASF43
 931 03d8 06       		.byte	0x6
 932 03d9 16       		.byte	0x16
 933 03da 2E030000 		.4byte	0x32e
 934 03de 05       		.uleb128 0x5
 935 03df 03       		.byte	0x3
ARM GAS  C:\Users\Thomas\AppData\Local\Temp\ccMJFnoC.s 			page 25


 936 03e0 00000000 		.4byte	ready
 937 03e4 18       		.uleb128 0x18
 938 03e5 97010000 		.4byte	.LASF44
 939 03e9 06       		.byte	0x6
 940 03ea 17       		.byte	0x17
 941 03eb F5030000 		.4byte	0x3f5
 942 03ef 05       		.uleb128 0x5
 943 03f0 03       		.byte	0x3
 944 03f1 00000000 		.4byte	timer_ready
 945 03f5 08       		.uleb128 0x8
 946 03f6 44030000 		.4byte	0x344
 947 03fa 18       		.uleb128 0x18
 948 03fb 28030000 		.4byte	.LASF45
 949 03ff 06       		.byte	0x6
 950 0400 18       		.byte	0x18
 951 0401 0B040000 		.4byte	0x40b
 952 0405 05       		.uleb128 0x5
 953 0406 03       		.byte	0x3
 954 0407 00000000 		.4byte	use_timer
 955 040b 08       		.uleb128 0x8
 956 040c 44030000 		.4byte	0x344
 957 0410 18       		.uleb128 0x18
 958 0411 00000000 		.4byte	.LASF46
 959 0415 06       		.byte	0x6
 960 0416 19       		.byte	0x19
 961 0417 21040000 		.4byte	0x421
 962 041b 05       		.uleb128 0x5
 963 041c 03       		.byte	0x3
 964 041d 00000000 		.4byte	disable_timer
 965 0421 08       		.uleb128 0x8
 966 0422 44030000 		.4byte	0x344
 967 0426 18       		.uleb128 0x18
 968 0427 32030000 		.4byte	.LASF47
 969 042b 06       		.byte	0x6
 970 042c 1A       		.byte	0x1a
 971 042d 2E030000 		.4byte	0x32e
 972 0431 05       		.uleb128 0x5
 973 0432 03       		.byte	0x3
 974 0433 00000000 		.4byte	bytes
 975 0437 18       		.uleb128 0x18
 976 0438 25000000 		.4byte	.LASF48
 977 043c 06       		.byte	0x6
 978 043d 1B       		.byte	0x1b
 979 043e 48040000 		.4byte	0x448
 980 0442 05       		.uleb128 0x5
 981 0443 03       		.byte	0x3
 982 0444 00000000 		.4byte	window_off
 983 0448 08       		.uleb128 0x8
 984 0449 44030000 		.4byte	0x344
 985 044d 18       		.uleb128 0x18
 986 044e 4E030000 		.4byte	.LASF49
 987 0452 06       		.byte	0x6
 988 0453 1C       		.byte	0x1c
 989 0454 5E040000 		.4byte	0x45e
 990 0458 05       		.uleb128 0x5
 991 0459 03       		.byte	0x3
 992 045a 00000000 		.4byte	latches
ARM GAS  C:\Users\Thomas\AppData\Local\Temp\ccMJFnoC.s 			page 26


 993 045e 08       		.uleb128 0x8
 994 045f 44030000 		.4byte	0x344
 995 0463 18       		.uleb128 0x18
 996 0464 14010000 		.4byte	.LASF50
 997 0468 06       		.byte	0x6
 998 0469 1D       		.byte	0x1d
 999 046a 2E030000 		.4byte	0x32e
 1000 046e 05       		.uleb128 0x5
 1001 046f 03       		.byte	0x3
 1002 0470 00000000 		.4byte	ports
 1003 0474 18       		.uleb128 0x18
 1004 0475 19030000 		.4byte	.LASF51
 1005 0479 06       		.byte	0x6
 1006 047a 1E       		.byte	0x1e
 1007 047b 2E030000 		.4byte	0x32e
 1008 047f 05       		.uleb128 0x5
 1009 0480 03       		.byte	0x3
 1010 0481 00000000 		.4byte	lines
 1011 0485 18       		.uleb128 0x18
 1012 0486 62000000 		.4byte	.LASF52
 1013 048a 06       		.byte	0x6
 1014 048b 1F       		.byte	0x1f
 1015 048c 96040000 		.4byte	0x496
 1016 0490 05       		.uleb128 0x5
 1017 0491 03       		.byte	0x3
 1018 0492 00000000 		.4byte	request
 1019 0496 08       		.uleb128 0x8
 1020 0497 44030000 		.4byte	0x344
 1021 049b 1C       		.uleb128 0x1c
 1022 049c 56030000 		.4byte	.LASF53
 1023 04a0 07       		.byte	0x7
 1024 04a1 4E       		.byte	0x4e
 1025 04a2 AC040000 		.4byte	0x4ac
 1026 04a6 1D       		.uleb128 0x1d
 1027 04a7 A2000000 		.4byte	0xa2
 1028 04ab 00       		.byte	0
 1029 04ac 1C       		.uleb128 0x1c
 1030 04ad BA000000 		.4byte	.LASF54
 1031 04b1 08       		.byte	0x8
 1032 04b2 4E       		.byte	0x4e
 1033 04b3 BD040000 		.4byte	0x4bd
 1034 04b7 1D       		.uleb128 0x1d
 1035 04b8 A2000000 		.4byte	0xa2
 1036 04bc 00       		.byte	0
 1037 04bd 1E       		.uleb128 0x1e
 1038 04be 64020000 		.4byte	.LASF59
 1039 04c2 09       		.byte	0x9
 1040 04c3 4E       		.byte	0x4e
 1041 04c4 1D       		.uleb128 0x1d
 1042 04c5 A2000000 		.4byte	0xa2
 1043 04c9 00       		.byte	0
 1044 04ca 00       		.byte	0
 1045              		.section	.debug_abbrev,"",%progbits
 1046              	.Ldebug_abbrev0:
 1047 0000 01       		.uleb128 0x1
 1048 0001 11       		.uleb128 0x11
 1049 0002 01       		.byte	0x1
ARM GAS  C:\Users\Thomas\AppData\Local\Temp\ccMJFnoC.s 			page 27


 1050 0003 25       		.uleb128 0x25
 1051 0004 0E       		.uleb128 0xe
 1052 0005 13       		.uleb128 0x13
 1053 0006 0B       		.uleb128 0xb
 1054 0007 03       		.uleb128 0x3
 1055 0008 0E       		.uleb128 0xe
 1056 0009 1B       		.uleb128 0x1b
 1057 000a 0E       		.uleb128 0xe
 1058 000b 55       		.uleb128 0x55
 1059 000c 17       		.uleb128 0x17
 1060 000d 11       		.uleb128 0x11
 1061 000e 01       		.uleb128 0x1
 1062 000f 10       		.uleb128 0x10
 1063 0010 17       		.uleb128 0x17
 1064 0011 00       		.byte	0
 1065 0012 00       		.byte	0
 1066 0013 02       		.uleb128 0x2
 1067 0014 24       		.uleb128 0x24
 1068 0015 00       		.byte	0
 1069 0016 0B       		.uleb128 0xb
 1070 0017 0B       		.uleb128 0xb
 1071 0018 3E       		.uleb128 0x3e
 1072 0019 0B       		.uleb128 0xb
 1073 001a 03       		.uleb128 0x3
 1074 001b 08       		.uleb128 0x8
 1075 001c 00       		.byte	0
 1076 001d 00       		.byte	0
 1077 001e 03       		.uleb128 0x3
 1078 001f 24       		.uleb128 0x24
 1079 0020 00       		.byte	0
 1080 0021 0B       		.uleb128 0xb
 1081 0022 0B       		.uleb128 0xb
 1082 0023 3E       		.uleb128 0x3e
 1083 0024 0B       		.uleb128 0xb
 1084 0025 03       		.uleb128 0x3
 1085 0026 0E       		.uleb128 0xe
 1086 0027 00       		.byte	0
 1087 0028 00       		.byte	0
 1088 0029 04       		.uleb128 0x4
 1089 002a 16       		.uleb128 0x16
 1090 002b 00       		.byte	0
 1091 002c 03       		.uleb128 0x3
 1092 002d 0E       		.uleb128 0xe
 1093 002e 3A       		.uleb128 0x3a
 1094 002f 0B       		.uleb128 0xb
 1095 0030 3B       		.uleb128 0x3b
 1096 0031 0B       		.uleb128 0xb
 1097 0032 49       		.uleb128 0x49
 1098 0033 13       		.uleb128 0x13
 1099 0034 00       		.byte	0
 1100 0035 00       		.byte	0
 1101 0036 05       		.uleb128 0x5
 1102 0037 0F       		.uleb128 0xf
 1103 0038 00       		.byte	0
 1104 0039 0B       		.uleb128 0xb
 1105 003a 0B       		.uleb128 0xb
 1106 003b 49       		.uleb128 0x49
ARM GAS  C:\Users\Thomas\AppData\Local\Temp\ccMJFnoC.s 			page 28


 1107 003c 13       		.uleb128 0x13
 1108 003d 00       		.byte	0
 1109 003e 00       		.byte	0
 1110 003f 06       		.uleb128 0x6
 1111 0040 15       		.uleb128 0x15
 1112 0041 00       		.byte	0
 1113 0042 27       		.uleb128 0x27
 1114 0043 19       		.uleb128 0x19
 1115 0044 00       		.byte	0
 1116 0045 00       		.byte	0
 1117 0046 07       		.uleb128 0x7
 1118 0047 16       		.uleb128 0x16
 1119 0048 00       		.byte	0
 1120 0049 03       		.uleb128 0x3
 1121 004a 0E       		.uleb128 0xe
 1122 004b 3A       		.uleb128 0x3a
 1123 004c 0B       		.uleb128 0xb
 1124 004d 3B       		.uleb128 0x3b
 1125 004e 05       		.uleb128 0x5
 1126 004f 49       		.uleb128 0x49
 1127 0050 13       		.uleb128 0x13
 1128 0051 00       		.byte	0
 1129 0052 00       		.byte	0
 1130 0053 08       		.uleb128 0x8
 1131 0054 35       		.uleb128 0x35
 1132 0055 00       		.byte	0
 1133 0056 49       		.uleb128 0x49
 1134 0057 13       		.uleb128 0x13
 1135 0058 00       		.byte	0
 1136 0059 00       		.byte	0
 1137 005a 09       		.uleb128 0x9
 1138 005b 2E       		.uleb128 0x2e
 1139 005c 01       		.byte	0x1
 1140 005d 3F       		.uleb128 0x3f
 1141 005e 19       		.uleb128 0x19
 1142 005f 03       		.uleb128 0x3
 1143 0060 0E       		.uleb128 0xe
 1144 0061 3A       		.uleb128 0x3a
 1145 0062 0B       		.uleb128 0xb
 1146 0063 3B       		.uleb128 0x3b
 1147 0064 0B       		.uleb128 0xb
 1148 0065 27       		.uleb128 0x27
 1149 0066 19       		.uleb128 0x19
 1150 0067 11       		.uleb128 0x11
 1151 0068 01       		.uleb128 0x1
 1152 0069 12       		.uleb128 0x12
 1153 006a 06       		.uleb128 0x6
 1154 006b 40       		.uleb128 0x40
 1155 006c 18       		.uleb128 0x18
 1156 006d 9742     		.uleb128 0x2117
 1157 006f 19       		.uleb128 0x19
 1158 0070 01       		.uleb128 0x1
 1159 0071 13       		.uleb128 0x13
 1160 0072 00       		.byte	0
 1161 0073 00       		.byte	0
 1162 0074 0A       		.uleb128 0xa
 1163 0075 898201   		.uleb128 0x4109
ARM GAS  C:\Users\Thomas\AppData\Local\Temp\ccMJFnoC.s 			page 29


 1164 0078 00       		.byte	0
 1165 0079 11       		.uleb128 0x11
 1166 007a 01       		.uleb128 0x1
 1167 007b 31       		.uleb128 0x31
 1168 007c 13       		.uleb128 0x13
 1169 007d 00       		.byte	0
 1170 007e 00       		.byte	0
 1171 007f 0B       		.uleb128 0xb
 1172 0080 05       		.uleb128 0x5
 1173 0081 00       		.byte	0
 1174 0082 03       		.uleb128 0x3
 1175 0083 0E       		.uleb128 0xe
 1176 0084 3A       		.uleb128 0x3a
 1177 0085 0B       		.uleb128 0xb
 1178 0086 3B       		.uleb128 0x3b
 1179 0087 0B       		.uleb128 0xb
 1180 0088 49       		.uleb128 0x49
 1181 0089 13       		.uleb128 0x13
 1182 008a 02       		.uleb128 0x2
 1183 008b 18       		.uleb128 0x18
 1184 008c 00       		.byte	0
 1185 008d 00       		.byte	0
 1186 008e 0C       		.uleb128 0xc
 1187 008f 34       		.uleb128 0x34
 1188 0090 00       		.byte	0
 1189 0091 03       		.uleb128 0x3
 1190 0092 0E       		.uleb128 0xe
 1191 0093 3A       		.uleb128 0x3a
 1192 0094 0B       		.uleb128 0xb
 1193 0095 3B       		.uleb128 0x3b
 1194 0096 0B       		.uleb128 0xb
 1195 0097 49       		.uleb128 0x49
 1196 0098 13       		.uleb128 0x13
 1197 0099 02       		.uleb128 0x2
 1198 009a 18       		.uleb128 0x18
 1199 009b 00       		.byte	0
 1200 009c 00       		.byte	0
 1201 009d 0D       		.uleb128 0xd
 1202 009e 2E       		.uleb128 0x2e
 1203 009f 01       		.byte	0x1
 1204 00a0 3F       		.uleb128 0x3f
 1205 00a1 19       		.uleb128 0x19
 1206 00a2 03       		.uleb128 0x3
 1207 00a3 0E       		.uleb128 0xe
 1208 00a4 3A       		.uleb128 0x3a
 1209 00a5 0B       		.uleb128 0xb
 1210 00a6 3B       		.uleb128 0x3b
 1211 00a7 0B       		.uleb128 0xb
 1212 00a8 27       		.uleb128 0x27
 1213 00a9 19       		.uleb128 0x19
 1214 00aa 49       		.uleb128 0x49
 1215 00ab 13       		.uleb128 0x13
 1216 00ac 11       		.uleb128 0x11
 1217 00ad 01       		.uleb128 0x1
 1218 00ae 12       		.uleb128 0x12
 1219 00af 06       		.uleb128 0x6
 1220 00b0 40       		.uleb128 0x40
ARM GAS  C:\Users\Thomas\AppData\Local\Temp\ccMJFnoC.s 			page 30


 1221 00b1 18       		.uleb128 0x18
 1222 00b2 9742     		.uleb128 0x2117
 1223 00b4 19       		.uleb128 0x19
 1224 00b5 01       		.uleb128 0x1
 1225 00b6 13       		.uleb128 0x13
 1226 00b7 00       		.byte	0
 1227 00b8 00       		.byte	0
 1228 00b9 0E       		.uleb128 0xe
 1229 00ba 2E       		.uleb128 0x2e
 1230 00bb 01       		.byte	0x1
 1231 00bc 3F       		.uleb128 0x3f
 1232 00bd 19       		.uleb128 0x19
 1233 00be 03       		.uleb128 0x3
 1234 00bf 0E       		.uleb128 0xe
 1235 00c0 3A       		.uleb128 0x3a
 1236 00c1 0B       		.uleb128 0xb
 1237 00c2 3B       		.uleb128 0x3b
 1238 00c3 05       		.uleb128 0x5
 1239 00c4 27       		.uleb128 0x27
 1240 00c5 19       		.uleb128 0x19
 1241 00c6 11       		.uleb128 0x11
 1242 00c7 01       		.uleb128 0x1
 1243 00c8 12       		.uleb128 0x12
 1244 00c9 06       		.uleb128 0x6
 1245 00ca 40       		.uleb128 0x40
 1246 00cb 18       		.uleb128 0x18
 1247 00cc 9742     		.uleb128 0x2117
 1248 00ce 19       		.uleb128 0x19
 1249 00cf 01       		.uleb128 0x1
 1250 00d0 13       		.uleb128 0x13
 1251 00d1 00       		.byte	0
 1252 00d2 00       		.byte	0
 1253 00d3 0F       		.uleb128 0xf
 1254 00d4 05       		.uleb128 0x5
 1255 00d5 00       		.byte	0
 1256 00d6 03       		.uleb128 0x3
 1257 00d7 0E       		.uleb128 0xe
 1258 00d8 3A       		.uleb128 0x3a
 1259 00d9 0B       		.uleb128 0xb
 1260 00da 3B       		.uleb128 0x3b
 1261 00db 05       		.uleb128 0x5
 1262 00dc 49       		.uleb128 0x49
 1263 00dd 13       		.uleb128 0x13
 1264 00de 02       		.uleb128 0x2
 1265 00df 17       		.uleb128 0x17
 1266 00e0 00       		.byte	0
 1267 00e1 00       		.byte	0
 1268 00e2 10       		.uleb128 0x10
 1269 00e3 2E       		.uleb128 0x2e
 1270 00e4 01       		.byte	0x1
 1271 00e5 3F       		.uleb128 0x3f
 1272 00e6 19       		.uleb128 0x19
 1273 00e7 03       		.uleb128 0x3
 1274 00e8 0E       		.uleb128 0xe
 1275 00e9 3A       		.uleb128 0x3a
 1276 00ea 0B       		.uleb128 0xb
 1277 00eb 3B       		.uleb128 0x3b
ARM GAS  C:\Users\Thomas\AppData\Local\Temp\ccMJFnoC.s 			page 31


 1278 00ec 05       		.uleb128 0x5
 1279 00ed 27       		.uleb128 0x27
 1280 00ee 19       		.uleb128 0x19
 1281 00ef 49       		.uleb128 0x49
 1282 00f0 13       		.uleb128 0x13
 1283 00f1 11       		.uleb128 0x11
 1284 00f2 01       		.uleb128 0x1
 1285 00f3 12       		.uleb128 0x12
 1286 00f4 06       		.uleb128 0x6
 1287 00f5 40       		.uleb128 0x40
 1288 00f6 18       		.uleb128 0x18
 1289 00f7 9742     		.uleb128 0x2117
 1290 00f9 19       		.uleb128 0x19
 1291 00fa 01       		.uleb128 0x1
 1292 00fb 13       		.uleb128 0x13
 1293 00fc 00       		.byte	0
 1294 00fd 00       		.byte	0
 1295 00fe 11       		.uleb128 0x11
 1296 00ff 34       		.uleb128 0x34
 1297 0100 00       		.byte	0
 1298 0101 03       		.uleb128 0x3
 1299 0102 0E       		.uleb128 0xe
 1300 0103 3A       		.uleb128 0x3a
 1301 0104 0B       		.uleb128 0xb
 1302 0105 3B       		.uleb128 0x3b
 1303 0106 05       		.uleb128 0x5
 1304 0107 49       		.uleb128 0x49
 1305 0108 13       		.uleb128 0x13
 1306 0109 02       		.uleb128 0x2
 1307 010a 17       		.uleb128 0x17
 1308 010b 00       		.byte	0
 1309 010c 00       		.byte	0
 1310 010d 12       		.uleb128 0x12
 1311 010e 2E       		.uleb128 0x2e
 1312 010f 00       		.byte	0
 1313 0110 3F       		.uleb128 0x3f
 1314 0111 19       		.uleb128 0x19
 1315 0112 03       		.uleb128 0x3
 1316 0113 0E       		.uleb128 0xe
 1317 0114 3A       		.uleb128 0x3a
 1318 0115 0B       		.uleb128 0xb
 1319 0116 3B       		.uleb128 0x3b
 1320 0117 05       		.uleb128 0x5
 1321 0118 27       		.uleb128 0x27
 1322 0119 19       		.uleb128 0x19
 1323 011a 11       		.uleb128 0x11
 1324 011b 01       		.uleb128 0x1
 1325 011c 12       		.uleb128 0x12
 1326 011d 06       		.uleb128 0x6
 1327 011e 40       		.uleb128 0x40
 1328 011f 18       		.uleb128 0x18
 1329 0120 9742     		.uleb128 0x2117
 1330 0122 19       		.uleb128 0x19
 1331 0123 00       		.byte	0
 1332 0124 00       		.byte	0
 1333 0125 13       		.uleb128 0x13
 1334 0126 2E       		.uleb128 0x2e
ARM GAS  C:\Users\Thomas\AppData\Local\Temp\ccMJFnoC.s 			page 32


 1335 0127 00       		.byte	0
 1336 0128 3F       		.uleb128 0x3f
 1337 0129 19       		.uleb128 0x19
 1338 012a 03       		.uleb128 0x3
 1339 012b 0E       		.uleb128 0xe
 1340 012c 3A       		.uleb128 0x3a
 1341 012d 0B       		.uleb128 0xb
 1342 012e 3B       		.uleb128 0x3b
 1343 012f 05       		.uleb128 0x5
 1344 0130 27       		.uleb128 0x27
 1345 0131 19       		.uleb128 0x19
 1346 0132 49       		.uleb128 0x49
 1347 0133 13       		.uleb128 0x13
 1348 0134 11       		.uleb128 0x11
 1349 0135 01       		.uleb128 0x1
 1350 0136 12       		.uleb128 0x12
 1351 0137 06       		.uleb128 0x6
 1352 0138 40       		.uleb128 0x40
 1353 0139 18       		.uleb128 0x18
 1354 013a 9742     		.uleb128 0x2117
 1355 013c 19       		.uleb128 0x19
 1356 013d 00       		.byte	0
 1357 013e 00       		.byte	0
 1358 013f 14       		.uleb128 0x14
 1359 0140 898201   		.uleb128 0x4109
 1360 0143 01       		.byte	0x1
 1361 0144 11       		.uleb128 0x11
 1362 0145 01       		.uleb128 0x1
 1363 0146 31       		.uleb128 0x31
 1364 0147 13       		.uleb128 0x13
 1365 0148 01       		.uleb128 0x1
 1366 0149 13       		.uleb128 0x13
 1367 014a 00       		.byte	0
 1368 014b 00       		.byte	0
 1369 014c 15       		.uleb128 0x15
 1370 014d 8A8201   		.uleb128 0x410a
 1371 0150 00       		.byte	0
 1372 0151 02       		.uleb128 0x2
 1373 0152 18       		.uleb128 0x18
 1374 0153 9142     		.uleb128 0x2111
 1375 0155 18       		.uleb128 0x18
 1376 0156 00       		.byte	0
 1377 0157 00       		.byte	0
 1378 0158 16       		.uleb128 0x16
 1379 0159 05       		.uleb128 0x5
 1380 015a 00       		.byte	0
 1381 015b 03       		.uleb128 0x3
 1382 015c 0E       		.uleb128 0xe
 1383 015d 3A       		.uleb128 0x3a
 1384 015e 0B       		.uleb128 0xb
 1385 015f 3B       		.uleb128 0x3b
 1386 0160 0B       		.uleb128 0xb
 1387 0161 49       		.uleb128 0x49
 1388 0162 13       		.uleb128 0x13
 1389 0163 02       		.uleb128 0x2
 1390 0164 17       		.uleb128 0x17
 1391 0165 00       		.byte	0
ARM GAS  C:\Users\Thomas\AppData\Local\Temp\ccMJFnoC.s 			page 33


 1392 0166 00       		.byte	0
 1393 0167 17       		.uleb128 0x17
 1394 0168 34       		.uleb128 0x34
 1395 0169 00       		.byte	0
 1396 016a 03       		.uleb128 0x3
 1397 016b 0E       		.uleb128 0xe
 1398 016c 3A       		.uleb128 0x3a
 1399 016d 0B       		.uleb128 0xb
 1400 016e 3B       		.uleb128 0x3b
 1401 016f 05       		.uleb128 0x5
 1402 0170 49       		.uleb128 0x49
 1403 0171 13       		.uleb128 0x13
 1404 0172 3F       		.uleb128 0x3f
 1405 0173 19       		.uleb128 0x19
 1406 0174 3C       		.uleb128 0x3c
 1407 0175 19       		.uleb128 0x19
 1408 0176 00       		.byte	0
 1409 0177 00       		.byte	0
 1410 0178 18       		.uleb128 0x18
 1411 0179 34       		.uleb128 0x34
 1412 017a 00       		.byte	0
 1413 017b 03       		.uleb128 0x3
 1414 017c 0E       		.uleb128 0xe
 1415 017d 3A       		.uleb128 0x3a
 1416 017e 0B       		.uleb128 0xb
 1417 017f 3B       		.uleb128 0x3b
 1418 0180 0B       		.uleb128 0xb
 1419 0181 49       		.uleb128 0x49
 1420 0182 13       		.uleb128 0x13
 1421 0183 3F       		.uleb128 0x3f
 1422 0184 19       		.uleb128 0x19
 1423 0185 02       		.uleb128 0x2
 1424 0186 18       		.uleb128 0x18
 1425 0187 00       		.byte	0
 1426 0188 00       		.byte	0
 1427 0189 19       		.uleb128 0x19
 1428 018a 01       		.uleb128 0x1
 1429 018b 01       		.byte	0x1
 1430 018c 49       		.uleb128 0x49
 1431 018d 13       		.uleb128 0x13
 1432 018e 01       		.uleb128 0x1
 1433 018f 13       		.uleb128 0x13
 1434 0190 00       		.byte	0
 1435 0191 00       		.byte	0
 1436 0192 1A       		.uleb128 0x1a
 1437 0193 21       		.uleb128 0x21
 1438 0194 00       		.byte	0
 1439 0195 49       		.uleb128 0x49
 1440 0196 13       		.uleb128 0x13
 1441 0197 2F       		.uleb128 0x2f
 1442 0198 0B       		.uleb128 0xb
 1443 0199 00       		.byte	0
 1444 019a 00       		.byte	0
 1445 019b 1B       		.uleb128 0x1b
 1446 019c 21       		.uleb128 0x21
 1447 019d 00       		.byte	0
 1448 019e 49       		.uleb128 0x49
ARM GAS  C:\Users\Thomas\AppData\Local\Temp\ccMJFnoC.s 			page 34


 1449 019f 13       		.uleb128 0x13
 1450 01a0 2F       		.uleb128 0x2f
 1451 01a1 05       		.uleb128 0x5
 1452 01a2 00       		.byte	0
 1453 01a3 00       		.byte	0
 1454 01a4 1C       		.uleb128 0x1c
 1455 01a5 2E       		.uleb128 0x2e
 1456 01a6 01       		.byte	0x1
 1457 01a7 3F       		.uleb128 0x3f
 1458 01a8 19       		.uleb128 0x19
 1459 01a9 03       		.uleb128 0x3
 1460 01aa 0E       		.uleb128 0xe
 1461 01ab 3A       		.uleb128 0x3a
 1462 01ac 0B       		.uleb128 0xb
 1463 01ad 3B       		.uleb128 0x3b
 1464 01ae 0B       		.uleb128 0xb
 1465 01af 27       		.uleb128 0x27
 1466 01b0 19       		.uleb128 0x19
 1467 01b1 3C       		.uleb128 0x3c
 1468 01b2 19       		.uleb128 0x19
 1469 01b3 01       		.uleb128 0x1
 1470 01b4 13       		.uleb128 0x13
 1471 01b5 00       		.byte	0
 1472 01b6 00       		.byte	0
 1473 01b7 1D       		.uleb128 0x1d
 1474 01b8 05       		.uleb128 0x5
 1475 01b9 00       		.byte	0
 1476 01ba 49       		.uleb128 0x49
 1477 01bb 13       		.uleb128 0x13
 1478 01bc 00       		.byte	0
 1479 01bd 00       		.byte	0
 1480 01be 1E       		.uleb128 0x1e
 1481 01bf 2E       		.uleb128 0x2e
 1482 01c0 01       		.byte	0x1
 1483 01c1 3F       		.uleb128 0x3f
 1484 01c2 19       		.uleb128 0x19
 1485 01c3 03       		.uleb128 0x3
 1486 01c4 0E       		.uleb128 0xe
 1487 01c5 3A       		.uleb128 0x3a
 1488 01c6 0B       		.uleb128 0xb
 1489 01c7 3B       		.uleb128 0x3b
 1490 01c8 0B       		.uleb128 0xb
 1491 01c9 27       		.uleb128 0x27
 1492 01ca 19       		.uleb128 0x19
 1493 01cb 3C       		.uleb128 0x3c
 1494 01cc 19       		.uleb128 0x19
 1495 01cd 00       		.byte	0
 1496 01ce 00       		.byte	0
 1497 01cf 00       		.byte	0
 1498              		.section	.debug_loc,"",%progbits
 1499              	.Ldebug_loc0:
 1500              	.LLST0:
 1501 0000 00000000 		.4byte	.LVL6
 1502 0004 02000000 		.4byte	.LVL7
 1503 0008 0100     		.2byte	0x1
 1504 000a 50       		.byte	0x50
 1505 000b 02000000 		.4byte	.LVL7
ARM GAS  C:\Users\Thomas\AppData\Local\Temp\ccMJFnoC.s 			page 35


 1506 000f 10000000 		.4byte	.LFE69
 1507 0013 0400     		.2byte	0x4
 1508 0015 F3       		.byte	0xf3
 1509 0016 01       		.uleb128 0x1
 1510 0017 50       		.byte	0x50
 1511 0018 9F       		.byte	0x9f
 1512 0019 00000000 		.4byte	0
 1513 001d 00000000 		.4byte	0
 1514              	.LLST1:
 1515 0021 04000000 		.4byte	.LVL8
 1516 0025 06000000 		.4byte	.LVL9
 1517 0029 0500     		.2byte	0x5
 1518 002b 70       		.byte	0x70
 1519 002c 00       		.sleb128 0
 1520 002d 35       		.byte	0x35
 1521 002e 25       		.byte	0x25
 1522 002f 9F       		.byte	0x9f
 1523 0030 00000000 		.4byte	0
 1524 0034 00000000 		.4byte	0
 1525              	.LLST2:
 1526 0038 00000000 		.4byte	.LVL14
 1527 003c 07000000 		.4byte	.LVL15-1
 1528 0040 0100     		.2byte	0x1
 1529 0042 50       		.byte	0x50
 1530 0043 07000000 		.4byte	.LVL15-1
 1531 0047 1A000000 		.4byte	.LFE64
 1532 004b 0100     		.2byte	0x1
 1533 004d 54       		.byte	0x54
 1534 004e 00000000 		.4byte	0
 1535 0052 00000000 		.4byte	0
 1536              		.section	.debug_aranges,"",%progbits
 1537 0000 7C000000 		.4byte	0x7c
 1538 0004 0200     		.2byte	0x2
 1539 0006 00000000 		.4byte	.Ldebug_info0
 1540 000a 04       		.byte	0x4
 1541 000b 00       		.byte	0
 1542 000c 0000     		.2byte	0
 1543 000e 0000     		.2byte	0
 1544 0010 00000000 		.4byte	.LFB66
 1545 0014 A4000000 		.4byte	.LFE66-.LFB66
 1546 0018 00000000 		.4byte	.LFB67
 1547 001c 0C000000 		.4byte	.LFE67-.LFB67
 1548 0020 00000000 		.4byte	.LFB68
 1549 0024 0C000000 		.4byte	.LFE68-.LFB68
 1550 0028 00000000 		.4byte	.LFB69
 1551 002c 10000000 		.4byte	.LFE69-.LFB69
 1552 0030 00000000 		.4byte	.LFB70
 1553 0034 0C000000 		.4byte	.LFE70-.LFB70
 1554 0038 00000000 		.4byte	.LFB71
 1555 003c 0C000000 		.4byte	.LFE71-.LFB71
 1556 0040 00000000 		.4byte	.LFB72
 1557 0044 10000000 		.4byte	.LFE72-.LFB72
 1558 0048 00000000 		.4byte	.LFB73
 1559 004c 0C000000 		.4byte	.LFE73-.LFB73
 1560 0050 00000000 		.4byte	.LFB63
 1561 0054 1C000000 		.4byte	.LFE63-.LFB63
 1562 0058 00000000 		.4byte	.LFB64
ARM GAS  C:\Users\Thomas\AppData\Local\Temp\ccMJFnoC.s 			page 36


 1563 005c 1A000000 		.4byte	.LFE64-.LFB64
 1564 0060 00000000 		.4byte	.LFB65
 1565 0064 14000000 		.4byte	.LFE65-.LFB65
 1566 0068 00000000 		.4byte	.LFB74
 1567 006c 0C000000 		.4byte	.LFE74-.LFB74
 1568 0070 00000000 		.4byte	.LFB75
 1569 0074 0C000000 		.4byte	.LFE75-.LFB75
 1570 0078 00000000 		.4byte	0
 1571 007c 00000000 		.4byte	0
 1572              		.section	.debug_ranges,"",%progbits
 1573              	.Ldebug_ranges0:
 1574 0000 00000000 		.4byte	.LFB66
 1575 0004 A4000000 		.4byte	.LFE66
 1576 0008 00000000 		.4byte	.LFB67
 1577 000c 0C000000 		.4byte	.LFE67
 1578 0010 00000000 		.4byte	.LFB68
 1579 0014 0C000000 		.4byte	.LFE68
 1580 0018 00000000 		.4byte	.LFB69
 1581 001c 10000000 		.4byte	.LFE69
 1582 0020 00000000 		.4byte	.LFB70
 1583 0024 0C000000 		.4byte	.LFE70
 1584 0028 00000000 		.4byte	.LFB71
 1585 002c 0C000000 		.4byte	.LFE71
 1586 0030 00000000 		.4byte	.LFB72
 1587 0034 10000000 		.4byte	.LFE72
 1588 0038 00000000 		.4byte	.LFB73
 1589 003c 0C000000 		.4byte	.LFE73
 1590 0040 00000000 		.4byte	.LFB63
 1591 0044 1C000000 		.4byte	.LFE63
 1592 0048 00000000 		.4byte	.LFB64
 1593 004c 1A000000 		.4byte	.LFE64
 1594 0050 00000000 		.4byte	.LFB65
 1595 0054 14000000 		.4byte	.LFE65
 1596 0058 00000000 		.4byte	.LFB74
 1597 005c 0C000000 		.4byte	.LFE74
 1598 0060 00000000 		.4byte	.LFB75
 1599 0064 0C000000 		.4byte	.LFE75
 1600 0068 00000000 		.4byte	0
 1601 006c 00000000 		.4byte	0
 1602              		.section	.debug_line,"",%progbits
 1603              	.Ldebug_line0:
 1604 0000 8F020000 		.section	.debug_str,"MS",%progbits,1
 1604      02009801 
 1604      00000201 
 1604      FB0E0D00 
 1604      01010101 
 1605              	.LASF46:
 1606 0000 64697361 		.ascii	"disable_timer\000"
 1606      626C655F 
 1606      74696D65 
 1606      7200
 1607              	.LASF27:
 1608 000e 50315F49 		.ascii	"P1_IRQ_GetVector\000"
 1608      52515F47 
 1608      65745665 
 1608      63746F72 
 1608      00
ARM GAS  C:\Users\Thomas\AppData\Local\Temp\ccMJFnoC.s 			page 37


 1609              	.LASF19:
 1610 001f 72656733 		.ascii	"reg32\000"
 1610      3200
 1611              	.LASF48:
 1612 0025 77696E64 		.ascii	"window_off\000"
 1612      6F775F6F 
 1612      666600
 1613              	.LASF32:
 1614 0030 50315F49 		.ascii	"P1_IRQ_StartEx\000"
 1614      52515F53 
 1614      74617274 
 1614      457800
 1615              	.LASF31:
 1616 003f 50315F49 		.ascii	"P1_IRQ_Start\000"
 1616      52515F53 
 1616      74617274 
 1616      00
 1617              	.LASF33:
 1618 004c 50315F49 		.ascii	"P1_IRQ_Stop\000"
 1618      52515F53 
 1618      746F7000 
 1619              	.LASF11:
 1620 0058 5F5F696E 		.ascii	"__int32_t\000"
 1620      7433325F 
 1620      7400
 1621              	.LASF52:
 1622 0062 72657175 		.ascii	"request\000"
 1622      65737400 
 1623              	.LASF17:
 1624 006a 646F7562 		.ascii	"double\000"
 1624      6C6500
 1625              	.LASF35:
 1626 0071 50315F49 		.ascii	"P1_IRQ_ClearPending\000"
 1626      52515F43 
 1626      6C656172 
 1626      50656E64 
 1626      696E6700 
 1627              	.LASF30:
 1628 0085 50315F49 		.ascii	"P1_IRQ_Disable\000"
 1628      52515F44 
 1628      69736162 
 1628      6C6500
 1629              	.LASF28:
 1630 0094 50315F49 		.ascii	"P1_IRQ_GetPriority\000"
 1630      52515F47 
 1630      65745072 
 1630      696F7269 
 1630      747900
 1631              	.LASF12:
 1632 00a7 696E7433 		.ascii	"int32_t\000"
 1632      325F7400 
 1633              	.LASF16:
 1634 00af 666C6F61 		.ascii	"float\000"
 1634      7400
 1635              	.LASF41:
 1636 00b5 64617461 		.ascii	"data\000"
 1636      00
ARM GAS  C:\Users\Thomas\AppData\Local\Temp\ccMJFnoC.s 			page 38


 1637              	.LASF54:
 1638 00ba 50315F52 		.ascii	"P1_RegD1_WriteRegValue\000"
 1638      65674431 
 1638      5F577269 
 1638      74655265 
 1638      6756616C 
 1639              	.LASF2:
 1640 00d1 756E7369 		.ascii	"unsigned char\000"
 1640      676E6564 
 1640      20636861 
 1640      7200
 1641              	.LASF42:
 1642 00df 696E7075 		.ascii	"input\000"
 1642      7400
 1643              	.LASF18:
 1644 00e5 72656738 		.ascii	"reg8\000"
 1644      00
 1645              	.LASF43:
 1646 00ea 72656164 		.ascii	"ready\000"
 1646      7900
 1647              	.LASF22:
 1648 00f0 50315F49 		.ascii	"P1_IRQ_SetVector\000"
 1648      52515F53 
 1648      65745665 
 1648      63746F72 
 1648      00
 1649              	.LASF4:
 1650 0101 73686F72 		.ascii	"short unsigned int\000"
 1650      7420756E 
 1650      7369676E 
 1650      65642069 
 1650      6E7400
 1651              	.LASF50:
 1652 0114 706F7274 		.ascii	"ports\000"
 1652      7300
 1653              	.LASF36:
 1654 011a 49544D5F 		.ascii	"ITM_RxBuffer\000"
 1654      52784275 
 1654      66666572 
 1654      00
 1655              	.LASF6:
 1656 0127 6C6F6E67 		.ascii	"long unsigned int\000"
 1656      20756E73 
 1656      69676E65 
 1656      6420696E 
 1656      7400
 1657              	.LASF57:
 1658 0139 433A5C55 		.ascii	"C:\\Users\\Thomas\\Documents\\PSoC Creator\\TASBot\\"
 1658      73657273 
 1658      5C54686F 
 1658      6D61735C 
 1658      446F6375 
 1659 0167 54415342 		.ascii	"TASBot.cydsn\000"
 1659      6F742E63 
 1659      7964736E 
 1659      00
 1660              	.LASF24:
ARM GAS  C:\Users\Thomas\AppData\Local\Temp\ccMJFnoC.s 			page 39


 1661 0174 50315F49 		.ascii	"P1_IRQ_SetPriority\000"
 1661      52515F53 
 1661      65745072 
 1661      696F7269 
 1661      747900
 1662              	.LASF26:
 1663 0187 7072696F 		.ascii	"priority\000"
 1663      72697479 
 1663      00
 1664              	.LASF14:
 1665 0190 75696E74 		.ascii	"uint16\000"
 1665      313600
 1666              	.LASF44:
 1667 0197 74696D65 		.ascii	"timer_ready\000"
 1667      725F7265 
 1667      61647900 
 1668              	.LASF15:
 1669 01a3 75696E74 		.ascii	"uint32\000"
 1669      333200
 1670              	.LASF55:
 1671 01aa 474E5520 		.ascii	"GNU C 4.9.3 20150303 (release) [ARM/embedded-4_9-br"
 1671      4320342E 
 1671      392E3320 
 1671      32303135 
 1671      30333033 
 1672 01dd 616E6368 		.ascii	"anch revision 221220] -mcpu=cortex-m3 -mthumb -g -O"
 1672      20726576 
 1672      6973696F 
 1672      6E203232 
 1672      31323230 
 1673 0210 67202D66 		.ascii	"g -ffunction-sections -ffat-lto-objects\000"
 1673      66756E63 
 1673      74696F6E 
 1673      2D736563 
 1673      74696F6E 
 1674              	.LASF0:
 1675 0238 756E7369 		.ascii	"unsigned int\000"
 1675      676E6564 
 1675      20696E74 
 1675      00
 1676              	.LASF25:
 1677 0245 61646472 		.ascii	"address\000"
 1677      65737300 
 1678              	.LASF8:
 1679 024d 6C6F6E67 		.ascii	"long long unsigned int\000"
 1679      206C6F6E 
 1679      6720756E 
 1679      7369676E 
 1679      65642069 
 1680              	.LASF59:
 1681 0264 50315F52 		.ascii	"P1_RegD2_WriteRegValue\000"
 1681      65674432 
 1681      5F577269 
 1681      74655265 
 1681      6756616C 
 1682              	.LASF20:
 1683 027b 63796973 		.ascii	"cyisraddress\000"
ARM GAS  C:\Users\Thomas\AppData\Local\Temp\ccMJFnoC.s 			page 40


 1683      72616464 
 1683      72657373 
 1683      00
 1684              	.LASF29:
 1685 0288 50315F49 		.ascii	"P1_IRQ_Enable\000"
 1685      52515F45 
 1685      6E61626C 
 1685      6500
 1686              	.LASF58:
 1687 0296 50315F49 		.ascii	"P1_IRQ_GetState\000"
 1687      52515F47 
 1687      65745374 
 1687      61746500 
 1688              	.LASF9:
 1689 02a6 73697A65 		.ascii	"sizetype\000"
 1689      74797065 
 1689      00
 1690              	.LASF37:
 1691 02af 73656E74 		.ascii	"sent\000"
 1691      00
 1692              	.LASF7:
 1693 02b4 6C6F6E67 		.ascii	"long long int\000"
 1693      206C6F6E 
 1693      6720696E 
 1693      7400
 1694              	.LASF40:
 1695 02c2 6275665F 		.ascii	"buf_ptr\000"
 1695      70747200 
 1696              	.LASF10:
 1697 02ca 63686172 		.ascii	"char\000"
 1697      00
 1698              	.LASF38:
 1699 02cf 706C6179 		.ascii	"playing\000"
 1699      696E6700 
 1700              	.LASF21:
 1701 02d7 50315F49 		.ascii	"P1_IRQ_Interrupt\000"
 1701      52515F49 
 1701      6E746572 
 1701      72757074 
 1701      00
 1702              	.LASF34:
 1703 02e8 50315F49 		.ascii	"P1_IRQ_SetPending\000"
 1703      52515F53 
 1703      65745065 
 1703      6E64696E 
 1703      6700
 1704              	.LASF3:
 1705 02fa 73686F72 		.ascii	"short int\000"
 1705      7420696E 
 1705      7400
 1706              	.LASF13:
 1707 0304 75696E74 		.ascii	"uint8\000"
 1707      3800
 1708              	.LASF23:
 1709 030a 72616D56 		.ascii	"ramVectorTable\000"
 1709      6563746F 
 1709      72546162 
ARM GAS  C:\Users\Thomas\AppData\Local\Temp\ccMJFnoC.s 			page 41


 1709      6C6500
 1710              	.LASF51:
 1711 0319 6C696E65 		.ascii	"lines\000"
 1711      7300
 1712              	.LASF5:
 1713 031f 6C6F6E67 		.ascii	"long int\000"
 1713      20696E74 
 1713      00
 1714              	.LASF45:
 1715 0328 7573655F 		.ascii	"use_timer\000"
 1715      74696D65 
 1715      7200
 1716              	.LASF47:
 1717 0332 62797465 		.ascii	"bytes\000"
 1717      7300
 1718              	.LASF39:
 1719 0338 696E7075 		.ascii	"input_ptr\000"
 1719      745F7074 
 1719      7200
 1720              	.LASF1:
 1721 0342 7369676E 		.ascii	"signed char\000"
 1721      65642063 
 1721      68617200 
 1722              	.LASF49:
 1723 034e 6C617463 		.ascii	"latches\000"
 1723      68657300 
 1724              	.LASF53:
 1725 0356 50315F52 		.ascii	"P1_RegD0_WriteRegValue\000"
 1725      65674430 
 1725      5F577269 
 1725      74655265 
 1725      6756616C 
 1726              	.LASF56:
 1727 036d 2E5C4765 		.ascii	".\\Generated_Source\\PSoC5\\P1_IRQ.c\000"
 1727      6E657261 
 1727      7465645F 
 1727      536F7572 
 1727      63655C50 
 1728              		.ident	"GCC: (GNU Tools for ARM Embedded Processors) 4.9.3 20150303 (release) [ARM/embedded-4_9-br
