Archive member included because of file (symbol)

.\CortexM3\ARM_GCC_493\Debug\TASBot.a(cyfitter_cfg.o)
                              .\CortexM3\ARM_GCC_493\Debug\Cm3Start.o (cyfitter_cfg)
.\CortexM3\ARM_GCC_493\Debug\TASBot.a(CyBootAsmGnu.o)
                              .\CortexM3\ARM_GCC_493\Debug\TASBot.a(cyfitter_cfg.o) (CyDelayCycles)
.\CortexM3\ARM_GCC_493\Debug\TASBot.a(CyLib.o)
                              .\CortexM3\ARM_GCC_493\Debug\Cm3Start.o (CyHalt)
.\CortexM3\ARM_GCC_493\Debug\TASBot.a(cyPm.o)
                              .\CortexM3\ARM_GCC_493\Debug\TASBot.a(CyLib.o) (CyPmReadStatus)
.\CortexM3\ARM_GCC_493\Debug\TASBot.a(P1_IRQ.o)
                              .\CortexM3\ARM_GCC_493\Debug\main.o (P1_IRQ_Start)
.\CortexM3\ARM_GCC_493\Debug\TASBot.a(USBUART.o)
                              .\CortexM3\ARM_GCC_493\Debug\main.o (USBUART_Start)
.\CortexM3\ARM_GCC_493\Debug\TASBot.a(USBUART_cdc.o)
                              .\CortexM3\ARM_GCC_493\Debug\main.o (USBUART_CDC_Init)
.\CortexM3\ARM_GCC_493\Debug\TASBot.a(USBUART_drv.o)
                              .\CortexM3\ARM_GCC_493\Debug\TASBot.a(USBUART.o) (USBUART_lastPacketSize)
.\CortexM3\ARM_GCC_493\Debug\TASBot.a(USBUART_episr.o)
                              .\CortexM3\ARM_GCC_493\Debug\TASBot.a(USBUART.o) (USBUART_EP_1_ISR)
.\CortexM3\ARM_GCC_493\Debug\TASBot.a(USBUART_pm.o)
                              .\CortexM3\ARM_GCC_493\Debug\TASBot.a(USBUART.o) (USBUART_DP_ISR)
.\CortexM3\ARM_GCC_493\Debug\TASBot.a(USBUART_std.o)
                              .\CortexM3\ARM_GCC_493\Debug\TASBot.a(USBUART_pm.o) (USBUART_ConfigReg)
.\CortexM3\ARM_GCC_493\Debug\TASBot.a(USBUART_vnd.o)
                              .\CortexM3\ARM_GCC_493\Debug\TASBot.a(USBUART_drv.o) (USBUART_HandleVendorRqst)
.\CortexM3\ARM_GCC_493\Debug\TASBot.a(USBUART_Dp.o)
                              .\CortexM3\ARM_GCC_493\Debug\TASBot.a(USBUART_pm.o) (USBUART_Dp_ClearInterrupt)
.\CortexM3\ARM_GCC_493\Debug\TASBot.a(P2_IRQ.o)
                              .\CortexM3\ARM_GCC_493\Debug\main.o (P2_IRQ_Start)
.\CortexM3\ARM_GCC_493\Debug\TASBot.a(P1_TimerIRQ.o)
                              .\CortexM3\ARM_GCC_493\Debug\main.o (P1_TimerIRQ_Start)
.\CortexM3\ARM_GCC_493\Debug\TASBot.a(P2_TimerIRQ.o)
                              .\CortexM3\ARM_GCC_493\Debug\main.o (P2_TimerIRQ_Start)
.\CortexM3\ARM_GCC_493\Debug\TASBot.a(P1_RegD0.o)
                              .\CortexM3\ARM_GCC_493\Debug\main.o (P1_RegD0_Start)
.\CortexM3\ARM_GCC_493\Debug\TASBot.a(P1_WinTimer.o)
                              .\CortexM3\ARM_GCC_493\Debug\main.o (P1_WinTimer_WritePeriod)
.\CortexM3\ARM_GCC_493\Debug\TASBot.a(P1_RegD1.o)
                              .\CortexM3\ARM_GCC_493\Debug\main.o (P1_RegD1_Start)
.\CortexM3\ARM_GCC_493\Debug\TASBot.a(P1_RegD2.o)
                              .\CortexM3\ARM_GCC_493\Debug\main.o (P1_RegD2_Start)
.\CortexM3\ARM_GCC_493\Debug\TASBot.a(P2_RegD0.o)
                              .\CortexM3\ARM_GCC_493\Debug\main.o (P2_RegD0_Start)
.\CortexM3\ARM_GCC_493\Debug\TASBot.a(P2_WinTimer.o)
                              .\CortexM3\ARM_GCC_493\Debug\main.o (P2_WinTimer_WritePeriod)
.\CortexM3\ARM_GCC_493\Debug\TASBot.a(P2_RegD1.o)
                              .\CortexM3\ARM_GCC_493\Debug\main.o (P2_RegD1_Start)
.\CortexM3\ARM_GCC_493\Debug\TASBot.a(P2_RegD2.o)
                              .\CortexM3\ARM_GCC_493\Debug\main.o (P2_RegD2_Start)
.\CortexM3\ARM_GCC_493\Debug\TASBot.a(CyFlash.o)
                              .\CortexM3\ARM_GCC_493\Debug\TASBot.a(cyPm.o) (CyFlash_SetWaitCycles)
.\CortexM3\ARM_GCC_493\Debug\TASBot.a(CySpc.o)
                              .\CortexM3\ARM_GCC_493\Debug\TASBot.a(CyFlash.o) (CySpcStart)
.\CortexM3\ARM_GCC_493\Debug\TASBot.a(USBUART_cls.o)
                              .\CortexM3\ARM_GCC_493\Debug\TASBot.a(USBUART_drv.o) (USBUART_DispatchClassRqst)
.\CortexM3\ARM_GCC_493\Debug\TASBot.a(USBUART_descr.o)
                              .\CortexM3\ARM_GCC_493\Debug\TASBot.a(USBUART_std.o) (USBUART_idSerialNumberStringDescriptor)
c:/program files (x86)/cypress/psoc creator/3.3/psoc creator/import/gnu/arm/4.9.3/bin/../lib/gcc/arm-none-eabi/4.9.3/../../../../arm-none-eabi/lib/armv7-m\libg_nano.a(lib_a-errno.o)
                              .\CortexM3\ARM_GCC_493\Debug\Cm3Start.o (__errno)
c:/program files (x86)/cypress/psoc creator/3.3/psoc creator/import/gnu/arm/4.9.3/bin/../lib/gcc/arm-none-eabi/4.9.3/../../../../arm-none-eabi/lib/armv7-m\libg_nano.a(lib_a-exit.o)
                              c:/program files (x86)/cypress/psoc creator/3.3/psoc creator/import/gnu/arm/4.9.3/bin/../lib/gcc/arm-none-eabi/4.9.3/../../../../arm-none-eabi/lib/armv7-m/crt0.o (exit)
c:/program files (x86)/cypress/psoc creator/3.3/psoc creator/import/gnu/arm/4.9.3/bin/../lib/gcc/arm-none-eabi/4.9.3/../../../../arm-none-eabi/lib/armv7-m\libg_nano.a(lib_a-impure.o)
[...]
Memory Configuration

Name             Origin             Length             Attributes
rom              0x00000000         0x00040000         xr
ram              0x1fff8000         0x00010000         xrw
*default*        0x00000000         0xffffffff

Linker script and memory map

LOAD c:/program files (x86)/cypress/psoc creator/3.3/psoc creator/import/gnu/arm/4.9.3/bin/../lib/gcc/arm-none-eabi/4.9.3/armv7-m/crti.o
LOAD c:/program files (x86)/cypress/psoc creator/3.3/psoc creator/import/gnu/arm/4.9.3/bin/../lib/gcc/arm-none-eabi/4.9.3/armv7-m/crtbegin.o
LOAD c:/program files (x86)/cypress/psoc creator/3.3/psoc creator/import/gnu/arm/4.9.3/bin/../lib/gcc/arm-none-eabi/4.9.3/../../../../arm-none-eabi/lib/armv7-m/crt0.o
START GROUP
LOAD .\CortexM3\ARM_GCC_493\Debug\main.o
LOAD .\CortexM3\ARM_GCC_493\Debug\cymetadata.o
LOAD .\CortexM3\ARM_GCC_493\Debug\Cm3Start.o
LOAD .\CortexM3\ARM_GCC_493\Debug\TASBot.a
LOAD C:\Program Files (x86)\Cypress\PSoC Creator\3.3\PSoC Creator\psoc\content\cycomponentlibrary\CyComponentLibrary.cylib\CortexM3\ARM_GCC_493\Debug\CyComponentLibrary.a
END GROUP
START GROUP
LOAD c:/program files (x86)/cypress/psoc creator/3.3/psoc creator/import/gnu/arm/4.9.3/bin/../lib/gcc/arm-none-eabi/4.9.3/armv7-m\libgcc.a
LOAD c:/program files (x86)/cypress/psoc creator/3.3/psoc creator/import/gnu/arm/4.9.3/bin/../lib/gcc/arm-none-eabi/4.9.3/../../../../arm-none-eabi/lib/armv7-m\libg_nano.a
LOAD c:/program files (x86)/cypress/psoc creator/3.3/psoc creator/import/gnu/arm/4.9.3/bin/../lib/gcc/arm-none-eabi/4.9.3/../../../../arm-none-eabi/lib/armv7-m\libc_nano.a
END GROUP
START GROUP
LOAD c:/program files (x86)/cypress/psoc creator/3.3/psoc creator/import/gnu/arm/4.9.3/bin/../lib/gcc/arm-none-eabi/4.9.3/armv7-m\libgcc.a
LOAD c:/program files (x86)/cypress/psoc creator/3.3/psoc creator/import/gnu/arm/4.9.3/bin/../lib/gcc/arm-none-eabi/4.9.3/../../../../arm-none-eabi/lib/armv7-m\libc_nano.a
END GROUP
LOAD c:/program files (x86)/cypress/psoc creator/3.3/psoc creator/import/gnu/arm/4.9.3/bin/../lib/gcc/arm-none-eabi/4.9.3/armv7-m/crtend.o
LOAD c:/program files (x86)/cypress/psoc creator/3.3/psoc creator/import/gnu/arm/4.9.3/bin/../lib/gcc/arm-none-eabi/4.9.3/armv7-m/crtn.o
START GROUP
LOAD c:/program files (x86)/cypress/psoc creator/3.3/psoc creator/import/gnu/arm/4.9.3/bin/../lib/gcc/arm-none-eabi/4.9.3/armv7-m\libgcc.a
LOAD c:/program files (x86)/cypress/psoc creator/3.3/psoc creator/import/gnu/arm/4.9.3/bin/../lib/gcc/arm-none-eabi/4.9.3/../../../../arm-none-eabi/lib/armv7-m\libc.a
LOAD c:/program files (x86)/cypress/psoc creator/3.3/psoc creator/import/gnu/arm/4.9.3/bin/../lib/gcc/arm-none-eabi/4.9.3/../../../../arm-none-eabi/lib/armv7-m\libnosys.a
END GROUP
                0x00000000                CY_APPL_ORIGIN = 0x0
                0x00000100                CY_FLASH_ROW_SIZE = 0x100
                0x00000020                CY_ECC_ROW_SIZE = 0x20
                0x00000000                CY_EE_IN_BTLDR = 0x0
                0x00000000                CY_APPL_LOADABLE = 0x0
                0x00000800                CY_EE_SIZE = 0x800
                0x00000001                CY_APPL_NUM = 0x1
                0x00000001                CY_APPL_MAX = 0x1
                0x00000040                CY_METADATA_SIZE = 0x40
                0x00000000                CY_APPL_LOADABLE = 0x0
                0x00000000                CY_CHECKSUM_EXCLUDE_SIZE = ALIGN (0x0, CY_FLASH_ROW_SIZE)
                0x1fffe2a8                PROVIDE (__cy_heap_start, _end)
                0x00000001                PROVIDE (__cy_region_num, ((__cy_regions_end - __cy_regions) / 0x10))
                0x20008000                PROVIDE (__cy_stack, (ORIGIN (ram) + 0x10000))
                0x20007800                PROVIDE (__cy_heap_end, (__cy_stack - 0x800))

.cybootloader   0x00000000        0x0
 *(.cybootloader)
                0x00000000                appl1_start = CY_APPL_ORIGIN?CY_APPL_ORIGIN:ALIGN (CY_FLASH_ROW_SIZE)
                0x0001ff00                appl2_start = (appl1_start + ALIGN ((((0x40000 - appl1_start) - (0x2 * CY_FLASH_ROW_SIZE)) / 0x2), CY_FLASH_ROW_SIZE))
                0x00000000                appl_start = (CY_APPL_NUM == 0x1)?appl1_start:appl2_start
                0x00000000                ecc_offset = ((appl_start / CY_FLASH_ROW_SIZE) * CY_ECC_ROW_SIZE)
                0x00000000                ee_offset = (CY_APPL_LOADABLE && ! (CY_EE_IN_BTLDR))?((CY_EE_SIZE / CY_APPL_MAX) * (CY_APPL_NUM - 0x1)):0x0
                0x00000800                ee_size = (CY_APPL_LOADABLE && ! (CY_EE_IN_BTLDR))?(CY_EE_SIZE / CY_APPL_MAX):CY_EE_SIZE
                0x00000000                PROVIDE (CY_ECC_OFFSET, ecc_offset)

.text           0x00000000     0x26de
 CREATE_OBJECT_SYMBOLS
                0x00000000                PROVIDE (__cy_interrupt_vector, RomVectors)
 *(.romvectors)
 .romvectors    0x00000000       0x10 .\CortexM3\ARM_GCC_493\Debug\Cm3Start.o
                0x00000000                RomVectors
                0x00000001                ASSERT ((. != __cy_interrupt_vector), No interrupt vector)
                0x00000001                ASSERT (CY_APPL_ORIGIN?(SIZEOF (.cybootloader) <= CY_APPL_ORIGIN):0x1, Wrong image location)
                0x00000010                PROVIDE (__cy_reset, Reset)
 *(.text.Reset)
 .text.Reset    0x00000010       0x18 .\CortexM3\ARM_GCC_493\Debug\Cm3Start.o
                0x00000010                Reset
                0x00000001                ASSERT ((. != __cy_reset), No reset code)
 *(.dma_init)
                0x00000001                ASSERT ((((appl_start + .) <= 0x10000) || 0x1), DMA Init must be within the first 64k of flash)
 *(.text .text.* .gnu.linkonce.t.*)
 .text          0x00000028       0x5c c:/program files (x86)/cypress/psoc creator/3.3/psoc creator/import/gnu/arm/4.9.3/bin/../lib/gcc/arm-none-eabi/4.9.3/armv7-m/crtbegin.o
 .text.main     0x00000084      0x4a8 .\CortexM3\ARM_GCC_493\Debug\main.o
                0x00000084                main
 .text.IntDefaultHandler
                0x0000052c        0x4 .\CortexM3\ARM_GCC_493\Debug\Cm3Start.o
                0x0000052c                IntDefaultHandler
 .text.Start_c  0x00000530       0x4c .\CortexM3\ARM_GCC_493\Debug\Cm3Start.o
                0x00000530                Start_c
 .text.initialize_psoc
                0x0000057c       0x74 .\CortexM3\ARM_GCC_493\Debug\Cm3Start.o
                0x0000057c                initialize_psoc
 .text.CyClockStartupError
                0x000005f0        0x4 .\CortexM3\ARM_GCC_493\Debug\TASBot.a(cyfitter_cfg.o)
 .text.cfg_write_bytes32
                0x000005f4       0x34 .\CortexM3\ARM_GCC_493\Debug\TASBot.a(cyfitter_cfg.o)
 .text.AnalogSetDefault
                0x00000628       0x28 .\CortexM3\ARM_GCC_493\Debug\TASBot.a(cyfitter_cfg.o)
 .text.CYMEMZERO
                0x00000650        0xc .\CortexM3\ARM_GCC_493\Debug\TASBot.a(cyfitter_cfg.o)
 .text.ClockSetup
                0x0000065c       0xc4 .\CortexM3\ARM_GCC_493\Debug\TASBot.a(cyfitter_cfg.o)
 .text.CYCONFIGCPY
                0x00000720        0x8 .\CortexM3\ARM_GCC_493\Debug\TASBot.a(cyfitter_cfg.o)
 .text.cyfitter_cfg
                0x00000728       0xf4 .\CortexM3\ARM_GCC_493\Debug\TASBot.a(cyfitter_cfg.o)
                0x00000728                cyfitter_cfg
 *fill*         0x0000081c        0x4 
 .text          0x00000820       0x20 .\CortexM3\ARM_GCC_493\Debug\TASBot.a(CyBootAsmGnu.o)
                0x00000820                CyDelayCycles
                0x00000830                CyEnterCriticalSection
                0x00000838                CyExitCriticalSection
 .text.CyHalt   0x00000840        0x4 .\CortexM3\ARM_GCC_493\Debug\TASBot.a(CyLib.o)
                0x00000840                CyHalt
 .text.CyDelayUs
                0x00000844       0x14 .\CortexM3\ARM_GCC_493\Debug\TASBot.a(CyLib.o)
                0x00000844                CyDelayUs
 .text.CyIntSetVector
                0x00000858       0x28 .\CortexM3\ARM_GCC_493\Debug\TASBot.a(CyLib.o)
                0x00000858                CyIntSetVector
 .text.CyIntSetPriority
                0x00000880       0x30 .\CortexM3\ARM_GCC_493\Debug\TASBot.a(CyLib.o)
                0x00000880                CyIntSetPriority
 .text.CyGetUniqueId
                0x000008b0       0x70 .\CortexM3\ARM_GCC_493\Debug\TASBot.a(CyLib.o)
                0x000008b0                CyGetUniqueId
 .text.P1_IRQ_Interrupt
                0x00000920       0xa4 .\CortexM3\ARM_GCC_493\Debug\TASBot.a(P1_IRQ.o)
                0x00000920                P1_IRQ_Interrupt
 .text.P1_IRQ_SetVector
                0x000009c4        0xc .\CortexM3\ARM_GCC_493\Debug\TASBot.a(P1_IRQ.o)
                0x000009c4                P1_IRQ_SetVector
 .text.P1_IRQ_SetPriority
                0x000009d0       0x10 .\CortexM3\ARM_GCC_493\Debug\TASBot.a(P1_IRQ.o)
                0x000009d0                P1_IRQ_SetPriority
 .text.P1_IRQ_Enable
                0x000009e0        0xc .\CortexM3\ARM_GCC_493\Debug\TASBot.a(P1_IRQ.o)
                0x000009e0                P1_IRQ_Enable
 .text.P1_IRQ_Disable
                0x000009ec        0xc .\CortexM3\ARM_GCC_493\Debug\TASBot.a(P1_IRQ.o)
                0x000009ec                P1_IRQ_Disable
 .text.P1_IRQ_Start
                0x000009f8       0x1c .\CortexM3\ARM_GCC_493\Debug\TASBot.a(P1_IRQ.o)
                0x000009f8                P1_IRQ_Start
 .text.P1_IRQ_Stop
                0x00000a14       0x14 .\CortexM3\ARM_GCC_493\Debug\TASBot.a(P1_IRQ.o)
                0x00000a14                P1_IRQ_Stop
 .text.USBUART_Init
                0x00000a28      0x140 .\CortexM3\ARM_GCC_493\Debug\TASBot.a(USBUART.o)
                0x00000a28                USBUART_Init
 .text.USBUART_InitComponent
                0x00000b68       0xb8 .\CortexM3\ARM_GCC_493\Debug\TASBot.a(USBUART.o)
                0x00000b68                USBUART_InitComponent
 .text.USBUART_Start
                0x00000c20       0x24 .\CortexM3\ARM_GCC_493\Debug\TASBot.a(USBUART.o)
                0x00000c20                USBUART_Start
 .text.USBUART_ReInitComponent
                0x00000c44       0x4c .\CortexM3\ARM_GCC_493\Debug\TASBot.a(USBUART.o)
                0x00000c44                USBUART_ReInitComponent
 .text.USBUART_GetConfiguration
                0x00000c90        0xc .\CortexM3\ARM_GCC_493\Debug\TASBot.a(USBUART.o)
                0x00000c90                USBUART_GetConfiguration
 .text.USBUART_IsConfigurationChanged
                0x00000c9c       0x20 .\CortexM3\ARM_GCC_493\Debug\TASBot.a(USBUART.o)
                0x00000c9c                USBUART_IsConfigurationChanged
 .text.USBUART_GetEPState
                0x00000cbc       0x14 .\CortexM3\ARM_GCC_493\Debug\TASBot.a(USBUART.o)
                0x00000cbc                USBUART_GetEPState
 .text.USBUART_GetEPCount
                0x00000cd0       0x28 .\CortexM3\ARM_GCC_493\Debug\TASBot.a(USBUART.o)
                0x00000cd0                USBUART_GetEPCount
 .text.USBUART_LoadInEP
                0x00000cf8       0x94 .\CortexM3\ARM_GCC_493\Debug\TASBot.a(USBUART.o)
                0x00000cf8                USBUART_LoadInEP
 .text.USBUART_EnableOutEP
                0x00000d8c       0x2c .\CortexM3\ARM_GCC_493\Debug\TASBot.a(USBUART.o)
                0x00000d8c                USBUART_EnableOutEP
 .text.USBUART_ReadOutEP
                0x00000db8       0x50 .\CortexM3\ARM_GCC_493\Debug\TASBot.a(USBUART.o)
                0x00000db8                USBUART_ReadOutEP
 .text.USBUART_GetInterfaceComPort
                0x00000e08       0x3c .\CortexM3\ARM_GCC_493\Debug\TASBot.a(USBUART_cdc.o)
                0x00000e08                USBUART_GetInterfaceComPort
 .text.USBUART_DispatchCDCClassRqst
                0x00000e44       0x98 .\CortexM3\ARM_GCC_493\Debug\TASBot.a(USBUART_cdc.o)
                0x00000e44                USBUART_DispatchCDCClassRqst
 .text.USBUART_CDC_Init
                0x00000edc       0x98 .\CortexM3\ARM_GCC_493\Debug\TASBot.a(USBUART_cdc.o)
                0x00000edc                USBUART_CDC_Init
 .text.USBUART_PutChar
                0x00000f74       0x28 .\CortexM3\ARM_GCC_493\Debug\TASBot.a(USBUART_cdc.o)
                0x00000f74                USBUART_PutChar
 .text.USBUART_DataIsReady
                0x00000f9c       0x18 .\CortexM3\ARM_GCC_493\Debug\TASBot.a(USBUART_cdc.o)
                0x00000f9c                USBUART_DataIsReady
 .text.USBUART_CDCIsReady
                0x00000fb4       0x18 .\CortexM3\ARM_GCC_493\Debug\TASBot.a(USBUART_cdc.o)
                0x00000fb4                USBUART_CDCIsReady
 .text.USBUART_GetAll
                0x00000fcc       0x30 .\CortexM3\ARM_GCC_493\Debug\TASBot.a(USBUART_cdc.o)
                0x00000fcc                USBUART_GetAll
 .text.USBUART_Cdc_EpInit
                0x00000ffc       0x50 .\CortexM3\ARM_GCC_493\Debug\TASBot.a(USBUART_cdc.o)
                0x00000ffc                USBUART_Cdc_EpInit
 .text.USBUART_LoadEP0
                0x0000104c       0x94 .\CortexM3\ARM_GCC_493\Debug\TASBot.a(USBUART_drv.o)
                0x0000104c                USBUART_LoadEP0
 .text.USBUART_InitZeroLengthControlTransfer
                0x000010e0       0x34 .\CortexM3\ARM_GCC_493\Debug\TASBot.a(USBUART_drv.o)
                0x000010e0                USBUART_InitZeroLengthControlTransfer
 .text.USBUART_ControlReadDataStage
                0x00001114        0x8 .\CortexM3\ARM_GCC_493\Debug\TASBot.a(USBUART_drv.o)
                0x00001114                USBUART_ControlReadDataStage
 .text.USBUART_ControlWriteDataStage
                0x0000111c       0x80 .\CortexM3\ARM_GCC_493\Debug\TASBot.a(USBUART_drv.o)
                0x0000111c                USBUART_ControlWriteDataStage
 .text.USBUART_InitNoDataControlTransfer
                0x0000119c       0x2c .\CortexM3\ARM_GCC_493\Debug\TASBot.a(USBUART_drv.o)
                0x0000119c                USBUART_InitNoDataControlTransfer
 .text.USBUART_UpdateStatusBlock
                0x000011c8       0x24 .\CortexM3\ARM_GCC_493\Debug\TASBot.a(USBUART_drv.o)
                0x000011c8                USBUART_UpdateStatusBlock
 .text.USBUART_HandleSetup
                0x000011ec       0x5c .\CortexM3\ARM_GCC_493\Debug\TASBot.a(USBUART_drv.o)
                0x000011ec                USBUART_HandleSetup
 .text.USBUART_ControlReadStatusStage
                0x00001248       0x34 .\CortexM3\ARM_GCC_493\Debug\TASBot.a(USBUART_drv.o)
                0x00001248                USBUART_ControlReadStatusStage
 .text.USBUART_HandleOUT
                0x0000127c       0x38 .\CortexM3\ARM_GCC_493\Debug\TASBot.a(USBUART_drv.o)
                0x0000127c                USBUART_HandleOUT
 .text.USBUART_ControlWriteStatusStage
                0x000012b4       0x20 .\CortexM3\ARM_GCC_493\Debug\TASBot.a(USBUART_drv.o)
                0x000012b4                USBUART_ControlWriteStatusStage
 .text.USBUART_NoDataControlStatusStage
                0x000012d4       0x40 .\CortexM3\ARM_GCC_493\Debug\TASBot.a(USBUART_drv.o)
                0x000012d4                USBUART_NoDataControlStatusStage
 .text.USBUART_HandleIN
                0x00001314       0x2c .\CortexM3\ARM_GCC_493\Debug\TASBot.a(USBUART_drv.o)
                0x00001314                USBUART_HandleIN
 .text.USBUART_EP_0_ISR
                0x00001340       0xb8 .\CortexM3\ARM_GCC_493\Debug\TASBot.a(USBUART_drv.o)
                0x00001340                USBUART_EP_0_ISR
 .text.USBUART_InitializeStatusBlock
                0x000013f8       0x24 .\CortexM3\ARM_GCC_493\Debug\TASBot.a(USBUART_drv.o)
                0x000013f8                USBUART_InitializeStatusBlock
 .text.USBUART_InitControlRead
                0x0000141c       0x50 .\CortexM3\ARM_GCC_493\Debug\TASBot.a(USBUART_drv.o)
                0x0000141c                USBUART_InitControlRead
 .text.USBUART_InitControlWrite
                0x0000146c       0x48 .\CortexM3\ARM_GCC_493\Debug\TASBot.a(USBUART_drv.o)
                0x0000146c                USBUART_InitControlWrite
 .text.USBUART_EP_1_ISR
                0x000014b4       0x38 .\CortexM3\ARM_GCC_493\Debug\TASBot.a(USBUART_episr.o)
                0x000014b4                USBUART_EP_1_ISR
 .text.USBUART_EP_2_ISR
                0x000014ec       0x3c .\CortexM3\ARM_GCC_493\Debug\TASBot.a(USBUART_episr.o)
                0x000014ec                USBUART_EP_2_ISR
 .text.USBUART_EP_3_ISR
                0x00001528       0x44 .\CortexM3\ARM_GCC_493\Debug\TASBot.a(USBUART_episr.o)
                0x00001528                USBUART_EP_3_ISR
 .text.USBUART_SOF_ISR
                0x0000156c        0x4 .\CortexM3\ARM_GCC_493\Debug\TASBot.a(USBUART_episr.o)
                0x0000156c                USBUART_SOF_ISR
 .text.USBUART_BUS_RESET_ISR
                0x00001570        0x8 .\CortexM3\ARM_GCC_493\Debug\TASBot.a(USBUART_episr.o)
                0x00001570                USBUART_BUS_RESET_ISR
 .text.USBUART_DP_ISR
                0x00001578        0x8 .\CortexM3\ARM_GCC_493\Debug\TASBot.a(USBUART_pm.o)
                0x00001578                USBUART_DP_ISR
 .text.USBUART_ReadDieID
                0x00001580       0x6c .\CortexM3\ARM_GCC_493\Debug\TASBot.a(USBUART_std.o)
                0x00001580                USBUART_ReadDieID
 .text.USBUART_ConfigReg
                0x000015ec       0xa4 .\CortexM3\ARM_GCC_493\Debug\TASBot.a(USBUART_std.o)
                0x000015ec                USBUART_ConfigReg
 .text.USBUART_GetConfigTablePtr
                0x00001690       0x28 .\CortexM3\ARM_GCC_493\Debug\TASBot.a(USBUART_std.o)
                0x00001690                USBUART_GetConfigTablePtr
 .text.USBUART_ConfigAltChanged
                0x000016b8      0x11c .\CortexM3\ARM_GCC_493\Debug\TASBot.a(USBUART_std.o)
                0x000016b8                USBUART_ConfigAltChanged
 .text.USBUART_GetDeviceTablePtr
                0x000017d4       0x18 .\CortexM3\ARM_GCC_493\Debug\TASBot.a(USBUART_std.o)
                0x000017d4                USBUART_GetDeviceTablePtr
 .text.USBUART_GetInterfaceClassTablePtr
                0x000017ec       0x24 .\CortexM3\ARM_GCC_493\Debug\TASBot.a(USBUART_std.o)
                0x000017ec                USBUART_GetInterfaceClassTablePtr
 .text.USBUART_Config
                0x00001810      0x1e4 .\CortexM3\ARM_GCC_493\Debug\TASBot.a(USBUART_std.o)
                0x00001810                USBUART_Config
 .text.USBUART_SetEndpointHalt
                0x000019f4       0x64 .\CortexM3\ARM_GCC_493\Debug\TASBot.a(USBUART_std.o)
                0x000019f4                USBUART_SetEndpointHalt
 .text.USBUART_ClearEndpointHalt
                0x00001a58       0xa8 .\CortexM3\ARM_GCC_493\Debug\TASBot.a(USBUART_std.o)
                0x00001a58                USBUART_ClearEndpointHalt
 .text.USBUART_ValidateAlternateSetting
                0x00001b00       0x4c .\CortexM3\ARM_GCC_493\Debug\TASBot.a(USBUART_std.o)
                0x00001b00                USBUART_ValidateAlternateSetting
 .text.USBUART_HandleStandardRqst
                0x00001b4c      0x350 .\CortexM3\ARM_GCC_493\Debug\TASBot.a(USBUART_std.o)
                0x00001b4c                USBUART_HandleStandardRqst
 .text.USBUART_HandleVendorRqst
                0x00001e9c       0x18 .\CortexM3\ARM_GCC_493\Debug\TASBot.a(USBUART_vnd.o)
                0x00001e9c                USBUART_HandleVendorRqst
 .text.USBUART_Dp_ClearInterrupt
                0x00001eb4       0x10 .\CortexM3\ARM_GCC_493\Debug\TASBot.a(USBUART_Dp.o)
                0x00001eb4                USBUART_Dp_ClearInterrupt
 .text.P2_IRQ_Interrupt
                0x00001ec4       0xa8 .\CortexM3\ARM_GCC_493\Debug\TASBot.a(P2_IRQ.o)
                0x00001ec4                P2_IRQ_Interrupt
 .text.P2_IRQ_SetVector
                0x00001f6c        0xc .\CortexM3\ARM_GCC_493\Debug\TASBot.a(P2_IRQ.o)
                0x00001f6c                P2_IRQ_SetVector
 .text.P2_IRQ_SetPriority
                0x00001f78       0x10 .\CortexM3\ARM_GCC_493\Debug\TASBot.a(P2_IRQ.o)
                0x00001f78                P2_IRQ_SetPriority
 .text.P2_IRQ_Enable
                0x00001f88        0xc .\CortexM3\ARM_GCC_493\Debug\TASBot.a(P2_IRQ.o)
                0x00001f88                P2_IRQ_Enable
 .text.P2_IRQ_Disable
                0x00001f94        0xc .\CortexM3\ARM_GCC_493\Debug\TASBot.a(P2_IRQ.o)
                0x00001f94                P2_IRQ_Disable
 .text.P2_IRQ_Start
                0x00001fa0       0x1c .\CortexM3\ARM_GCC_493\Debug\TASBot.a(P2_IRQ.o)
                0x00001fa0                P2_IRQ_Start
 .text.P2_IRQ_Stop
                0x00001fbc       0x14 .\CortexM3\ARM_GCC_493\Debug\TASBot.a(P2_IRQ.o)
                0x00001fbc                P2_IRQ_Stop
 .text.P1_TimerIRQ_Interrupt
                0x00001fd0       0x84 .\CortexM3\ARM_GCC_493\Debug\TASBot.a(P1_TimerIRQ.o)
                0x00001fd0                P1_TimerIRQ_Interrupt
 .text.P1_TimerIRQ_SetVector
                0x00002054        0xc .\CortexM3\ARM_GCC_493\Debug\TASBot.a(P1_TimerIRQ.o)
                0x00002054                P1_TimerIRQ_SetVector
 .text.P1_TimerIRQ_SetPriority
                0x00002060       0x10 .\CortexM3\ARM_GCC_493\Debug\TASBot.a(P1_TimerIRQ.o)
                0x00002060                P1_TimerIRQ_SetPriority
 .text.P1_TimerIRQ_Enable
                0x00002070        0xc .\CortexM3\ARM_GCC_493\Debug\TASBot.a(P1_TimerIRQ.o)
                0x00002070                P1_TimerIRQ_Enable
 .text.P1_TimerIRQ_Disable
                0x0000207c        0xc .\CortexM3\ARM_GCC_493\Debug\TASBot.a(P1_TimerIRQ.o)
                0x0000207c                P1_TimerIRQ_Disable
 .text.P1_TimerIRQ_Start
                0x00002088       0x1c .\CortexM3\ARM_GCC_493\Debug\TASBot.a(P1_TimerIRQ.o)
                0x00002088                P1_TimerIRQ_Start
 .text.P2_TimerIRQ_Interrupt
                0x000020a4       0xa8 .\CortexM3\ARM_GCC_493\Debug\TASBot.a(P2_TimerIRQ.o)
                0x000020a4                P2_TimerIRQ_Interrupt
 .text.P2_TimerIRQ_SetVector
                0x0000214c        0xc .\CortexM3\ARM_GCC_493\Debug\TASBot.a(P2_TimerIRQ.o)
                0x0000214c                P2_TimerIRQ_SetVector
 .text.P2_TimerIRQ_SetPriority
                0x00002158       0x10 .\CortexM3\ARM_GCC_493\Debug\TASBot.a(P2_TimerIRQ.o)
                0x00002158                P2_TimerIRQ_SetPriority
 .text.P2_TimerIRQ_Enable
                0x00002168        0xc .\CortexM3\ARM_GCC_493\Debug\TASBot.a(P2_TimerIRQ.o)
                0x00002168                P2_TimerIRQ_Enable
 .text.P2_TimerIRQ_Disable
                0x00002174        0xc .\CortexM3\ARM_GCC_493\Debug\TASBot.a(P2_TimerIRQ.o)
                0x00002174                P2_TimerIRQ_Disable
 .text.P2_TimerIRQ_Start
                0x00002180       0x1c .\CortexM3\ARM_GCC_493\Debug\TASBot.a(P2_TimerIRQ.o)
                0x00002180                P2_TimerIRQ_Start
 .text.P1_RegD0_EnableInt
                0x0000219c       0x1c .\CortexM3\ARM_GCC_493\Debug\TASBot.a(P1_RegD0.o)
                0x0000219c                P1_RegD0_EnableInt
 .text.P1_RegD0_Enable
                0x000021b8       0x18 .\CortexM3\ARM_GCC_493\Debug\TASBot.a(P1_RegD0.o)
                0x000021b8                P1_RegD0_Enable
 .text.P1_RegD0_SetIntMode
                0x000021d0       0x1c .\CortexM3\ARM_GCC_493\Debug\TASBot.a(P1_RegD0.o)
                0x000021d0                P1_RegD0_SetIntMode
 .text.P1_RegD0_Init
                0x000021ec        0xc .\CortexM3\ARM_GCC_493\Debug\TASBot.a(P1_RegD0.o)
                0x000021ec                P1_RegD0_Init
 .text.P1_RegD0_Start
                0x000021f8       0x1c .\CortexM3\ARM_GCC_493\Debug\TASBot.a(P1_RegD0.o)
                0x000021f8                P1_RegD0_Start
 .text.P1_RegD0_WriteRegValue
                0x00002214        0xc .\CortexM3\ARM_GCC_493\Debug\TASBot.a(P1_RegD0.o)
                0x00002214                P1_RegD0_WriteRegValue
 .text.P1_WinTimer_Enable
                0x00002220       0x10 .\CortexM3\ARM_GCC_493\Debug\TASBot.a(P1_WinTimer.o)
                0x00002220                P1_WinTimer_Enable
 .text.P1_WinTimer_SetInterruptMode
                0x00002230        0xc .\CortexM3\ARM_GCC_493\Debug\TASBot.a(P1_WinTimer.o)
                0x00002230                P1_WinTimer_SetInterruptMode
 .text.P1_WinTimer_ReadStatusRegister
                0x0000223c        0xc .\CortexM3\ARM_GCC_493\Debug\TASBot.a(P1_WinTimer.o)
                0x0000223c                P1_WinTimer_ReadStatusRegister
 .text.P1_WinTimer_WritePeriod
                0x00002248        0xc .\CortexM3\ARM_GCC_493\Debug\TASBot.a(P1_WinTimer.o)
                0x00002248                P1_WinTimer_WritePeriod
 .text.P1_WinTimer_ReadCapture
                0x00002254        0xc .\CortexM3\ARM_GCC_493\Debug\TASBot.a(P1_WinTimer.o)
                0x00002254                P1_WinTimer_ReadCapture
 .text.P1_WinTimer_WriteCounter
                0x00002260        0xc .\CortexM3\ARM_GCC_493\Debug\TASBot.a(P1_WinTimer.o)
                0x00002260                P1_WinTimer_WriteCounter
 .text.P1_WinTimer_ClearFIFO
                0x0000226c       0x14 .\CortexM3\ARM_GCC_493\Debug\TASBot.a(P1_WinTimer.o)
                0x0000226c                P1_WinTimer_ClearFIFO
 .text.P1_WinTimer_Init
                0x00002280       0x34 .\CortexM3\ARM_GCC_493\Debug\TASBot.a(P1_WinTimer.o)
                0x00002280                P1_WinTimer_Init
 .text.P1_WinTimer_Start
                0x000022b4       0x1c .\CortexM3\ARM_GCC_493\Debug\TASBot.a(P1_WinTimer.o)
                0x000022b4                P1_WinTimer_Start
 .text.P1_RegD1_EnableInt
                0x000022d0       0x1c .\CortexM3\ARM_GCC_493\Debug\TASBot.a(P1_RegD1.o)
                0x000022d0                P1_RegD1_EnableInt
 .text.P1_RegD1_Enable
                0x000022ec       0x18 .\CortexM3\ARM_GCC_493\Debug\TASBot.a(P1_RegD1.o)
                0x000022ec                P1_RegD1_Enable
 .text.P1_RegD1_SetIntMode
                0x00002304       0x1c .\CortexM3\ARM_GCC_493\Debug\TASBot.a(P1_RegD1.o)
                0x00002304                P1_RegD1_SetIntMode
 .text.P1_RegD1_Init
                0x00002320        0xc .\CortexM3\ARM_GCC_493\Debug\TASBot.a(P1_RegD1.o)
                0x00002320                P1_RegD1_Init
 .text.P1_RegD1_Start
                0x0000232c       0x1c .\CortexM3\ARM_GCC_493\Debug\TASBot.a(P1_RegD1.o)
                0x0000232c                P1_RegD1_Start
 .text.P1_RegD1_WriteRegValue
                0x00002348        0xc .\CortexM3\ARM_GCC_493\Debug\TASBot.a(P1_RegD1.o)
                0x00002348                P1_RegD1_WriteRegValue
 .text.P1_RegD2_EnableInt
                0x00002354       0x1c .\CortexM3\ARM_GCC_493\Debug\TASBot.a(P1_RegD2.o)
                0x00002354                P1_RegD2_EnableInt
 .text.P1_RegD2_Enable
                0x00002370       0x18 .\CortexM3\ARM_GCC_493\Debug\TASBot.a(P1_RegD2.o)
                0x00002370                P1_RegD2_Enable
 .text.P1_RegD2_SetIntMode
                0x00002388       0x1c .\CortexM3\ARM_GCC_493\Debug\TASBot.a(P1_RegD2.o)
                0x00002388                P1_RegD2_SetIntMode
 .text.P1_RegD2_Init
                0x000023a4        0xc .\CortexM3\ARM_GCC_493\Debug\TASBot.a(P1_RegD2.o)
                0x000023a4                P1_RegD2_Init
 .text.P1_RegD2_Start
                0x000023b0       0x1c .\CortexM3\ARM_GCC_493\Debug\TASBot.a(P1_RegD2.o)
                0x000023b0                P1_RegD2_Start
 .text.P1_RegD2_WriteRegValue
                0x000023cc        0xc .\CortexM3\ARM_GCC_493\Debug\TASBot.a(P1_RegD2.o)
                0x000023cc                P1_RegD2_WriteRegValue
 .text.P2_RegD0_EnableInt
                0x000023d8       0x1c .\CortexM3\ARM_GCC_493\Debug\TASBot.a(P2_RegD0.o)
                0x000023d8                P2_RegD0_EnableInt
 .text.P2_RegD0_Enable
                0x000023f4       0x18 .\CortexM3\ARM_GCC_493\Debug\TASBot.a(P2_RegD0.o)
                0x000023f4                P2_RegD0_Enable
 .text.P2_RegD0_SetIntMode
                0x0000240c       0x1c .\CortexM3\ARM_GCC_493\Debug\TASBot.a(P2_RegD0.o)
                0x0000240c                P2_RegD0_SetIntMode
 .text.P2_RegD0_Init
                0x00002428        0xc .\CortexM3\ARM_GCC_493\Debug\TASBot.a(P2_RegD0.o)
                0x00002428                P2_RegD0_Init
 .text.P2_RegD0_Start
                0x00002434       0x1c .\CortexM3\ARM_GCC_493\Debug\TASBot.a(P2_RegD0.o)
                0x00002434                P2_RegD0_Start
 .text.P2_RegD0_WriteRegValue
                0x00002450        0xc .\CortexM3\ARM_GCC_493\Debug\TASBot.a(P2_RegD0.o)
                0x00002450                P2_RegD0_WriteRegValue
 .text.P2_WinTimer_Enable
                0x0000245c       0x10 .\CortexM3\ARM_GCC_493\Debug\TASBot.a(P2_WinTimer.o)
                0x0000245c                P2_WinTimer_Enable
 .text.P2_WinTimer_SetInterruptMode
                0x0000246c        0xc .\CortexM3\ARM_GCC_493\Debug\TASBot.a(P2_WinTimer.o)
                0x0000246c                P2_WinTimer_SetInterruptMode
 .text.P2_WinTimer_ReadStatusRegister
                0x00002478        0xc .\CortexM3\ARM_GCC_493\Debug\TASBot.a(P2_WinTimer.o)
                0x00002478                P2_WinTimer_ReadStatusRegister
 .text.P2_WinTimer_WritePeriod
                0x00002484        0xc .\CortexM3\ARM_GCC_493\Debug\TASBot.a(P2_WinTimer.o)
                0x00002484                P2_WinTimer_WritePeriod
 .text.P2_WinTimer_ReadCapture
                0x00002490        0xc .\CortexM3\ARM_GCC_493\Debug\TASBot.a(P2_WinTimer.o)
                0x00002490                P2_WinTimer_ReadCapture
 .text.P2_WinTimer_WriteCounter
                0x0000249c        0xc .\CortexM3\ARM_GCC_493\Debug\TASBot.a(P2_WinTimer.o)
                0x0000249c                P2_WinTimer_WriteCounter
 .text.P2_WinTimer_ClearFIFO
                0x000024a8       0x14 .\CortexM3\ARM_GCC_493\Debug\TASBot.a(P2_WinTimer.o)
                0x000024a8                P2_WinTimer_ClearFIFO
 .text.P2_WinTimer_Init
                0x000024bc       0x34 .\CortexM3\ARM_GCC_493\Debug\TASBot.a(P2_WinTimer.o)
                0x000024bc                P2_WinTimer_Init
 .text.P2_WinTimer_Start
                0x000024f0       0x1c .\CortexM3\ARM_GCC_493\Debug\TASBot.a(P2_WinTimer.o)
                0x000024f0                P2_WinTimer_Start
 .text.P2_RegD1_EnableInt
                0x0000250c       0x1c .\CortexM3\ARM_GCC_493\Debug\TASBot.a(P2_RegD1.o)
                0x0000250c                P2_RegD1_EnableInt
 .text.P2_RegD1_Enable
                0x00002528       0x18 .\CortexM3\ARM_GCC_493\Debug\TASBot.a(P2_RegD1.o)
                0x00002528                P2_RegD1_Enable
 .text.P2_RegD1_SetIntMode
                0x00002540       0x1c .\CortexM3\ARM_GCC_493\Debug\TASBot.a(P2_RegD1.o)
                0x00002540                P2_RegD1_SetIntMode
 .text.P2_RegD1_Init
                0x0000255c        0xc .\CortexM3\ARM_GCC_493\Debug\TASBot.a(P2_RegD1.o)
                0x0000255c                P2_RegD1_Init
 .text.P2_RegD1_Start
                0x00002568       0x1c .\CortexM3\ARM_GCC_493\Debug\TASBot.a(P2_RegD1.o)
                0x00002568                P2_RegD1_Start
 .text.P2_RegD1_WriteRegValue
                0x00002584        0xc .\CortexM3\ARM_GCC_493\Debug\TASBot.a(P2_RegD1.o)
                0x00002584                P2_RegD1_WriteRegValue
 .text.P2_RegD2_EnableInt
                0x00002590       0x1c .\CortexM3\ARM_GCC_493\Debug\TASBot.a(P2_RegD2.o)
                0x00002590                P2_RegD2_EnableInt
 .text.P2_RegD2_Enable
                0x000025ac       0x18 .\CortexM3\ARM_GCC_493\Debug\TASBot.a(P2_RegD2.o)
                0x000025ac                P2_RegD2_Enable
 .text.P2_RegD2_SetIntMode
                0x000025c4       0x1c .\CortexM3\ARM_GCC_493\Debug\TASBot.a(P2_RegD2.o)
                0x000025c4                P2_RegD2_SetIntMode
 .text.P2_RegD2_Init
                0x000025e0        0xc .\CortexM3\ARM_GCC_493\Debug\TASBot.a(P2_RegD2.o)
                0x000025e0                P2_RegD2_Init
 .text.P2_RegD2_Start
                0x000025ec       0x1c .\CortexM3\ARM_GCC_493\Debug\TASBot.a(P2_RegD2.o)
                0x000025ec                P2_RegD2_Start
 .text.P2_RegD2_WriteRegValue
                0x00002608        0xc .\CortexM3\ARM_GCC_493\Debug\TASBot.a(P2_RegD2.o)
                0x00002608                P2_RegD2_WriteRegValue
 .text.USBUART_DispatchClassRqst
                0x00002614       0x58 .\CortexM3\ARM_GCC_493\Debug\TASBot.a(USBUART_cls.o)
                0x00002614                USBUART_DispatchClassRqst
 .text.__libc_init_array
                0x0000266c       0x4c c:/program files (x86)/cypress/psoc creator/3.3/psoc creator/import/gnu/arm/4.9.3/bin/../lib/gcc/arm-none-eabi/4.9.3/../../../../arm-none-eabi/lib/armv7-m\libg_nano.a(lib_a-init.o)
                0x0000266c                __libc_init_array
 .text.memcpy   0x000026b8       0x16 c:/program files (x86)/cypress/psoc creator/3.3/psoc creator/import/gnu/arm/4.9.3/bin/../lib/gcc/arm-none-eabi/4.9.3/../../../../arm-none-eabi/lib/armv7-m\libg_nano.a(lib_a-memcpy.o)
                0x000026b8                memcpy
 .text.memset   0x000026ce       0x10 c:/program files (x86)/cypress/psoc creator/3.3/psoc creator/import/gnu/arm/4.9.3/bin/../lib/gcc/arm-none-eabi/4.9.3/../../../../arm-none-eabi/lib/armv7-m\libg_nano.a(lib_a-memset.o)
                0x000026ce                memset
 *(.plt)
 *(.gnu.warning)
 *(.glue_7t)
 .glue_7t       0x00000000        0x0 linker stubs
 *(.glue_7)
 .glue_7        0x00000000        0x0 linker stubs
 *(.vfp11_veneer)
 .vfp11_veneer  0x00000000        0x0 linker stubs
 *(.bootloader)
 *(.ARM.extab* .gnu.linkonce.armextab.*)
 *(.gcc_except_table)

.v4_bx          0x000026e0        0x0
 .v4_bx         0x00000000        0x0 linker stubs

.iplt           0x000026e0        0x0
 .iplt          0x00000000        0x0 c:/program files (x86)/cypress/psoc creator/3.3/psoc creator/import/gnu/arm/4.9.3/bin/../lib/gcc/arm-none-eabi/4.9.3/armv7-m/crtbegin.o

.eh_frame_hdr
 *(.eh_frame_hdr)

.eh_frame       0x000026e0        0x4
 *(.eh_frame)
 .eh_frame      0x000026e0        0x0 c:/program files (x86)/cypress/psoc creator/3.3/psoc creator/import/gnu/arm/4.9.3/bin/../lib/gcc/arm-none-eabi/4.9.3/armv7-m/crtbegin.o
 .eh_frame      0x000026e0        0x4 c:/program files (x86)/cypress/psoc creator/3.3/psoc creator/import/gnu/arm/4.9.3/bin/../lib/gcc/arm-none-eabi/4.9.3/armv7-m/crtend.o
                0x000026e4                PROVIDE (__exidx_start, .)

.ARM.exidx
 *(.ARM.exidx* .gnu.linkonce.armexidx.*)
                0x000026e4                __exidx_end = .

.rodata         0x000026e4      0x1d4
 *(.rodata .rodata.* .gnu.linkonce.r.*)
 .rodata        0x000026e4       0x2c .\CortexM3\ARM_GCC_493\Debug\TASBot.a(cyfitter_cfg.o)
 .rodata.str1.4
                0x00002710       0x14 .\CortexM3\ARM_GCC_493\Debug\TASBot.a(USBUART_std.o)
 .rodata        0x00002724      0x160 .\CortexM3\ARM_GCC_493\Debug\TASBot.a(USBUART_descr.o)
                0x00002724                USBUART_TABLE
                0x0000272c                USBUART_DEVICE0_TABLE
                0x00002744                USBUART_DEVICE0_CONFIGURATION0_TABLE
                0x0000276c                USBUART_DEVICE0_CONFIGURATION0_INTERFACE_CLASS
                0x00002770                USBUART_DEVICE0_CONFIGURATION0_EP_SETTINGS_TABLE
                0x00002788                USBUART_SN_STRING_DESCRIPTOR
                0x0000278c                USBUART_STRING_DESCRIPTORS
                0x0000282c                USBUART_DEVICE0_CONFIGURATION0_DESCR
                0x00002870                USBUART_DEVICE0_DESCR
                0x00002884                . = ALIGN (0x4)
 *(.init)
 .init          0x00002884        0x4 c:/program files (x86)/cypress/psoc creator/3.3/psoc creator/import/gnu/arm/4.9.3/bin/../lib/gcc/arm-none-eabi/4.9.3/armv7-m/crti.o
                0x00002884                _init
 .init          0x00002888        0x8 c:/program files (x86)/cypress/psoc creator/3.3/psoc creator/import/gnu/arm/4.9.3/bin/../lib/gcc/arm-none-eabi/4.9.3/armv7-m/crtn.o
                0x00002890                . = ALIGN (0x4)
                0x00002890                __preinit_array_start = .
 *(.preinit_array)
                0x00002890                __preinit_array_end = .
                0x00002890                . = ALIGN (0x4)
                0x00002890                __init_array_start = .
 *(SORT(.init_array.*))
 *(.init_array)
 .init_array    0x00002890        0x4 c:/program files (x86)/cypress/psoc creator/3.3/psoc creator/import/gnu/arm/4.9.3/bin/../lib/gcc/arm-none-eabi/4.9.3/armv7-m/crtbegin.o
 .init_array    0x00002894        0x4 .\CortexM3\ARM_GCC_493\Debug\Cm3Start.o
                0x00002898                __init_array_end = .
                0x00002898                . = ALIGN (0x4)
 *(.fini)
 .fini          0x00002898        0x4 c:/program files (x86)/cypress/psoc creator/3.3/psoc creator/import/gnu/arm/4.9.3/bin/../lib/gcc/arm-none-eabi/4.9.3/armv7-m/crti.o
                0x00002898                _fini
 .fini          0x0000289c        0x8 c:/program files (x86)/cypress/psoc creator/3.3/psoc creator/import/gnu/arm/4.9.3/bin/../lib/gcc/arm-none-eabi/4.9.3/armv7-m/crtn.o
                0x000028a4                . = ALIGN (0x4)
                0x000028a4                __fini_array_start = .
 *(.fini_array)
 .fini_array    0x000028a4        0x4 c:/program files (x86)/cypress/psoc creator/3.3/psoc creator/import/gnu/arm/4.9.3/bin/../lib/gcc/arm-none-eabi/4.9.3/armv7-m/crtbegin.o
 *(SORT(.fini_array.*))
                0x000028a8                __fini_array_end = .
                0x000028a8                . = ALIGN (0x4)
 *crtbegin.o(.ctors)
 *(EXCLUDE_FILE(*crtend.o) .ctors)
 *(SORT(.ctors.*))
 *crtend.o(.ctors)
                0x000028a8                . = ALIGN (0x4)
 *crtbegin.o(.dtors)
 *(EXCLUDE_FILE(*crtend.o) .dtors)
 *(SORT(.dtors.*))
 *crtend.o(.dtors)
                0x000028a8                . = ALIGN (0x4)
                0x000028a8                __cy_regions = .
                0x000028a8        0x4 LONG 0x28b8 __cy_region_init_ram
                0x000028ac        0x4 LONG 0x1fff8108 __cy_region_start_data
                0x000028b0        0x4 LONG 0x38 __cy_region_init_size_ram
                0x000028b4        0x4 LONG 0x6168 __cy_region_zero_size_ram
                0x000028b8                __cy_regions_end = .
                0x000028b8                . = ALIGN (0x8)
                0x000028b8                _etext = .

.cy_checksum_exclude
                0x000028b8        0x0
 *(.cy_checksum_exclude)

.ramvectors     0x1fff8000      0x100
                0x1fff8000                __cy_region_start_ram = .
 *(.ramvectors)
 .ramvectors    0x1fff8000      0x100 .\CortexM3\ARM_GCC_493\Debug\Cm3Start.o
                0x1fff8000                CyRamVectors

.noinit         0x1fff8100        0x5
 *(.noinit)
 .noinit        0x1fff8100        0x4 .\CortexM3\ARM_GCC_493\Debug\Cm3Start.o
 .noinit        0x1fff8104        0x1 .\CortexM3\ARM_GCC_493\Debug\TASBot.a(CyLib.o)
                0x1fff8104                CyResetStatus

.data           0x1fff8108       0x38 load address 0x000028b8
                0x1fff8108                __cy_region_start_data = .
 *(.jcr)
 .jcr           0x1fff8108        0x0 c:/program files (x86)/cypress/psoc creator/3.3/psoc creator/import/gnu/arm/4.9.3/bin/../lib/gcc/arm-none-eabi/4.9.3/armv7-m/crtbegin.o
 .jcr           0x1fff8108        0x4 c:/program files (x86)/cypress/psoc creator/3.3/psoc creator/import/gnu/arm/4.9.3/bin/../lib/gcc/arm-none-eabi/4.9.3/armv7-m/crtend.o
 *(.got.plt)
 *(.got)
 *(.shdata)
 *(.data .data.* .gnu.linkonce.d.*)
 .data          0x1fff810c        0x8 .\CortexM3\ARM_GCC_493\Debug\main.o
                0x1fff810c                window_off
 .data          0x1fff8114       0x10 .\CortexM3\ARM_GCC_493\Debug\TASBot.a(CyLib.o)
                0x1fff8114                cydelay_32k_ms
                0x1fff8118                cydelay_freq_khz
                0x1fff811c                cydelay_freq_mhz
                0x1fff8120                cydelay_freq_hz
 .data          0x1fff8124       0x1c .\CortexM3\ARM_GCC_493\Debug\TASBot.a(USBUART_cdc.o)
                0x1fff8124                USBUART_linesCoding
                0x1fff8140                . = ALIGN (0x8)
 *(.ram)
                0x1fff8140                _edata = .

.igot.plt       0x1fff8140        0x0 load address 0x000028f0
 .igot.plt      0x00000000        0x0 c:/program files (x86)/cypress/psoc creator/3.3/psoc creator/import/gnu/arm/4.9.3/bin/../lib/gcc/arm-none-eabi/4.9.3/armv7-m/crtbegin.o

.bss            0x1fff8140     0x6168 load address 0x000028f0
                0x1fff8140                PROVIDE (__bss_start__, .)
 *(.shbss)
 *(.bss .bss.* .gnu.linkonce.b.*)
 .bss           0x1fff8140       0x1c c:/program files (x86)/cypress/psoc creator/3.3/psoc creator/import/gnu/arm/4.9.3/bin/../lib/gcc/arm-none-eabi/4.9.3/armv7-m/crtbegin.o
 .bss           0x1fff815c       0x5c .\CortexM3\ARM_GCC_493\Debug\main.o
                0x1fff815c                playing
                0x1fff8160                request
                0x1fff8168                buf_ptr
                0x1fff8170                bytes
                0x1fff8174                count
                0x1fff8178                latches
                0x1fff8180                databits
                0x1fff8184                ports
                0x1fff8188                lines
                0x1fff818c                use_timer
                0x1fff8194                sent
                0x1fff8198                data
                0x1fff81a4                timer_ready
                0x1fff81ac                ready
                0x1fff81b0                disable_timer
 .bss           0x1fff81b8        0x1 .\CortexM3\ARM_GCC_493\Debug\TASBot.a(USBUART.o)
                0x1fff81b8                USBUART_initVar
 .bss           0x1fff81b9        0x1 .\CortexM3\ARM_GCC_493\Debug\TASBot.a(USBUART_cdc.o)
 *fill*         0x1fff81ba        0x2 
 .bss           0x1fff81bc        0x4 .\CortexM3\ARM_GCC_493\Debug\TASBot.a(USBUART_std.o)
 .bss           0x1fff81c0        0x1 .\CortexM3\ARM_GCC_493\Debug\TASBot.a(P1_RegD0.o)
                0x1fff81c0                P1_RegD0_initVar
 .bss           0x1fff81c1        0x1 .\CortexM3\ARM_GCC_493\Debug\TASBot.a(P1_WinTimer.o)
                0x1fff81c1                P1_WinTimer_initVar
 .bss           0x1fff81c2        0x1 .\CortexM3\ARM_GCC_493\Debug\TASBot.a(P1_RegD1.o)
                0x1fff81c2                P1_RegD1_initVar
 .bss           0x1fff81c3        0x1 .\CortexM3\ARM_GCC_493\Debug\TASBot.a(P1_RegD2.o)
                0x1fff81c3                P1_RegD2_initVar
 .bss           0x1fff81c4        0x1 .\CortexM3\ARM_GCC_493\Debug\TASBot.a(P2_RegD0.o)
                0x1fff81c4                P2_RegD0_initVar
 .bss           0x1fff81c5        0x1 .\CortexM3\ARM_GCC_493\Debug\TASBot.a(P2_WinTimer.o)
                0x1fff81c5                P2_WinTimer_initVar
 .bss           0x1fff81c6        0x1 .\CortexM3\ARM_GCC_493\Debug\TASBot.a(P2_RegD1.o)
                0x1fff81c6                P2_RegD1_initVar
 .bss           0x1fff81c7        0x1 .\CortexM3\ARM_GCC_493\Debug\TASBot.a(P2_RegD2.o)
                0x1fff81c7                P2_RegD2_initVar
 *(COMMON)
 COMMON         0x1fff81c8     0x6008 .\CortexM3\ARM_GCC_493\Debug\main.o
                0x1fff81c8                input
                0x1fffe1c8                input_ptr
 COMMON         0x1fffe1d0       0x18 .\CortexM3\ARM_GCC_493\Debug\TASBot.a(USBUART_cdc.o)
                0x1fffe1d0                USBUART_linesChanged
                0x1fffe1d4                USBUART_cdcDataInEp
                0x1fffe1d8                USBUART_cdcCommInInterruptEp
                0x1fffe1dc                USBUART_cdcDataOutEp
                0x1fffe1e0                USBUART_serialStateBitmap
                0x1fffe1e4                USBUART_linesControlBitmap
 COMMON         0x1fffe1e8       0x9a .\CortexM3\ARM_GCC_493\Debug\TASBot.a(USBUART_drv.o)
                0x1fffe1e8                USBUART_lastPacketSize
                0x1fffe1e9                USBUART_device
                0x1fffe1ea                USBUART_transferByteCount
                0x1fffe1ec                USBUART_transferState
                0x1fffe1f0                USBUART_interfaceSettingLast
                0x1fffe1f4                USBUART_currentTD
                0x1fffe200                USBUART_interfaceNumber
                0x1fffe204                USBUART_interfaceClass
                0x1fffe208                USBUART_configurationChanged
                0x1fffe209                USBUART_ep0Mode
                0x1fffe20a                USBUART_deviceAddress
                0x1fffe20b                USBUART_configuration
                0x1fffe20c                USBUART_ep0Count
                0x1fffe20d                USBUART_deviceStatus
                0x1fffe210                USBUART_EP
                0x1fffe27c                USBUART_interfaceSetting
                0x1fffe27e                USBUART_ep0Toggle
                0x1fffe280                USBUART_interfaceStatus
 *fill*         0x1fffe282        0x2 
 COMMON         0x1fffe284       0x22 .\CortexM3\ARM_GCC_493\Debug\TASBot.a(USBUART_descr.o)
                0x1fffe284                USBUART_idSerialNumberStringDescriptor
                0x1fffe2a8                . = ALIGN (0x8)
 *fill*         0x1fffe2a6        0x2 
 *(.ram.b)
                0x1fffe2a8                _end = .
                0x1fffe2a8                __end = .
                0x1fffe2a8                PROVIDE (end, .)
                0x1fffe2a8                PROVIDE (__bss_end__, .)
                0x000028b8                __cy_region_init_ram = LOADADDR (.data)
                0x00000038                __cy_region_init_size_ram = (_edata - ADDR (.data))
                0x00006168                __cy_region_zero_size_ram = (_end - _edata)

.heap           0x1fffe2a8       0x80 load address 0x000028f0
                0x1fffe2a8                . = _end
                0x1fffe328                . = (. + 0x80)
 *fill*         0x1fffe2a8       0x80 
                0x1fffe328                __cy_heap_limit = .

.stack          0x20007800      0x800
                0x20007800                __cy_stack_limit = .
                0x20008000                . = (. + 0x800)
 *fill*         0x20007800      0x800 
                0x00000001                ASSERT ((__cy_stack_limit >= __cy_heap_limit), region RAM overflowed with stack)
                0x00000000                cy_checksum_exclude_size = (CY_APPL_LOADABLE == 0x1)?SIZEOF (.cy_checksum_exclude):0x0
                0x00000001                ASSERT ((cy_checksum_exclude_size <= CY_CHECKSUM_EXCLUDE_SIZE), CY_BOOT: Section .cy_checksum_exclude size exceedes specified limit.)

.cyloadermeta
 *(.cyloadermeta)

.cyloadablemeta
 *(.cyloadablemeta)

.cyconfigecc    0x80000000      0x794
 *(.cyconfigecc)
 .cyconfigecc   0x80000000      0x794 .\CortexM3\ARM_GCC_493\Debug\cymetadata.o
                0x80000000                cy_meta_configecc

.cycustnvl      0x90000000        0x4
 *(.cycustnvl)
 .cycustnvl     0x90000000        0x4 .\CortexM3\ARM_GCC_493\Debug\cymetadata.o
                0x90000000                cy_meta_custnvl

.cywolatch      0x90100000        0x4
 *(.cywolatch)
 .cywolatch     0x90100000        0x4 .\CortexM3\ARM_GCC_493\Debug\cymetadata.o
                0x90100000                cy_meta_wonvl

.cyeeprom       0x90200000        0x0
 *(.cyeeprom)
                0x00000001                ASSERT ((. <= ((0x90200000 + ee_offset) + ee_size)), .cyeeprom data will not fit in EEPROM)

.cyflashprotect
                0x90400000      0x100
 *(.cyflashprotect)
 .cyflashprotect
                0x90400000      0x100 .\CortexM3\ARM_GCC_493\Debug\cymetadata.o
                0x90400000                cy_meta_flashprotect

.cymeta         0x90500000        0xc
 *(.cymeta)
 .cymeta        0x90500000        0xc .\CortexM3\ARM_GCC_493\Debug\cymetadata.o
                0x90500000                cy_metadata

.rel.dyn        0x000028f0        0x0 load address 0x9050000c
 .rel.iplt      0x00000000        0x0 c:/program files (x86)/cypress/psoc creator/3.3/psoc creator/import/gnu/arm/4.9.3/bin/../lib/gcc/arm-none-eabi/4.9.3/armv7-m/crtbegin.o

.stab
 *(.stab)

.stabstr
 *(.stabstr)

.debug
 *(.debug)

.line
 *(.line)

.debug_srcinfo
 *(.debug_srcinfo)

.debug_sfnames
 *(.debug_sfnames)

.debug_aranges  0x00000000      0xec8
 *(.debug_aranges)
 .debug_aranges
                0x00000000       0x20 .\CortexM3\ARM_GCC_493\Debug\main.o
 .debug_aranges
                0x00000020       0x18 .\CortexM3\ARM_GCC_493\Debug\cymetadata.o
 .debug_aranges
                0x00000038       0x48 .\CortexM3\ARM_GCC_493\Debug\Cm3Start.o
 .debug_aranges
                0x00000080       0x58 .\CortexM3\ARM_GCC_493\Debug\TASBot.a(cyfitter_cfg.o)
 .debug_aranges
                0x000000d8       0x20 .\CortexM3\ARM_GCC_493\Debug\TASBot.a(CyBootAsmGnu.o)
 .debug_aranges
                0x000000f8      0x298 .\CortexM3\ARM_GCC_493\Debug\TASBot.a(CyLib.o)
 .debug_aranges
                0x00000390       0x98 .\CortexM3\ARM_GCC_493\Debug\TASBot.a(cyPm.o)
 .debug_aranges
                0x00000428       0x80 .\CortexM3\ARM_GCC_493\Debug\TASBot.a(P1_IRQ.o)
 .debug_aranges
                0x000004a8       0xc8 .\CortexM3\ARM_GCC_493\Debug\TASBot.a(USBUART.o)
 .debug_aranges
                0x00000570       0xe8 .\CortexM3\ARM_GCC_493\Debug\TASBot.a(USBUART_cdc.o)
 .debug_aranges
                0x00000658       0x98 .\CortexM3\ARM_GCC_493\Debug\TASBot.a(USBUART_drv.o)
 .debug_aranges
                0x000006f0       0x40 .\CortexM3\ARM_GCC_493\Debug\TASBot.a(USBUART_episr.o)
 .debug_aranges
                0x00000730       0x40 .\CortexM3\ARM_GCC_493\Debug\TASBot.a(USBUART_pm.o)
 .debug_aranges
                0x00000770       0x80 .\CortexM3\ARM_GCC_493\Debug\TASBot.a(USBUART_std.o)
 .debug_aranges
                0x000007f0       0x20 .\CortexM3\ARM_GCC_493\Debug\TASBot.a(USBUART_vnd.o)
 .debug_aranges
                0x00000810       0x48 .\CortexM3\ARM_GCC_493\Debug\TASBot.a(USBUART_Dp.o)
 .debug_aranges
                0x00000858       0x80 .\CortexM3\ARM_GCC_493\Debug\TASBot.a(P2_IRQ.o)
 .debug_aranges
                0x000008d8       0x80 .\CortexM3\ARM_GCC_493\Debug\TASBot.a(P1_TimerIRQ.o)
 .debug_aranges
                0x00000958       0x80 .\CortexM3\ARM_GCC_493\Debug\TASBot.a(P2_TimerIRQ.o)
 .debug_aranges
                0x000009d8       0x70 .\CortexM3\ARM_GCC_493\Debug\TASBot.a(P1_RegD0.o)
 .debug_aranges
                0x00000a48       0x90 .\CortexM3\ARM_GCC_493\Debug\TASBot.a(P1_WinTimer.o)
 .debug_aranges
                0x00000ad8       0x70 .\CortexM3\ARM_GCC_493\Debug\TASBot.a(P1_RegD1.o)
 .debug_aranges
                0x00000b48       0x70 .\CortexM3\ARM_GCC_493\Debug\TASBot.a(P1_RegD2.o)
 .debug_aranges
                0x00000bb8       0x70 .\CortexM3\ARM_GCC_493\Debug\TASBot.a(P2_RegD0.o)
 .debug_aranges
                0x00000c28       0x90 .\CortexM3\ARM_GCC_493\Debug\TASBot.a(P2_WinTimer.o)
 .debug_aranges
                0x00000cb8       0x70 .\CortexM3\ARM_GCC_493\Debug\TASBot.a(P2_RegD1.o)
 .debug_aranges
                0x00000d28       0x70 .\CortexM3\ARM_GCC_493\Debug\TASBot.a(P2_RegD2.o)
 .debug_aranges
                0x00000d98       0x80 .\CortexM3\ARM_GCC_493\Debug\TASBot.a(CyFlash.o)
 .debug_aranges
                0x00000e18       0x78 .\CortexM3\ARM_GCC_493\Debug\TASBot.a(CySpc.o)
 .debug_aranges
                0x00000e90       0x20 .\CortexM3\ARM_GCC_493\Debug\TASBot.a(USBUART_cls.o)
 .debug_aranges
                0x00000eb0       0x18 .\CortexM3\ARM_GCC_493\Debug\TASBot.a(USBUART_descr.o)

.debug_pubnames
 *(.debug_pubnames)

.debug_info     0x00000000     0x940c
 *(.debug_info .gnu.linkonce.wi.*)
 .debug_info    0x00000000      0x646 .\CortexM3\ARM_GCC_493\Debug\main.o
 .debug_info    0x00000646      0x13f .\CortexM3\ARM_GCC_493\Debug\cymetadata.o
 .debug_info    0x00000785      0x39f .\CortexM3\ARM_GCC_493\Debug\Cm3Start.o
 .debug_info    0x00000b24      0x4d3 .\CortexM3\ARM_GCC_493\Debug\TASBot.a(cyfitter_cfg.o)
 .debug_info    0x00000ff7       0x8b .\CortexM3\ARM_GCC_493\Debug\TASBot.a(CyBootAsmGnu.o)
 .debug_info    0x00001082     0x136f .\CortexM3\ARM_GCC_493\Debug\TASBot.a(CyLib.o)
 .debug_info    0x000023f1      0xa57 .\CortexM3\ARM_GCC_493\Debug\TASBot.a(cyPm.o)
 .debug_info    0x00002e48      0x4cb .\CortexM3\ARM_GCC_493\Debug\TASBot.a(P1_IRQ.o)
 .debug_info    0x00003313      0x9aa .\CortexM3\ARM_GCC_493\Debug\TASBot.a(USBUART.o)
 .debug_info    0x00003cbd      0xb16 .\CortexM3\ARM_GCC_493\Debug\TASBot.a(USBUART_cdc.o)
 .debug_info    0x000047d3      0x649 .\CortexM3\ARM_GCC_493\Debug\TASBot.a(USBUART_drv.o)
 .debug_info    0x00004e1c      0x244 .\CortexM3\ARM_GCC_493\Debug\TASBot.a(USBUART_episr.o)
 .debug_info    0x00005060      0x2ef .\CortexM3\ARM_GCC_493\Debug\TASBot.a(USBUART_pm.o)
 .debug_info    0x0000534f      0xb35 .\CortexM3\ARM_GCC_493\Debug\TASBot.a(USBUART_std.o)
 .debug_info    0x00005e84       0xe6 .\CortexM3\ARM_GCC_493\Debug\TASBot.a(USBUART_vnd.o)
 .debug_info    0x00005f6a      0x174 .\CortexM3\ARM_GCC_493\Debug\TASBot.a(USBUART_Dp.o)
 .debug_info    0x000060de      0x4cb .\CortexM3\ARM_GCC_493\Debug\TASBot.a(P2_IRQ.o)
 .debug_info    0x000065a9      0x47c .\CortexM3\ARM_GCC_493\Debug\TASBot.a(P1_TimerIRQ.o)
 .debug_info    0x00006a25      0x47c .\CortexM3\ARM_GCC_493\Debug\TASBot.a(P2_TimerIRQ.o)
 .debug_info    0x00006ea1      0x2b6 .\CortexM3\ARM_GCC_493\Debug\TASBot.a(P1_RegD0.o)
 .debug_info    0x00007157      0x2eb .\CortexM3\ARM_GCC_493\Debug\TASBot.a(P1_WinTimer.o)
 .debug_info    0x00007442      0x2b6 .\CortexM3\ARM_GCC_493\Debug\TASBot.a(P1_RegD1.o)
 .debug_info    0x000076f8      0x2b6 .\CortexM3\ARM_GCC_493\Debug\TASBot.a(P1_RegD2.o)
 .debug_info    0x000079ae      0x2b6 .\CortexM3\ARM_GCC_493\Debug\TASBot.a(P2_RegD0.o)
 .debug_info    0x00007c64      0x2eb .\CortexM3\ARM_GCC_493\Debug\TASBot.a(P2_WinTimer.o)
 .debug_info    0x00007f4f      0x2b6 .\CortexM3\ARM_GCC_493\Debug\TASBot.a(P2_RegD1.o)
 .debug_info    0x00008205      0x2b6 .\CortexM3\ARM_GCC_493\Debug\TASBot.a(P2_RegD2.o)
 .debug_info    0x000084bb      0x608 .\CortexM3\ARM_GCC_493\Debug\TASBot.a(CyFlash.o)
 .debug_info    0x00008ac3      0x4ea .\CortexM3\ARM_GCC_493\Debug\TASBot.a(CySpc.o)
 .debug_info    0x00008fad      0x1d2 .\CortexM3\ARM_GCC_493\Debug\TASBot.a(USBUART_cls.o)
 .debug_info    0x0000917f      0x28d .\CortexM3\ARM_GCC_493\Debug\TASBot.a(USBUART_descr.o)

.debug_abbrev   0x00000000     0x2e56
 *(.debug_abbrev)
 .debug_abbrev  0x00000000      0x191 .\CortexM3\ARM_GCC_493\Debug\main.o
 .debug_abbrev  0x00000191       0x77 .\CortexM3\ARM_GCC_493\Debug\cymetadata.o
 .debug_abbrev  0x00000208      0x200 .\CortexM3\ARM_GCC_493\Debug\Cm3Start.o
 .debug_abbrev  0x00000408      0x203 .\CortexM3\ARM_GCC_493\Debug\TASBot.a(cyfitter_cfg.o)
 .debug_abbrev  0x0000060b       0x14 .\CortexM3\ARM_GCC_493\Debug\TASBot.a(CyBootAsmGnu.o)
 .debug_abbrev  0x0000061f      0x296 .\CortexM3\ARM_GCC_493\Debug\TASBot.a(CyLib.o)
 .debug_abbrev  0x000008b5      0x1ed .\CortexM3\ARM_GCC_493\Debug\TASBot.a(cyPm.o)
 .debug_abbrev  0x00000aa2      0x1d0 .\CortexM3\ARM_GCC_493\Debug\TASBot.a(P1_IRQ.o)
 .debug_abbrev  0x00000c72      0x25e .\CortexM3\ARM_GCC_493\Debug\TASBot.a(USBUART.o)
 .debug_abbrev  0x00000ed0      0x28b .\CortexM3\ARM_GCC_493\Debug\TASBot.a(USBUART_cdc.o)
 .debug_abbrev  0x0000115b      0x18b .\CortexM3\ARM_GCC_493\Debug\TASBot.a(USBUART_drv.o)
 .debug_abbrev  0x000012e6      0x11b .\CortexM3\ARM_GCC_493\Debug\TASBot.a(USBUART_episr.o)
 .debug_abbrev  0x00001401      0x146 .\CortexM3\ARM_GCC_493\Debug\TASBot.a(USBUART_pm.o)
 .debug_abbrev  0x00001547      0x23d .\CortexM3\ARM_GCC_493\Debug\TASBot.a(USBUART_std.o)
 .debug_abbrev  0x00001784       0x9b .\CortexM3\ARM_GCC_493\Debug\TASBot.a(USBUART_vnd.o)
 .debug_abbrev  0x0000181f       0x90 .\CortexM3\ARM_GCC_493\Debug\TASBot.a(USBUART_Dp.o)
 .debug_abbrev  0x000018af      0x1d0 .\CortexM3\ARM_GCC_493\Debug\TASBot.a(P2_IRQ.o)
 .debug_abbrev  0x00001a7f      0x1bd .\CortexM3\ARM_GCC_493\Debug\TASBot.a(P1_TimerIRQ.o)
 .debug_abbrev  0x00001c3c      0x1bd .\CortexM3\ARM_GCC_493\Debug\TASBot.a(P2_TimerIRQ.o)
 .debug_abbrev  0x00001df9      0x16d .\CortexM3\ARM_GCC_493\Debug\TASBot.a(P1_RegD0.o)
 .debug_abbrev  0x00001f66      0x145 .\CortexM3\ARM_GCC_493\Debug\TASBot.a(P1_WinTimer.o)
 .debug_abbrev  0x000020ab      0x16d .\CortexM3\ARM_GCC_493\Debug\TASBot.a(P1_RegD1.o)
 .debug_abbrev  0x00002218      0x16d .\CortexM3\ARM_GCC_493\Debug\TASBot.a(P1_RegD2.o)
 .debug_abbrev  0x00002385      0x16d .\CortexM3\ARM_GCC_493\Debug\TASBot.a(P2_RegD0.o)
 .debug_abbrev  0x000024f2      0x145 .\CortexM3\ARM_GCC_493\Debug\TASBot.a(P2_WinTimer.o)
 .debug_abbrev  0x00002637      0x16d .\CortexM3\ARM_GCC_493\Debug\TASBot.a(P2_RegD1.o)
 .debug_abbrev  0x000027a4      0x16d .\CortexM3\ARM_GCC_493\Debug\TASBot.a(P2_RegD2.o)
 .debug_abbrev  0x00002911      0x1ed .\CortexM3\ARM_GCC_493\Debug\TASBot.a(CyFlash.o)
 .debug_abbrev  0x00002afe      0x1c1 .\CortexM3\ARM_GCC_493\Debug\TASBot.a(CySpc.o)
 .debug_abbrev  0x00002cbf       0xe3 .\CortexM3\ARM_GCC_493\Debug\TASBot.a(USBUART_cls.o)
 .debug_abbrev  0x00002da2       0xb4 .\CortexM3\ARM_GCC_493\Debug\TASBot.a(USBUART_descr.o)

.debug_line     0x00000000     0x3c6e
 *(.debug_line)
 .debug_line    0x00000000      0x3c8 .\CortexM3\ARM_GCC_493\Debug\main.o
 .debug_line    0x000003c8       0x53 .\CortexM3\ARM_GCC_493\Debug\cymetadata.o
 .debug_line    0x0000041b      0x249 .\CortexM3\ARM_GCC_493\Debug\Cm3Start.o
 .debug_line    0x00000664      0x1e0 .\CortexM3\ARM_GCC_493\Debug\TASBot.a(cyfitter_cfg.o)
 .debug_line    0x00000844       0x68 .\CortexM3\ARM_GCC_493\Debug\TASBot.a(CyBootAsmGnu.o)
 .debug_line    0x000008ac      0x806 .\CortexM3\ARM_GCC_493\Debug\TASBot.a(CyLib.o)
 .debug_line    0x000010b2      0x366 .\CortexM3\ARM_GCC_493\Debug\TASBot.a(cyPm.o)
 .debug_line    0x00001418      0x293 .\CortexM3\ARM_GCC_493\Debug\TASBot.a(P1_IRQ.o)
 .debug_line    0x000016ab      0x2ca .\CortexM3\ARM_GCC_493\Debug\TASBot.a(USBUART.o)
 .debug_line    0x00001975      0x2f4 .\CortexM3\ARM_GCC_493\Debug\TASBot.a(USBUART_cdc.o)
 .debug_line    0x00001c69      0x223 .\CortexM3\ARM_GCC_493\Debug\TASBot.a(USBUART_drv.o)
 .debug_line    0x00001e8c       0xe8 .\CortexM3\ARM_GCC_493\Debug\TASBot.a(USBUART_episr.o)
 .debug_line    0x00001f74      0x110 .\CortexM3\ARM_GCC_493\Debug\TASBot.a(USBUART_pm.o)
 .debug_line    0x00002084      0x3e4 .\CortexM3\ARM_GCC_493\Debug\TASBot.a(USBUART_std.o)
 .debug_line    0x00002468       0x75 .\CortexM3\ARM_GCC_493\Debug\TASBot.a(USBUART_vnd.o)
 .debug_line    0x000024dd       0xbd .\CortexM3\ARM_GCC_493\Debug\TASBot.a(USBUART_Dp.o)
 .debug_line    0x0000259a      0x293 .\CortexM3\ARM_GCC_493\Debug\TASBot.a(P2_IRQ.o)
 .debug_line    0x0000282d      0x278 .\CortexM3\ARM_GCC_493\Debug\TASBot.a(P1_TimerIRQ.o)
 .debug_line    0x00002aa5      0x27a .\CortexM3\ARM_GCC_493\Debug\TASBot.a(P2_TimerIRQ.o)
 .debug_line    0x00002d1f      0x135 .\CortexM3\ARM_GCC_493\Debug\TASBot.a(P1_RegD0.o)
 .debug_line    0x00002e54      0x178 .\CortexM3\ARM_GCC_493\Debug\TASBot.a(P1_WinTimer.o)
 .debug_line    0x00002fcc      0x135 .\CortexM3\ARM_GCC_493\Debug\TASBot.a(P1_RegD1.o)
 .debug_line    0x00003101      0x135 .\CortexM3\ARM_GCC_493\Debug\TASBot.a(P1_RegD2.o)
 .debug_line    0x00003236      0x135 .\CortexM3\ARM_GCC_493\Debug\TASBot.a(P2_RegD0.o)
 .debug_line    0x0000336b      0x178 .\CortexM3\ARM_GCC_493\Debug\TASBot.a(P2_WinTimer.o)
 .debug_line    0x000034e3      0x135 .\CortexM3\ARM_GCC_493\Debug\TASBot.a(P2_RegD1.o)
 .debug_line    0x00003618      0x135 .\CortexM3\ARM_GCC_493\Debug\TASBot.a(P2_RegD2.o)
 .debug_line    0x0000374d      0x1ec .\CortexM3\ARM_GCC_493\Debug\TASBot.a(CyFlash.o)
 .debug_line    0x00003939      0x23e .\CortexM3\ARM_GCC_493\Debug\TASBot.a(CySpc.o)
 .debug_line    0x00003b77       0x94 .\CortexM3\ARM_GCC_493\Debug\TASBot.a(USBUART_cls.o)
 .debug_line    0x00003c0b       0x63 .\CortexM3\ARM_GCC_493\Debug\TASBot.a(USBUART_descr.o)

.debug_frame    0x00000000     0x248c
 *(.debug_frame)
 .debug_frame   0x00000000       0x38 .\CortexM3\ARM_GCC_493\Debug\main.o
 .debug_frame   0x00000038       0xac .\CortexM3\ARM_GCC_493\Debug\Cm3Start.o
 .debug_frame   0x000000e4       0xe4 .\CortexM3\ARM_GCC_493\Debug\TASBot.a(cyfitter_cfg.o)
 .debug_frame   0x000001c8      0x728 .\CortexM3\ARM_GCC_493\Debug\TASBot.a(CyLib.o)
 .debug_frame   0x000008f0      0x1f8 .\CortexM3\ARM_GCC_493\Debug\TASBot.a(cyPm.o)
 .debug_frame   0x00000ae8      0x110 .\CortexM3\ARM_GCC_493\Debug\TASBot.a(P1_IRQ.o)
 .debug_frame   0x00000bf8      0x1dc .\CortexM3\ARM_GCC_493\Debug\TASBot.a(USBUART.o)
 .debug_frame   0x00000dd4      0x278 .\CortexM3\ARM_GCC_493\Debug\TASBot.a(USBUART_cdc.o)
 .debug_frame   0x0000104c      0x194 .\CortexM3\ARM_GCC_493\Debug\TASBot.a(USBUART_drv.o)
 .debug_frame   0x000011e0       0x6c .\CortexM3\ARM_GCC_493\Debug\TASBot.a(USBUART_episr.o)
 .debug_frame   0x0000124c       0xa0 .\CortexM3\ARM_GCC_493\Debug\TASBot.a(USBUART_pm.o)
 .debug_frame   0x000012ec      0x17c .\CortexM3\ARM_GCC_493\Debug\TASBot.a(USBUART_std.o)
 .debug_frame   0x00001468       0x20 .\CortexM3\ARM_GCC_493\Debug\TASBot.a(USBUART_vnd.o)
 .debug_frame   0x00001488       0x70 .\CortexM3\ARM_GCC_493\Debug\TASBot.a(USBUART_Dp.o)
 .debug_frame   0x000014f8      0x110 .\CortexM3\ARM_GCC_493\Debug\TASBot.a(P2_IRQ.o)
 .debug_frame   0x00001608      0x104 .\CortexM3\ARM_GCC_493\Debug\TASBot.a(P1_TimerIRQ.o)
 .debug_frame   0x0000170c      0x104 .\CortexM3\ARM_GCC_493\Debug\TASBot.a(P2_TimerIRQ.o)
 .debug_frame   0x00001810      0x114 .\CortexM3\ARM_GCC_493\Debug\TASBot.a(P1_RegD0.o)
 .debug_frame   0x00001924      0x124 .\CortexM3\ARM_GCC_493\Debug\TASBot.a(P1_WinTimer.o)
 .debug_frame   0x00001a48      0x114 .\CortexM3\ARM_GCC_493\Debug\TASBot.a(P1_RegD1.o)
 .debug_frame   0x00001b5c      0x114 .\CortexM3\ARM_GCC_493\Debug\TASBot.a(P1_RegD2.o)
 .debug_frame   0x00001c70      0x114 .\CortexM3\ARM_GCC_493\Debug\TASBot.a(P2_RegD0.o)
 .debug_frame   0x00001d84      0x124 .\CortexM3\ARM_GCC_493\Debug\TASBot.a(P2_WinTimer.o)
 .debug_frame   0x00001ea8      0x114 .\CortexM3\ARM_GCC_493\Debug\TASBot.a(P2_RegD1.o)
 .debug_frame   0x00001fbc      0x114 .\CortexM3\ARM_GCC_493\Debug\TASBot.a(P2_RegD2.o)
 .debug_frame   0x000020d0      0x174 .\CortexM3\ARM_GCC_493\Debug\TASBot.a(CyFlash.o)
 .debug_frame   0x00002244      0x160 .\CortexM3\ARM_GCC_493\Debug\TASBot.a(CySpc.o)
 .debug_frame   0x000023a4       0x2c .\CortexM3\ARM_GCC_493\Debug\TASBot.a(USBUART_cls.o)
 .debug_frame   0x000023d0       0x20 c:/program files (x86)/cypress/psoc creator/3.3/psoc creator/import/gnu/arm/4.9.3/bin/../lib/gcc/arm-none-eabi/4.9.3/../../../../arm-none-eabi/lib/armv7-m\libg_nano.a(lib_a-errno.o)
 .debug_frame   0x000023f0       0x28 c:/program files (x86)/cypress/psoc creator/3.3/psoc creator/import/gnu/arm/4.9.3/bin/../lib/gcc/arm-none-eabi/4.9.3/../../../../arm-none-eabi/lib/armv7-m\libg_nano.a(lib_a-exit.o)
 .debug_frame   0x00002418       0x2c c:/program files (x86)/cypress/psoc creator/3.3/psoc creator/import/gnu/arm/4.9.3/bin/../lib/gcc/arm-none-eabi/4.9.3/../../../../arm-none-eabi/lib/armv7-m\libg_nano.a(lib_a-init.o)
 .debug_frame   0x00002444       0x28 c:/program files (x86)/cypress/psoc creator/3.3/psoc creator/import/gnu/arm/4.9.3/bin/../lib/gcc/arm-none-eabi/4.9.3/../../../../arm-none-eabi/lib/armv7-m\libg_nano.a(lib_a-memcpy.o)
 .debug_frame   0x0000246c       0x20 c:/program files (x86)/cypress/psoc creator/3.3/psoc creator/import/gnu/arm/4.9.3/bin/../lib/gcc/arm-none-eabi/4.9.3/../../../../arm-none-eabi/lib/armv7-m\libg_nano.a(lib_a-memset.o)

.debug_str      0x00000000     0x32f0
 *(.debug_str)
 .debug_str     0x00000000      0x418 .\CortexM3\ARM_GCC_493\Debug\main.o
                                0x46a (size before relaxing)
 .debug_str     0x00000418       0x77 .\CortexM3\ARM_GCC_493\Debug\cymetadata.o
                                0x1e5 (size before relaxing)
 .debug_str     0x0000048f      0x166 .\CortexM3\ARM_GCC_493\Debug\Cm3Start.o
                                0x2f9 (size before relaxing)
 .debug_str     0x000005f5      0x156 .\CortexM3\ARM_GCC_493\Debug\TASBot.a(cyfitter_cfg.o)
                                0x2fe (size before relaxing)
 .debug_str     0x0000074b      0x82f .\CortexM3\ARM_GCC_493\Debug\TASBot.a(CyLib.o)
                                0xa1e (size before relaxing)
 .debug_str     0x00000f7a      0x35b .\CortexM3\ARM_GCC_493\Debug\TASBot.a(cyPm.o)
                                0x716 (size before relaxing)
 .debug_str     0x000012d5       0xdd .\CortexM3\ARM_GCC_493\Debug\TASBot.a(P1_IRQ.o)
                                0x38f (size before relaxing)
 .debug_str     0x000013b2      0x3eb .\CortexM3\ARM_GCC_493\Debug\TASBot.a(USBUART.o)
                                0x64c (size before relaxing)
 .debug_str     0x0000179d      0x4d1 .\CortexM3\ARM_GCC_493\Debug\TASBot.a(USBUART_cdc.o)
                                0x7c0 (size before relaxing)
 .debug_str     0x00001c6e      0x293 .\CortexM3\ARM_GCC_493\Debug\TASBot.a(USBUART_drv.o)
                                0x637 (size before relaxing)
 .debug_str     0x00001f01       0x82 .\CortexM3\ARM_GCC_493\Debug\TASBot.a(USBUART_episr.o)
                                0x2ce (size before relaxing)
 .debug_str     0x00001f83       0xee .\CortexM3\ARM_GCC_493\Debug\TASBot.a(USBUART_pm.o)
                                0x2e6 (size before relaxing)
 .debug_str     0x00002071      0x25b .\CortexM3\ARM_GCC_493\Debug\TASBot.a(USBUART_std.o)
                                0x7a6 (size before relaxing)
 .debug_str     0x000022cc       0x27 .\CortexM3\ARM_GCC_493\Debug\TASBot.a(USBUART_vnd.o)
                                0x1dc (size before relaxing)
 .debug_str     0x000022f3       0xa6 .\CortexM3\ARM_GCC_493\Debug\TASBot.a(USBUART_Dp.o)
                                0x23c (size before relaxing)
 .debug_str     0x00002399       0xdd .\CortexM3\ARM_GCC_493\Debug\TASBot.a(P2_IRQ.o)
                                0x38f (size before relaxing)
 .debug_str     0x00002476      0x12a .\CortexM3\ARM_GCC_493\Debug\TASBot.a(P1_TimerIRQ.o)
                                0x390 (size before relaxing)
 .debug_str     0x000025a0      0x12a .\CortexM3\ARM_GCC_493\Debug\TASBot.a(P2_TimerIRQ.o)
                                0x390 (size before relaxing)
 .debug_str     0x000026ca      0x100 .\CortexM3\ARM_GCC_493\Debug\TASBot.a(P1_RegD0.o)
                                0x2e9 (size before relaxing)
 .debug_str     0x000027ca      0x1bf .\CortexM3\ARM_GCC_493\Debug\TASBot.a(P1_WinTimer.o)
                                0x396 (size before relaxing)
 .debug_str     0x00002989       0xdf .\CortexM3\ARM_GCC_493\Debug\TASBot.a(P1_RegD1.o)
                                0x2e9 (size before relaxing)
 .debug_str     0x00002a68       0xdf .\CortexM3\ARM_GCC_493\Debug\TASBot.a(P1_RegD2.o)
                                0x2e9 (size before relaxing)
 .debug_str     0x00002b47       0xdf .\CortexM3\ARM_GCC_493\Debug\TASBot.a(P2_RegD0.o)
                                0x2e9 (size before relaxing)
 .debug_str     0x00002c26      0x19a .\CortexM3\ARM_GCC_493\Debug\TASBot.a(P2_WinTimer.o)
                                0x396 (size before relaxing)
 .debug_str     0x00002dc0       0xdf .\CortexM3\ARM_GCC_493\Debug\TASBot.a(P2_RegD1.o)
                                0x2e9 (size before relaxing)
 .debug_str     0x00002e9f       0xdf .\CortexM3\ARM_GCC_493\Debug\TASBot.a(P2_RegD2.o)
                                0x2e9 (size before relaxing)
 .debug_str     0x00002f7e      0x197 .\CortexM3\ARM_GCC_493\Debug\TASBot.a(CyFlash.o)
                                0x390 (size before relaxing)
 .debug_str     0x00003115       0xae .\CortexM3\ARM_GCC_493\Debug\TASBot.a(CySpc.o)
                                0x319 (size before relaxing)
 .debug_str     0x000031c3       0x27 .\CortexM3\ARM_GCC_493\Debug\TASBot.a(USBUART_cls.o)
                                0x29b (size before relaxing)
 .debug_str     0x000031ea      0x106 .\CortexM3\ARM_GCC_493\Debug\TASBot.a(USBUART_descr.o)
                                0x348 (size before relaxing)

.debug_loc      0x00000000     0x3749
 *(.debug_loc)
 .debug_loc     0x00000000      0x2f9 .\CortexM3\ARM_GCC_493\Debug\main.o
 .debug_loc     0x000002f9      0x144 .\CortexM3\ARM_GCC_493\Debug\Cm3Start.o
 .debug_loc     0x0000043d      0x1d7 .\CortexM3\ARM_GCC_493\Debug\TASBot.a(cyfitter_cfg.o)
 .debug_loc     0x00000614      0xa11 .\CortexM3\ARM_GCC_493\Debug\TASBot.a(CyLib.o)
 .debug_loc     0x00001025      0x1e4 .\CortexM3\ARM_GCC_493\Debug\TASBot.a(cyPm.o)
 .debug_loc     0x00001209       0x56 .\CortexM3\ARM_GCC_493\Debug\TASBot.a(P1_IRQ.o)
 .debug_loc     0x0000125f      0x3e1 .\CortexM3\ARM_GCC_493\Debug\TASBot.a(USBUART.o)
 .debug_loc     0x00001640      0x56b .\CortexM3\ARM_GCC_493\Debug\TASBot.a(USBUART_cdc.o)
 .debug_loc     0x00001bab      0x171 .\CortexM3\ARM_GCC_493\Debug\TASBot.a(USBUART_drv.o)
 .debug_loc     0x00001d1c       0x26 .\CortexM3\ARM_GCC_493\Debug\TASBot.a(USBUART_pm.o)
 .debug_loc     0x00001d42      0x93f .\CortexM3\ARM_GCC_493\Debug\TASBot.a(USBUART_std.o)
 .debug_loc     0x00002681       0x84 .\CortexM3\ARM_GCC_493\Debug\TASBot.a(USBUART_Dp.o)
 .debug_loc     0x00002705       0x56 .\CortexM3\ARM_GCC_493\Debug\TASBot.a(P2_IRQ.o)
 .debug_loc     0x0000275b       0x56 .\CortexM3\ARM_GCC_493\Debug\TASBot.a(P1_TimerIRQ.o)
 .debug_loc     0x000027b1       0x56 .\CortexM3\ARM_GCC_493\Debug\TASBot.a(P2_TimerIRQ.o)
 .debug_loc     0x00002807       0xec .\CortexM3\ARM_GCC_493\Debug\TASBot.a(P1_RegD0.o)
 .debug_loc     0x000028f3       0x13 .\CortexM3\ARM_GCC_493\Debug\TASBot.a(P1_WinTimer.o)
 .debug_loc     0x00002906       0xec .\CortexM3\ARM_GCC_493\Debug\TASBot.a(P1_RegD1.o)
 .debug_loc     0x000029f2       0xec .\CortexM3\ARM_GCC_493\Debug\TASBot.a(P1_RegD2.o)
 .debug_loc     0x00002ade       0xec .\CortexM3\ARM_GCC_493\Debug\TASBot.a(P2_RegD0.o)
 .debug_loc     0x00002bca       0x13 .\CortexM3\ARM_GCC_493\Debug\TASBot.a(P2_WinTimer.o)
 .debug_loc     0x00002bdd       0xec .\CortexM3\ARM_GCC_493\Debug\TASBot.a(P2_RegD1.o)
 .debug_loc     0x00002cc9       0xec .\CortexM3\ARM_GCC_493\Debug\TASBot.a(P2_RegD2.o)
 .debug_loc     0x00002db5      0x300 .\CortexM3\ARM_GCC_493\Debug\TASBot.a(CyFlash.o)
 .debug_loc     0x000030b5      0x64d .\CortexM3\ARM_GCC_493\Debug\TASBot.a(CySpc.o)
 .debug_loc     0x00003702       0x47 .\CortexM3\ARM_GCC_493\Debug\TASBot.a(USBUART_cls.o)

.debug_macinfo
 *(.debug_macinfo)

.debug_ranges   0x00000000      0xcd0
 *(.debug_ranges)
 .debug_ranges  0x00000000       0x10 .\CortexM3\ARM_GCC_493\Debug\main.o
 .debug_ranges  0x00000010       0x38 .\CortexM3\ARM_GCC_493\Debug\Cm3Start.o
 .debug_ranges  0x00000048       0x48 .\CortexM3\ARM_GCC_493\Debug\TASBot.a(cyfitter_cfg.o)
 .debug_ranges  0x00000090      0x288 .\CortexM3\ARM_GCC_493\Debug\TASBot.a(CyLib.o)
 .debug_ranges  0x00000318       0x88 .\CortexM3\ARM_GCC_493\Debug\TASBot.a(cyPm.o)
 .debug_ranges  0x000003a0       0x70 .\CortexM3\ARM_GCC_493\Debug\TASBot.a(P1_IRQ.o)
 .debug_ranges  0x00000410       0xd0 .\CortexM3\ARM_GCC_493\Debug\TASBot.a(USBUART.o)
 .debug_ranges  0x000004e0       0xd8 .\CortexM3\ARM_GCC_493\Debug\TASBot.a(USBUART_cdc.o)
 .debug_ranges  0x000005b8       0x88 .\CortexM3\ARM_GCC_493\Debug\TASBot.a(USBUART_drv.o)
 .debug_ranges  0x00000640       0x30 .\CortexM3\ARM_GCC_493\Debug\TASBot.a(USBUART_episr.o)
 .debug_ranges  0x00000670       0x30 .\CortexM3\ARM_GCC_493\Debug\TASBot.a(USBUART_pm.o)
 .debug_ranges  0x000006a0       0x70 .\CortexM3\ARM_GCC_493\Debug\TASBot.a(USBUART_std.o)
 .debug_ranges  0x00000710       0x10 .\CortexM3\ARM_GCC_493\Debug\TASBot.a(USBUART_vnd.o)
 .debug_ranges  0x00000720       0x38 .\CortexM3\ARM_GCC_493\Debug\TASBot.a(USBUART_Dp.o)
 .debug_ranges  0x00000758       0x70 .\CortexM3\ARM_GCC_493\Debug\TASBot.a(P2_IRQ.o)
 .debug_ranges  0x000007c8       0x70 .\CortexM3\ARM_GCC_493\Debug\TASBot.a(P1_TimerIRQ.o)
 .debug_ranges  0x00000838       0x70 .\CortexM3\ARM_GCC_493\Debug\TASBot.a(P2_TimerIRQ.o)
 .debug_ranges  0x000008a8       0x60 .\CortexM3\ARM_GCC_493\Debug\TASBot.a(P1_RegD0.o)
 .debug_ranges  0x00000908       0x80 .\CortexM3\ARM_GCC_493\Debug\TASBot.a(P1_WinTimer.o)
 .debug_ranges  0x00000988       0x60 .\CortexM3\ARM_GCC_493\Debug\TASBot.a(P1_RegD1.o)
 .debug_ranges  0x000009e8       0x60 .\CortexM3\ARM_GCC_493\Debug\TASBot.a(P1_RegD2.o)
 .debug_ranges  0x00000a48       0x60 .\CortexM3\ARM_GCC_493\Debug\TASBot.a(P2_RegD0.o)
 .debug_ranges  0x00000aa8       0x80 .\CortexM3\ARM_GCC_493\Debug\TASBot.a(P2_WinTimer.o)
 .debug_ranges  0x00000b28       0x60 .\CortexM3\ARM_GCC_493\Debug\TASBot.a(P2_RegD1.o)
 .debug_ranges  0x00000b88       0x60 .\CortexM3\ARM_GCC_493\Debug\TASBot.a(P2_RegD2.o)
 .debug_ranges  0x00000be8       0x70 .\CortexM3\ARM_GCC_493\Debug\TASBot.a(CyFlash.o)
 .debug_ranges  0x00000c58       0x68 .\CortexM3\ARM_GCC_493\Debug\TASBot.a(CySpc.o)
 .debug_ranges  0x00000cc0       0x10 .\CortexM3\ARM_GCC_493\Debug\TASBot.a(USBUART_cls.o)

.comment        0x00000000       0x70
 .comment       0x00000000       0x70 .\CortexM3\ARM_GCC_493\Debug\main.o
                                 0x71 (size before relaxing)
 .comment       0x00000000       0x71 .\CortexM3\ARM_GCC_493\Debug\cymetadata.o
 .comment       0x00000000       0x71 .\CortexM3\ARM_GCC_493\Debug\Cm3Start.o
 .comment       0x00000000       0x71 .\CortexM3\ARM_GCC_493\Debug\TASBot.a(cyfitter_cfg.o)
 .comment       0x00000000       0x71 .\CortexM3\ARM_GCC_493\Debug\TASBot.a(CyLib.o)
 .comment       0x00000000       0x71 .\CortexM3\ARM_GCC_493\Debug\TASBot.a(cyPm.o)
 .comment       0x00000000       0x71 .\CortexM3\ARM_GCC_493\Debug\TASBot.a(P1_IRQ.o)
 .comment       0x00000000       0x71 .\CortexM3\ARM_GCC_493\Debug\TASBot.a(USBUART.o)
 .comment       0x00000000       0x71 .\CortexM3\ARM_GCC_493\Debug\TASBot.a(USBUART_cdc.o)
 .comment       0x00000000       0x71 .\CortexM3\ARM_GCC_493\Debug\TASBot.a(USBUART_drv.o)
 .comment       0x00000000       0x71 .\CortexM3\ARM_GCC_493\Debug\TASBot.a(USBUART_episr.o)
 .comment       0x00000000       0x71 .\CortexM3\ARM_GCC_493\Debug\TASBot.a(USBUART_pm.o)
 .comment       0x00000000       0x71 .\CortexM3\ARM_GCC_493\Debug\TASBot.a(USBUART_std.o)
 .comment       0x00000000       0x71 .\CortexM3\ARM_GCC_493\Debug\TASBot.a(USBUART_vnd.o)
 .comment       0x00000000       0x71 .\CortexM3\ARM_GCC_493\Debug\TASBot.a(USBUART_Dp.o)
 .comment       0x00000000       0x71 .\CortexM3\ARM_GCC_493\Debug\TASBot.a(P2_IRQ.o)
 .comment       0x00000000       0x71 .\CortexM3\ARM_GCC_493\Debug\TASBot.a(P1_TimerIRQ.o)
 .comment       0x00000000       0x71 .\CortexM3\ARM_GCC_493\Debug\TASBot.a(P2_TimerIRQ.o)
 .comment       0x00000000       0x71 .\CortexM3\ARM_GCC_493\Debug\TASBot.a(P1_RegD0.o)
 .comment       0x00000000       0x71 .\CortexM3\ARM_GCC_493\Debug\TASBot.a(P1_WinTimer.o)
 .comment       0x00000000       0x71 .\CortexM3\ARM_GCC_493\Debug\TASBot.a(P1_RegD1.o)
 .comment       0x00000000       0x71 .\CortexM3\ARM_GCC_493\Debug\TASBot.a(P1_RegD2.o)
 .comment       0x00000000       0x71 .\CortexM3\ARM_GCC_493\Debug\TASBot.a(P2_RegD0.o)
 .comment       0x00000000       0x71 .\CortexM3\ARM_GCC_493\Debug\TASBot.a(P2_WinTimer.o)
 .comment       0x00000000       0x71 .\CortexM3\ARM_GCC_493\Debug\TASBot.a(P2_RegD1.o)
 .comment       0x00000000       0x71 .\CortexM3\ARM_GCC_493\Debug\TASBot.a(P2_RegD2.o)
 .comment       0x00000000       0x71 .\CortexM3\ARM_GCC_493\Debug\TASBot.a(CyFlash.o)
 .comment       0x00000000       0x71 .\CortexM3\ARM_GCC_493\Debug\TASBot.a(CySpc.o)
 .comment       0x00000000       0x71 .\CortexM3\ARM_GCC_493\Debug\TASBot.a(USBUART_cls.o)
 .comment       0x00000000       0x71 .\CortexM3\ARM_GCC_493\Debug\TASBot.a(USBUART_descr.o)

.debug_weaknames
 *(.debug_weaknames)

.debug_funcnames
 *(.debug_funcnames)

.debug_typenames
 *(.debug_typenames)

.debug_varnames
 *(.debug_varnames)

.note.gnu.arm.ident
 *(.note.gnu.arm.ident)

.ARM.attributes
                0x00000000       0x29
 *(.ARM.attributes)
 .ARM.attributes
                0x00000000       0x1d c:/program files (x86)/cypress/psoc creator/3.3/psoc creator/import/gnu/arm/4.9.3/bin/../lib/gcc/arm-none-eabi/4.9.3/armv7-m/crti.o
 .ARM.attributes
                0x0000001d       0x2d c:/program files (x86)/cypress/psoc creator/3.3/psoc creator/import/gnu/arm/4.9.3/bin/../lib/gcc/arm-none-eabi/4.9.3/armv7-m/crtbegin.o
 .ARM.attributes
                0x0000004a       0x1b c:/program files (x86)/cypress/psoc creator/3.3/psoc creator/import/gnu/arm/4.9.3/bin/../lib/gcc/arm-none-eabi/4.9.3/../../../../arm-none-eabi/lib/armv7-m/crt0.o
 .ARM.attributes
                0x00000065       0x33 .\CortexM3\ARM_GCC_493\Debug\main.o
 .ARM.attributes
                0x00000098       0x33 .\CortexM3\ARM_GCC_493\Debug\cymetadata.o
 .ARM.attributes
                0x000000cb       0x33 .\CortexM3\ARM_GCC_493\Debug\Cm3Start.o
 .ARM.attributes
                0x000000fe       0x33 .\CortexM3\ARM_GCC_493\Debug\TASBot.a(cyfitter_cfg.o)
 .ARM.attributes
                0x00000131       0x21 .\CortexM3\ARM_GCC_493\Debug\TASBot.a(CyBootAsmGnu.o)
 .ARM.attributes
                0x00000152       0x33 .\CortexM3\ARM_GCC_493\Debug\TASBot.a(CyLib.o)
 .ARM.attributes
                0x00000185       0x33 .\CortexM3\ARM_GCC_493\Debug\TASBot.a(cyPm.o)
 .ARM.attributes
                0x000001b8       0x33 .\CortexM3\ARM_GCC_493\Debug\TASBot.a(P1_IRQ.o)
 .ARM.attributes
                0x000001eb       0x33 .\CortexM3\ARM_GCC_493\Debug\TASBot.a(USBUART.o)
 .ARM.attributes
                0x0000021e       0x33 .\CortexM3\ARM_GCC_493\Debug\TASBot.a(USBUART_cdc.o)
 .ARM.attributes
                0x00000251       0x33 .\CortexM3\ARM_GCC_493\Debug\TASBot.a(USBUART_drv.o)
 .ARM.attributes
                0x00000284       0x33 .\CortexM3\ARM_GCC_493\Debug\TASBot.a(USBUART_episr.o)
 .ARM.attributes
                0x000002b7       0x33 .\CortexM3\ARM_GCC_493\Debug\TASBot.a(USBUART_pm.o)
 .ARM.attributes
                0x000002ea       0x33 .\CortexM3\ARM_GCC_493\Debug\TASBot.a(USBUART_std.o)
 .ARM.attributes
                0x0000031d       0x33 .\CortexM3\ARM_GCC_493\Debug\TASBot.a(USBUART_vnd.o)
 .ARM.attributes
                0x00000350       0x33 .\CortexM3\ARM_GCC_493\Debug\TASBot.a(USBUART_Dp.o)
 .ARM.attributes
                0x00000383       0x33 .\CortexM3\ARM_GCC_493\Debug\TASBot.a(P2_IRQ.o)
 .ARM.attributes
                0x000003b6       0x33 .\CortexM3\ARM_GCC_493\Debug\TASBot.a(P1_TimerIRQ.o)
 .ARM.attributes
                0x000003e9       0x33 .\CortexM3\ARM_GCC_493\Debug\TASBot.a(P2_TimerIRQ.o)
 .ARM.attributes
                0x0000041c       0x33 .\CortexM3\ARM_GCC_493\Debug\TASBot.a(P1_RegD0.o)
 .ARM.attributes
                0x0000044f       0x33 .\CortexM3\ARM_GCC_493\Debug\TASBot.a(P1_WinTimer.o)
 .ARM.attributes
                0x00000482       0x33 .\CortexM3\ARM_GCC_493\Debug\TASBot.a(P1_RegD1.o)
 .ARM.attributes
                0x000004b5       0x33 .\CortexM3\ARM_GCC_493\Debug\TASBot.a(P1_RegD2.o)
 .ARM.attributes
                0x000004e8       0x33 .\CortexM3\ARM_GCC_493\Debug\TASBot.a(P2_RegD0.o)
 .ARM.attributes
                0x0000051b       0x33 .\CortexM3\ARM_GCC_493\Debug\TASBot.a(P2_WinTimer.o)
 .ARM.attributes
                0x0000054e       0x33 .\CortexM3\ARM_GCC_493\Debug\TASBot.a(P2_RegD1.o)
 .ARM.attributes
                0x00000581       0x33 .\CortexM3\ARM_GCC_493\Debug\TASBot.a(P2_RegD2.o)
 .ARM.attributes
                0x000005b4       0x33 .\CortexM3\ARM_GCC_493\Debug\TASBot.a(CyFlash.o)
 .ARM.attributes
                0x000005e7       0x33 .\CortexM3\ARM_GCC_493\Debug\TASBot.a(CySpc.o)
 .ARM.attributes
                0x0000061a       0x33 .\CortexM3\ARM_GCC_493\Debug\TASBot.a(USBUART_cls.o)
 .ARM.attributes
                0x0000064d       0x33 .\CortexM3\ARM_GCC_493\Debug\TASBot.a(USBUART_descr.o)
 .ARM.attributes
                0x00000680       0x2d c:/program files (x86)/cypress/psoc creator/3.3/psoc creator/import/gnu/arm/4.9.3/bin/../lib/gcc/arm-none-eabi/4.9.3/../../../../arm-none-eabi/lib/armv7-m\libg_nano.a(lib_a-errno.o)
 .ARM.attributes
                0x000006ad       0x2d c:/program files (x86)/cypress/psoc creator/3.3/psoc creator/import/gnu/arm/4.9.3/bin/../lib/gcc/arm-none-eabi/4.9.3/../../../../arm-none-eabi/lib/armv7-m\libg_nano.a(lib_a-exit.o)
 .ARM.attributes
                0x000006da       0x2d c:/program files (x86)/cypress/psoc creator/3.3/psoc creator/import/gnu/arm/4.9.3/bin/../lib/gcc/arm-none-eabi/4.9.3/../../../../arm-none-eabi/lib/armv7-m\libg_nano.a(lib_a-impure.o)
 .ARM.attributes
                0x00000707       0x2d c:/program files (x86)/cypress/psoc creator/3.3/psoc creator/import/gnu/arm/4.9.3/bin/../lib/gcc/arm-none-eabi/4.9.3/../../../../arm-none-eabi/lib/armv7-m\libg_nano.a(lib_a-init.o)
 .ARM.attributes
                0x00000734       0x2d c:/program files (x86)/cypress/psoc creator/3.3/psoc creator/import/gnu/arm/4.9.3/bin/../lib/gcc/arm-none-eabi/4.9.3/../../../../arm-none-eabi/lib/armv7-m\libg_nano.a(lib_a-memcpy.o)
 .ARM.attributes
                0x00000761       0x2d c:/program files (x86)/cypress/psoc creator/3.3/psoc creator/import/gnu/arm/4.9.3/bin/../lib/gcc/arm-none-eabi/4.9.3/../../../../arm-none-eabi/lib/armv7-m\libg_nano.a(lib_a-memset.o)
 .ARM.attributes
                0x0000078e       0x2d c:/program files (x86)/cypress/psoc creator/3.3/psoc creator/import/gnu/arm/4.9.3/bin/../lib/gcc/arm-none-eabi/4.9.3/armv7-m/crtend.o
 .ARM.attributes
                0x000007bb       0x1d c:/program files (x86)/cypress/psoc creator/3.3/psoc creator/import/gnu/arm/4.9.3/bin/../lib/gcc/arm-none-eabi/4.9.3/armv7-m/crtn.o

/DISCARD/
 *(.note.GNU-stack)
OUTPUT(.\CortexM3\ARM_GCC_493\Debug\TASBot.elf elf32-littlearm)
